<html>
<body>
<pre>
<h1>µVision Build Log</h1>
<h2>Tool Versions:</h2>
IDE-Version: ¦ÌVision V5.37.0.0
Copyright (C) 2022 ARM Ltd and ARM Germany GmbH. All rights reserved.
License Information: 1077070083@qq.com 1077070083@qq.com, 444, LIC=Z3C6R-KG8LF-BX5UY-IWT4H-WTZ54-UR3S1
 
Tool Versions:
Toolchain:       MDK-ARM Professional  Version: 5.37.0.0
Toolchain Path:  D:\keil\Core\ARM\ARMCC\Bin
C Compiler:      Armcc.exe V5.06 update 6 (build 750)
Assembler:       Armasm.exe V5.06 update 6 (build 750)
Linker/Locator:  ArmLink.exe V5.06 update 6 (build 750)
Library Manager: ArmAr.exe V5.06 update 6 (build 750)
Hex Converter:   FromElf.exe V5.06 update 6 (build 750)
CPU DLL:         SARMCM3.DLL V5.37.0.0
Dialog DLL:      DCM.DLL V1.17.5.0
Target DLL:      STLink\ST-LINKIII-KEIL_SWO.dll V3.0.9.0
Dialog DLL:      TCM.DLL V1.56.1.0
 
<h2>Project:</h2>
G:\step_motor\MDK-ARM\step_motor.uvprojx
Project File Date:  11/05/2024

<h2>Output:</h2>
*** Using Compiler 'V5.06 update 6 (build 750)', folder: 'D:\keil\Core\ARM\ARMCC\Bin'
Rebuild target 'step_motor'
assembling startup_stm32f103xe.s...
compiling stepper_motor.c...
stepper_motor.h(21): warning:  #1-D: last line of file ends without a newline
  #endif // STEPPER_MOTOR_H
stepper_motor.c(41): warning:  #1-D: last line of file ends without a newline
  }
stepper_motor.c: 2 warnings, 0 errors
compiling stm32f1xx_it.c...
compiling stm32f1xx_hal_gpio_ex.c...
compiling gpio.c...
compiling stm32f1xx_hal_uart.c...
compiling stm32f1xx_hal_tim_ex.c...
compiling stm32f1xx_hal_tim.c...
compiling stm32f1xx_hal.c...
compiling stm32f1xx_hal_msp.c...
compiling main.c...
..\MDK-ARM\stepper_motor.h(21): warning:  #1-D: last line of file ends without a newline
  #endif // STEPPER_MOTOR_H
../Core/Src/main.c: 1 warning, 0 errors
compiling usart.c...
compiling stm32f1xx_hal_rcc_ex.c...
compiling stm32f1xx_hal_cortex.c...
compiling stm32f1xx_hal_rcc.c...
compiling stm32f1xx_hal_pwr.c...
compiling system_stm32f1xx.c...
compiling stm32f1xx_hal_exti.c...
compiling stm32f1xx_hal_flash_ex.c...
compiling stm32f1xx_hal_dma.c...
compiling stm32f1xx_hal_gpio.c...
compiling stm32f1xx_hal_flash.c...
linking...
Program Size: Code=3844 RO-data=380 RW-data=24 ZI-data=1704  
FromELF: creating hex file...
"step_motor\step_motor.axf" - 0 Error(s), 3 Warning(s).

<h2>Software Packages used:</h2>

Package Vendor: ARM
                http://www.keil.com/pack/ARM.CMSIS.5.9.0.pack
                ARM.CMSIS.5.9.0
                CMSIS (Common Microcontroller Software Interface Standard)
   * Component: CORE Version: 5.6.0

Package Vendor: Keil
                http://www.keil.com/pack/Keil.STM32F1xx_DFP.2.4.0.pack
                Keil.STM32F1xx_DFP.2.4.0
                STMicroelectronics STM32F1 Series Device Support, Drivers and Examples

<h2>Collection of Component include folders:</h2>
  ./RTE/_step_motor
  D:/keil/Pack/ARM/CMSIS/5.9.0/CMSIS/Core/Include
  D:/keil/Pack/Keil/STM32F1xx_DFP/2.4.0/Device/Include

<h2>Collection of Component Files used:</h2>

   * Component: ARM::CMSIS:CORE:5.6.0
      Include file:  CMSIS/Core/Include/tz_context.h
Build Time Elapsed:  00:00:12
</pre>
</body>
</html>
