<html>
<body>
<pre>
<h1>礦ision Build Log</h1>
<h2>Tool Versions:</h2>
IDE-Version: μVision V5.37.0.0
Copyright (C) 2022 ARM Ltd and ARM Germany GmbH. All rights reserved.
License Information: 858 8585, 875, LIC=QF82M-XB4J5-LQI0Q-NRTC6-BIKF0-145NV
 
Tool Versions:
Toolchain:       MDK-ARM Plus  Version: 5.37.0.0
Toolchain Path:  D:\keil\Core\ARM\ARMCC\Bin
C Compiler:      Armcc.exe V5.06 update 7 (build 960)
Assembler:       Armasm.exe V5.06 update 7 (build 960)
Linker/Locator:  ArmLink.exe V5.06 update 7 (build 960)
Library Manager: ArmAr.exe V5.06 update 7 (build 960)
Hex Converter:   FromElf.exe V5.06 update 7 (build 960)
CPU DLL:         SARMCM3.DLL V5.37.0.0
Dialog DLL:      DCM.DLL V1.17.5.0
Target DLL:      STLink\ST-LINKIII-KEIL_SWO.dll V3.0.9.0
Dialog DLL:      TCM.DLL V1.56.1.0
 
<h2>Project:</h2>
C:\Users\Robomaster\Desktop\TEF\tef\TEF_Engineer_Roboter\TEF_Engineer_Roboter\Engineer_Robot_keymouse\MDK-ARM\Engineer_Robot.uvprojx
Project File Date:  03/30/2025

<h2>Output:</h2>
*** Using Compiler 'V5.06 update 7 (build 960)', folder: 'D:\keil\Core\ARM\ARMCC\Bin'
Rebuild target 'Engineer_Robot'
assembling startup_stm32f427xx.s...
compiling gpio.c...
compiling stm32f4xx_hal_msp.c...
compiling dma.c...
compiling usart.c...
compiling stm32f4xx_hal_can.c...
compiling can.c...
compiling tim.c...
compiling stm32f4xx_it.c...
../MDK-ARM/judge_task.h(12): warning:  #1-D: last line of file ends without a newline
  extern uint8_t rx_data[1];
../Core/Src/stm32f4xx_it.c: 1 warning, 0 errors
compiling main.c...
../MDK-ARM/judge_task.h(12): warning:  #1-D: last line of file ends without a newline
  extern uint8_t rx_data[1];
../Core/Src/main.c: 1 warning, 0 errors
compiling stm32f4xx_hal_rcc.c...
compiling freertos.c...
../MDK-ARM/judge_task.h(12): warning:  #1-D: last line of file ends without a newline
  extern uint8_t rx_data[1];
../App/Vacuum_suction_task.h(6): warning:  #1-D: last line of file ends without a newline
  void Vacuum_task(void const *pvParameters);
../MDK-ARM/judge_task.h(12): warning:  #1-D: last line of file ends without a newline
  extern uint8_t rx_data[1];
../Core/Src/freertos.c: 3 warnings, 0 errors
compiling stm32f4xx_hal_dma.c...
compiling stm32f4xx_hal_pwr.c...
compiling stm32f4xx_hal_flash_ex.c...
compiling stm32f4xx_hal_flash_ramfunc.c...
compiling stm32f4xx_hal_flash.c...
compiling stm32f4xx_hal_cortex.c...
compiling stm32f4xx_hal.c...
compiling stm32f4xx_hal_dma_ex.c...
compiling stm32f4xx_hal_pwr_ex.c...
compiling stm32f4xx_hal_gpio.c...
compiling stm32f4xx_hal_rcc_ex.c...
compiling bsp_can.c...
compiling bsp_rc.c...
compiling bsp_m15_motor.c...
compiling stm32f4xx_hal_exti.c...
compiling bsp_usart.c...
compiling stm32f4xx_hal_uart.c...
compiling servo.c...
..\Bsp\servo.h(16): warning:  #1-D: last line of file ends without a newline
  #endif
..\Bsp\servo.c(25): warning:  #1-D: last line of file ends without a newline
  }
..\Bsp\servo.c: 2 warnings, 0 errors
compiling user_lib.c...
compiling system_stm32f4xx.c...
compiling stm32f4xx_hal_tim_ex.c...
compiling stm32f4xx_hal_tim.c...
compiling croutine.c...
compiling event_groups.c...
compiling list.c...
compiling queue.c...
compiling 3508_angle.c...
..\Bsp\3508_angle.h(83): warning:  #1-D: last line of file ends without a newline
  #endif
../MDK-ARM/judge_task.h(12): warning:  #1-D: last line of file ends without a newline
  extern uint8_t rx_data[1];
..\Bsp\3508_angle.c(158): warning:  #550-D: variable "last_joystick_value_J1"  was set but never used
      static int16_t last_joystick_value_J1 = 0;  // 保存上一次的摇杆值
..\Bsp\3508_angle.c(161): warning:  #550-D: variable "last_joystick_value_J2"  was set but never used
  	  static int16_t last_joystick_value_J2 = 0;  // 保存上一次的摇杆值
..\Bsp\3508_angle.c(320): warning:  #111-D: statement is unreachable
  	  return ctrl_J2.current_angle;
..\Bsp\3508_angle.c(321): warning:  #1-D: last line of file ends without a newline
  }
..\Bsp\3508_angle.c: 6 warnings, 0 errors
compiling stream_buffer.c...
compiling timers.c...
compiling tasks.c...
compiling heap_4.c...
compiling cmsis_os.c...
compiling port.c...
compiling can_receive.c...
compiling unitree_A1.c...
..\App\unitree_A1.c(24): warning:  #61-D: integer operation result is out of range
          xbit = 1 << 31;
..\App\unitree_A1.c(24): warning:  #68-D: integer conversion resulted in a change of sign
          xbit = 1 << 31;
..\App\unitree_A1.c(122): warning:  #1035-D: single-precision operand implicitly converted to double-precision
          MotorA1_recv.Pos= (float) (MotorA1_recv.motor_recv_data.Pos / (16384.0f/2/PI));      
..\App\unitree_A1.c: 3 warnings, 0 errors
compiling pid.c...
compiling remote_control.c...
../MDK-ARM/judge_task.h(12): warning:  #1-D: last line of file ends without a newline
  extern uint8_t rx_data[1];
../MDK-ARM/judge_task.h(12): warning:  #1-D: last line of file ends without a newline
  extern uint8_t rx_data[1];
..\App\remote_control.c: 2 warnings, 0 errors
compiling chassis_behaviour.c...
../MDK-ARM/judge_task.h(12): warning:  #1-D: last line of file ends without a newline
  extern uint8_t rx_data[1];
..\App\chassis_behaviour.c: 1 warning, 0 errors
compiling judge_task.c...
../MDK-ARM/judge_task.h(12): warning:  #1-D: last line of file ends without a newline
  extern uint8_t rx_data[1];
../MDK-ARM/judge_task.h(12): warning:  #1-D: last line of file ends without a newline
  extern uint8_t rx_data[1];
..\App\judge_task.c: 2 warnings, 0 errors
compiling chassis_task.c...
../MDK-ARM/judge_task.h(12): warning:  #1-D: last line of file ends without a newline
  extern uint8_t rx_data[1];
..\App\chassis_task.c(362): warning:  #1-D: last line of file ends without a newline
  		
..\App\chassis_task.c: 2 warnings, 0 errors
compiling judge.c...
../MDK-ARM/judge_task.h(12): warning:  #1-D: last line of file ends without a newline
  extern uint8_t rx_data[1];
..\App\judge.c: 1 warning, 0 errors
compiling Vacuum_suction_task.c...
../MDK-ARM/judge_task.h(12): warning:  #1-D: last line of file ends without a newline
  extern uint8_t rx_data[1];
..\App\Vacuum_suction_task.h(6): warning:  #1-D: last line of file ends without a newline
  void Vacuum_task(void const *pvParameters);
../Bsp/servo.h(16): warning:  #1-D: last line of file ends without a newline
  #endif
..\App\Vacuum_suction_task.c: 3 warnings, 0 errors
compiling gimbal_task.c...
../MDK-ARM/judge_task.h(12): warning:  #1-D: last line of file ends without a newline
  extern uint8_t rx_data[1];
../Bsp/3508_angle.h(83): warning:  #1-D: last line of file ends without a newline
  #endif
..\App\gimbal_task.c(195): warning:  #177-D: function "M15_Set"  was declared but never referenced
  static void M15_Set(void)
..\App\gimbal_task.c(33): warning:  #177-D: variable "angle"  was declared but never referenced
  static float angle;
..\App\gimbal_task.c: 4 warnings, 0 errors
compiling TwoDOF_ArmIK.c...
../MDK-ARM/judge_task.h(12): warning:  #1-D: last line of file ends without a newline
  extern uint8_t rx_data[1];
../Bsp/3508_angle.h(83): warning:  #1-D: last line of file ends without a newline
  #endif
..\Controller\TwoDOF_ArmIK.c(131): warning:  #1-D: last line of file ends without a newline
  }
..\Controller\TwoDOF_ArmIK.c(76): warning:  #550-D: variable "last_x_value"  was set but never used
      static int16_t last_x_value = 0;  // 保存上一次的摇杆值
..\Controller\TwoDOF_ArmIK.c(79): warning:  #550-D: variable "last_y_value"  was set but never used
      static int16_t last_y_value = 0;  // 保存上一次的摇杆值
..\Controller\TwoDOF_ArmIK.c: 5 warnings, 0 errors
compiling fifo.c...
compiling mem_mang4.c...
linking...
Program Size: Code=21784 RO-data=1536 RW-data=236 ZI-data=20308  
FromELF: creating hex file...
"Engineer_Robot\Engineer_Robot.axf" - 0 Error(s), 36 Warning(s).

<h2>Software Packages used:</h2>

Package Vendor: ARM
                http://www.keil.com/pack/ARM.CMSIS.5.9.0.pack
                ARM.CMSIS.5.9.0
                CMSIS (Common Microcontroller Software Interface Standard)
   * Component: CORE Version: 5.6.0

Package Vendor: Keil
                http://www.keil.com/pack/Keil.STM32F4xx_DFP.2.15.0.pack
                Keil.STM32F4xx_DFP.2.15.0
                STMicroelectronics STM32F4 Series Device Support, Drivers and Examples

<h2>Collection of Component include folders:</h2>
  ./RTE/_Engineer_Robot
  D:/keil/Pack/ARM/CMSIS/5.9.0/CMSIS/Core/Include
  D:/keil/Pack/Keil/STM32F4xx_DFP/2.15.0/Drivers/CMSIS/Device/ST/STM32F4xx/Include

<h2>Collection of Component Files used:</h2>

   * Component: ARM::CMSIS:CORE:5.6.0
      Include file:  CMSIS/Core/Include/tz_context.h
Build Time Elapsed:  00:00:29
</pre>
</body>
</html>
