Component: ARM Compiler 5.06 update 6 (build 750) Tool: armlink [4d35ed]

==============================================================================

Section Cross References

    startup_stm32f427xx.o(RESET) refers to startup_stm32f427xx.o(STACK) for __initial_sp
    startup_stm32f427xx.o(RESET) refers to startup_stm32f427xx.o(.text) for Reset_Handler
    startup_stm32f427xx.o(RESET) refers to stm32f4xx_it.o(i.NMI_Handler) for NMI_Handler
    startup_stm32f427xx.o(RESET) refers to stm32f4xx_it.o(i.HardFault_Handler) for HardFault_Handler
    startup_stm32f427xx.o(RESET) refers to stm32f4xx_it.o(i.MemManage_Handler) for MemManage_Handler
    startup_stm32f427xx.o(RESET) refers to stm32f4xx_it.o(i.BusFault_Handler) for BusFault_Handler
    startup_stm32f427xx.o(RESET) refers to stm32f4xx_it.o(i.UsageFault_Handler) for UsageFault_Handler
    startup_stm32f427xx.o(RESET) refers to port.o(.emb_text) for SVC_Handler
    startup_stm32f427xx.o(RESET) refers to stm32f4xx_it.o(i.DebugMon_Handler) for DebugMon_Handler
    startup_stm32f427xx.o(RESET) refers to stm32f4xx_it.o(i.SysTick_Handler) for SysTick_Handler
    startup_stm32f427xx.o(RESET) refers to stm32f4xx_it.o(i.DMA1_Stream1_IRQHandler) for DMA1_Stream1_IRQHandler
    startup_stm32f427xx.o(RESET) refers to stm32f4xx_it.o(i.DMA1_Stream3_IRQHandler) for DMA1_Stream3_IRQHandler
    startup_stm32f427xx.o(RESET) refers to stm32f4xx_it.o(i.DMA1_Stream6_IRQHandler) for DMA1_Stream6_IRQHandler
    startup_stm32f427xx.o(RESET) refers to stm32f4xx_it.o(i.CAN1_TX_IRQHandler) for CAN1_TX_IRQHandler
    startup_stm32f427xx.o(RESET) refers to stm32f4xx_it.o(i.CAN1_RX0_IRQHandler) for CAN1_RX0_IRQHandler
    startup_stm32f427xx.o(RESET) refers to stm32f4xx_it.o(i.USART1_IRQHandler) for USART1_IRQHandler
    startup_stm32f427xx.o(RESET) refers to stm32f4xx_it.o(i.USART2_IRQHandler) for USART2_IRQHandler
    startup_stm32f427xx.o(RESET) refers to stm32f4xx_it.o(i.USART3_IRQHandler) for USART3_IRQHandler
    startup_stm32f427xx.o(RESET) refers to stm32f4xx_it.o(i.DMA2_Stream1_IRQHandler) for DMA2_Stream1_IRQHandler
    startup_stm32f427xx.o(RESET) refers to stm32f4xx_it.o(i.DMA2_Stream2_IRQHandler) for DMA2_Stream2_IRQHandler
    startup_stm32f427xx.o(RESET) refers to stm32f4xx_it.o(i.CAN2_TX_IRQHandler) for CAN2_TX_IRQHandler
    startup_stm32f427xx.o(RESET) refers to stm32f4xx_it.o(i.CAN2_RX0_IRQHandler) for CAN2_RX0_IRQHandler
    startup_stm32f427xx.o(RESET) refers to stm32f4xx_it.o(i.DMA2_Stream6_IRQHandler) for DMA2_Stream6_IRQHandler
    startup_stm32f427xx.o(RESET) refers to stm32f4xx_it.o(i.USART6_IRQHandler) for USART6_IRQHandler
    startup_stm32f427xx.o(RESET) refers to stm32f4xx_it.o(i.UART7_IRQHandler) for UART7_IRQHandler
    startup_stm32f427xx.o(.text) refers to system_stm32f4xx.o(i.SystemInit) for SystemInit
    startup_stm32f427xx.o(.text) refers to entry.o(.ARM.Collect$$$$00000000) for __main
    main.o(i.SystemClock_Config) refers to memseta.o(.text) for __aeabi_memclr4
    main.o(i.SystemClock_Config) refers to stm32f4xx_hal_rcc.o(i.HAL_RCC_OscConfig) for HAL_RCC_OscConfig
    main.o(i.SystemClock_Config) refers to stm32f4xx_hal_rcc.o(i.HAL_RCC_ClockConfig) for HAL_RCC_ClockConfig
    main.o(i.main) refers to stm32f4xx_hal.o(i.HAL_Init) for HAL_Init
    main.o(i.main) refers to main.o(i.SystemClock_Config) for SystemClock_Config
    main.o(i.main) refers to gpio.o(i.MX_GPIO_Init) for MX_GPIO_Init
    main.o(i.main) refers to dma.o(i.MX_DMA_Init) for MX_DMA_Init
    main.o(i.main) refers to usart.o(i.MX_USART1_UART_Init) for MX_USART1_UART_Init
    main.o(i.main) refers to usart.o(i.MX_USART6_UART_Init) for MX_USART6_UART_Init
    main.o(i.main) refers to can.o(i.MX_CAN1_Init) for MX_CAN1_Init
    main.o(i.main) refers to can.o(i.MX_CAN2_Init) for MX_CAN2_Init
    main.o(i.main) refers to usart.o(i.MX_USART2_UART_Init) for MX_USART2_UART_Init
    main.o(i.main) refers to usart.o(i.MX_UART7_Init) for MX_UART7_Init
    main.o(i.main) refers to usart.o(i.MX_USART3_UART_Init) for MX_USART3_UART_Init
    main.o(i.main) refers to tim.o(i.MX_TIM2_Init) for MX_TIM2_Init
    main.o(i.main) refers to bsp_can.o(i.can_filter_init) for can_filter_init
    main.o(i.main) refers to remote_control.o(i.remote_control_init) for remote_control_init
    main.o(i.main) refers to remote_control.o(i.get_remote_control_point) for get_remote_control_point
    main.o(i.main) refers to freertos.o(i.MX_FREERTOS_Init) for MX_FREERTOS_Init
    main.o(i.main) refers to cmsis_os.o(i.osKernelStart) for osKernelStart
    main.o(i.main) refers to main.o(.data) for .data
    gpio.o(i.MX_GPIO_Init) refers to memseta.o(.text) for __aeabi_memclr4
    gpio.o(i.MX_GPIO_Init) refers to stm32f4xx_hal_gpio.o(i.HAL_GPIO_WritePin) for HAL_GPIO_WritePin
    gpio.o(i.MX_GPIO_Init) refers to stm32f4xx_hal_gpio.o(i.HAL_GPIO_Init) for HAL_GPIO_Init
    freertos.o(i.MX_FREERTOS_Init) refers to memcpya.o(.text) for __aeabi_memcpy4
[...]
    i.chassis_rc_to_control_vector           0x08004104   Section        0  chassis_task.o(i.chassis_rc_to_control_vector)
    i.chassis_set_contorl                    0x080041c4   Section        0  chassis_task.o(i.chassis_set_contorl)
    chassis_set_contorl                      0x080041c5   Thumb Code   138  chassis_task.o(i.chassis_set_contorl)
    i.chassis_task                           0x08004254   Section        0  chassis_task.o(i.chassis_task)
    i.first_order_filter_cali                0x080042dc   Section        0  user_lib.o(i.first_order_filter_cali)
    i.first_order_filter_init                0x0800432a   Section        0  user_lib.o(i.first_order_filter_init)
    i.fp32_constrain                         0x0800433c   Section        0  user_lib.o(i.fp32_constrain)
    i.fputc                                  0x0800435c   Section        0  remote_control.o(i.fputc)
    i.get_chassis_motor_measure_point        0x08004378   Section        0  can_receive.o(i.get_chassis_motor_measure_point)
    i.get_d2006_motor_measure_point          0x080043a4   Section        0  can_receive.o(i.get_d2006_motor_measure_point)
    i.get_j1_gimbal_motor_measure_point      0x080043ac   Section        0  can_receive.o(i.get_j1_gimbal_motor_measure_point)
    i.get_j2_gimbal_motor_measure_point      0x080043b4   Section        0  can_receive.o(i.get_j2_gimbal_motor_measure_point)
    i.get_l2006_motor_measure_point          0x080043bc   Section        0  can_receive.o(i.get_l2006_motor_measure_point)
    i.get_r2006_motor_measure_point          0x080043c4   Section        0  can_receive.o(i.get_r2006_motor_measure_point)
    i.get_remote_control_point               0x080043cc   Section        0  remote_control.o(i.get_remote_control_point)
    i.get_s2006_motor_measure_point          0x080043d4   Section        0  can_receive.o(i.get_s2006_motor_measure_point)
    i.gimbal_control_loop                    0x080043dc   Section        0  gimbal_task.o(i.gimbal_control_loop)
    gimbal_control_loop                      0x080043dd   Thumb Code   198  gimbal_task.o(i.gimbal_control_loop)
    i.gimbal_feedback_update                 0x080044a4   Section        0  gimbal_task.o(i.gimbal_feedback_update)
    gimbal_feedback_update                   0x080044a5   Thumb Code   190  gimbal_task.o(i.gimbal_feedback_update)
    i.gimbal_init                            0x08004568   Section        0  gimbal_task.o(i.gimbal_init)
    gimbal_init                              0x08004569   Thumb Code   214  gimbal_task.o(i.gimbal_init)
    i.gimbal_set_control                     0x0800464c   Section        0  gimbal_task.o(i.gimbal_set_control)
    gimbal_set_control                       0x0800464d   Thumb Code   304  gimbal_task.o(i.gimbal_set_control)
    i.gimbal_task                            0x080047a8   Section        0  gimbal_task.o(i.gimbal_task)
    i.judge_task                             0x0800484c   Section        0  judge_task.o(i.judge_task)
    i.main                                   0x08004874   Section        0  main.o(i.main)
    i.makeFreeRtosPriority                   0x080048c4   Section        0  cmsis_os.o(i.makeFreeRtosPriority)
    makeFreeRtosPriority                     0x080048c5   Thumb Code    12  cmsis_os.o(i.makeFreeRtosPriority)
    i.osDelay                                0x080048d0   Section        0  cmsis_os.o(i.osDelay)
    i.osKernelStart                          0x080048de   Section        0  cmsis_os.o(i.osKernelStart)
    i.osThreadCreate                         0x080048e8   Section        0  cmsis_os.o(i.osThreadCreate)
    i.prvAddCurrentTaskToDelayedList         0x0800493c   Section        0  tasks.o(i.prvAddCurrentTaskToDelayedList)
    prvAddCurrentTaskToDelayedList           0x0800493d   Thumb Code   102  tasks.o(i.prvAddCurrentTaskToDelayedList)
    i.prvAddNewTaskToReadyList               0x080049ac   Section        0  tasks.o(i.prvAddNewTaskToReadyList)
    prvAddNewTaskToReadyList                 0x080049ad   Thumb Code   194  tasks.o(i.prvAddNewTaskToReadyList)
    i.prvDeleteTCB                           0x08004a7c   Section        0  tasks.o(i.prvDeleteTCB)
    prvDeleteTCB                             0x08004a7d   Thumb Code    52  tasks.o(i.prvDeleteTCB)
    i.prvHeapInit                            0x08004ab0   Section        0  heap_4.o(i.prvHeapInit)
    prvHeapInit                              0x08004ab1   Thumb Code    66  heap_4.o(i.prvHeapInit)
    i.prvIdleTask                            0x08004afc   Section        0  tasks.o(i.prvIdleTask)
    prvIdleTask                              0x08004afd   Thumb Code    80  tasks.o(i.prvIdleTask)
    i.prvInitialiseNewTask                   0x08004b58   Section        0  tasks.o(i.prvInitialiseNewTask)
    prvInitialiseNewTask                     0x08004b59   Thumb Code   152  tasks.o(i.prvInitialiseNewTask)
    i.prvInsertBlockIntoFreeList             0x08004bf0   Section        0  heap_4.o(i.prvInsertBlockIntoFreeList)
    prvInsertBlockIntoFreeList               0x08004bf1   Thumb Code    72  heap_4.o(i.prvInsertBlockIntoFreeList)
    i.prvResetNextTaskUnblockTime            0x08004c3c   Section        0  tasks.o(i.prvResetNextTaskUnblockTime)
    prvResetNextTaskUnblockTime              0x08004c3d   Thumb Code    26  tasks.o(i.prvResetNextTaskUnblockTime)
    i.prvTaskExitError                       0x08004c5c   Section        0  port.o(i.prvTaskExitError)
    prvTaskExitError                         0x08004c5d   Thumb Code    36  port.o(i.prvTaskExitError)
    i.pvPortMalloc                           0x08004c84   Section        0  heap_4.o(i.pvPortMalloc)
    i.pxPortInitialiseStack                  0x08004d60   Section        0  port.o(i.pxPortInitialiseStack)
    i.remote_control_init                    0x08004d8c   Section        0  remote_control.o(i.remote_control_init)
    i.sbus_to_rc                             0x08004d9c   Section        0  remote_control.o(i.sbus_to_rc)
    sbus_to_rc                               0x08004d9d   Thumb Code   424  remote_control.o(i.sbus_to_rc)
    i.uxListRemove                           0x08004f44   Section        0  list.o(i.uxListRemove)
    i.vApplicationGetIdleTaskMemory          0x08004f6c   Section        0  freertos.o(i.vApplicationGetIdleTaskMemory)
    i.vListInitialise                        0x08004f80   Section        0  list.o(i.vListInitialise)
    i.vListInitialiseItem                    0x08004f96   Section        0  list.o(i.vListInitialiseItem)
    i.vListInsert                            0x08004f9c   Section        0  list.o(i.vListInsert)
    i.vListInsertEnd                         0x08004fcc   Section        0  list.o(i.vListInsertEnd)
    i.vPortEnterCritical                     0x08004fe4   Section        0  port.o(i.vPortEnterCritical)
    i.vPortExitCritical                      0x08005024   Section        0  port.o(i.vPortExitCritical)
    i.vPortFree                              0x0800504c   Section        0  heap_4.o(i.vPortFree)
    i.vPortSetupTimerInterrupt               0x080050b0   Section        0  port.o(i.vPortSetupTimerInterrupt)
    i.vTaskDelay                             0x080050d4   Section        0  tasks.o(i.vTaskDelay)
    i.vTaskStartScheduler                    0x08005120   Section        0  tasks.o(i.vTaskStartScheduler)
    i.vTaskSuspendAll                        0x0800518c   Section        0  tasks.o(i.vTaskSuspendAll)
    i.vTaskSwitchContext                     0x0800519c   Section        0  tasks.o(i.vTaskSwitchContext)
    i.xPortStartScheduler                    0x080051f8   Section        0  port.o(i.xPortStartScheduler)
    i.xPortSysTickHandler                    0x080052ec   Section        0  port.o(i.xPortSysTickHandler)
    i.xTaskCreate                            0x08005318   Section        0  tasks.o(i.xTaskCreate)
    i.xTaskCreateStatic                      0x08005372   Section        0  tasks.o(i.xTaskCreateStatic)
    i.xTaskGetSchedulerState                 0x080053cc   Section        0  tasks.o(i.xTaskGetSchedulerState)
    i.xTaskIncrementTick                     0x080053e8   Section        0  tasks.o(i.xTaskIncrementTick)
    i.xTaskResumeAll                         0x080054b4   Section        0  tasks.o(i.xTaskResumeAll)
    .constdata                               0x08005578   Section      140  freertos.o(.constdata)
    .constdata                               0x08005604   Section        8  stm32f4xx_hal_dma.o(.constdata)
    flagBitshiftOffset                       0x08005604   Data           8  stm32f4xx_hal_dma.o(.constdata)
    .constdata                               0x0800560c   Section       16  system_stm32f4xx.o(.constdata)
    .constdata                               0x0800561c   Section        8  system_stm32f4xx.o(.constdata)
    .constdata                               0x08005624   Section       20  chassis_task.o(.constdata)
    chassis_x_order_filter                   0x08005624   Data           4  chassis_task.o(.constdata)
    chassis_y_order_filter                   0x08005628   Data           4  chassis_task.o(.constdata)
    motor_speed_pid                          0x0800562c   Data          12  chassis_task.o(.constdata)
    .constdata                               0x08005638   Section       72  gimbal_task.o(.constdata)
    l2006_speed_pid                          0x08005638   Data          12  gimbal_task.o(.constdata)
    r2006_speed_pid                          0x08005644   Data          12  gimbal_task.o(.constdata)
    d2006_speed_pid                          0x08005650   Data          12  gimbal_task.o(.constdata)
    s2006_speed_pid                          0x0800565c   Data          12  gimbal_task.o(.constdata)
    j1_speed_pid                             0x08005668   Data          12  gimbal_task.o(.constdata)
    j2_speed_pid                             0x08005674   Data          12  gimbal_task.o(.constdata)
    .constdata                               0x08005680   Section      768  judge.o(.constdata)
    .conststring                             0x08005980   Section       60  freertos.o(.conststring)
    .data                                    0x20000000   Section        4  main.o(.data)
    .data                                    0x20000004   Section       20  freertos.o(.data)
    .data                                    0x20000018   Section        4  can.o(.data)
    HAL_RCC_CAN1_CLK_ENABLED                 0x20000018   Data           4  can.o(.data)
    .data                                    0x2000001c   Section        2  stm32f4xx_it.o(.data)
    this_time_rx_len                         0x2000001c   Data           2  stm32f4xx_it.o(.data)
    .data                                    0x20000020   Section       12  stm32f4xx_hal.o(.data)
    .data                                    0x2000002c   Section        4  system_stm32f4xx.o(.data)
    .data                                    0x20000030   Section       24  can_receive.o(.data)
    gimbal_can_send_data                     0x20000038   Data           8  can_receive.o(.data)
    chassis_can_send_data                    0x20000040   Data           8  can_receive.o(.data)
    .data                                    0x20000048   Section        2  remote_control.o(.data)
    this_time_rx_len                         0x20000048   Data           2  remote_control.o(.data)
    .data                                    0x2000004a   Section        1  chassis_behaviour.o(.data)
    .data                                    0x2000004c   Section        8  vacuum_suction_task.o(.data)
    .data                                    0x20000054   Section       41  judge.o(.data)
    .data                                    0x20000080   Section       60  tasks.o(.data)
    uxDeletedTasksWaitingCleanUp             0x20000084   Data           4  tasks.o(.data)
    uxCurrentNumberOfTasks                   0x20000088   Data           4  tasks.o(.data)
    xTickCount                               0x2000008c   Data           4  tasks.o(.data)
    uxTopReadyPriority                       0x20000090   Data           4  tasks.o(.data)
    xSchedulerRunning                        0x20000094   Data           4  tasks.o(.data)
    xPendedTicks                             0x20000098   Data           4  tasks.o(.data)
    xYieldPending                            0x2000009c   Data           4  tasks.o(.data)
    xNumOfOverflows                          0x200000a0   Data           4  tasks.o(.data)
    uxTaskNumber                             0x200000a4   Data           4  tasks.o(.data)
    xNextTaskUnblockTime                     0x200000a8   Data           4  tasks.o(.data)
    xIdleTaskHandle                          0x200000ac   Data           4  tasks.o(.data)
    uxSchedulerSuspended                     0x200000b0   Data           4  tasks.o(.data)
    pxDelayedTaskList                        0x200000b4   Data           4  tasks.o(.data)
    pxOverflowDelayedTaskList                0x200000b8   Data           4  tasks.o(.data)
    .data                                    0x200000bc   Section       32  heap_4.o(.data)
    pxEnd                                    0x200000bc   Data           4  heap_4.o(.data)
    xFreeBytesRemaining                      0x200000c0   Data           4  heap_4.o(.data)
    xMinimumEverFreeBytesRemaining           0x200000c4   Data           4  heap_4.o(.data)
    xNumberOfSuccessfulAllocations           0x200000c8   Data           4  heap_4.o(.data)
    xNumberOfSuccessfulFrees                 0x200000cc   Data           4  heap_4.o(.data)
    xBlockAllocatedBit                       0x200000d0   Data           4  heap_4.o(.data)
    xStart                                   0x200000d4   Data           8  heap_4.o(.data)
    .data                                    0x200000dc   Section       12  port.o(.data)
    ucMaxSysCallPriority                     0x200000dc   Data           1  port.o(.data)
    uxCriticalNesting                        0x200000e0   Data           4  port.o(.data)
    ulMaxPRIGROUPValue                       0x200000e4   Data           4  port.o(.data)
    .data                                    0x200000e8   Section        4  stdout.o(.data)
    .bss                                     0x200000ec   Section      596  freertos.o(.bss)
    xIdleTaskTCBBuffer                       0x200000ec   Data          84  freertos.o(.bss)
    xIdleStack                               0x20000140   Data         512  freertos.o(.bss)
    .bss                                     0x20000340   Section       80  can.o(.bss)
    .bss                                     0x20000390   Section       72  tim.o(.bss)
    .bss                                     0x200003d8   Section      936  usart.o(.bss)
    .bss                                     0x20000780   Section      148  can_receive.o(.bss)
    gimbal_tx_message                        0x200007e4   Data          24  can_receive.o(.bss)
    chassis_tx_message                       0x200007fc   Data          24  can_receive.o(.bss)
    .bss                                     0x20000814   Section      524  chassis_task.o(.bss)
    .bss                                     0x20000a20   Section      684  gimbal_task.o(.bss)
    .bss                                     0x20000ccc   Section      146  remote_control.o(.bss)
    sbus_rx_buf                              0x20000cfa   Data         100  remote_control.o(.bss)
    .bss                                     0x20000d5e   Section      200  judge.o(.bss)
    .bss                                     0x20000e26   Section       94  judge.o(.bss)
    .bss                                     0x20000e84   Section      200  judge.o(.bss)
    .bss                                     0x20000f4c   Section      240  tasks.o(.bss)
    pxReadyTasksLists                        0x20000f4c   Data         140  tasks.o(.bss)
    xDelayedTaskList1                        0x20000fd8   Data          20  tasks.o(.bss)
    xDelayedTaskList2                        0x20000fec   Data          20  tasks.o(.bss)
    xPendingReadyList                        0x20001000   Data          20  tasks.o(.bss)
    xTasksWaitingTermination                 0x20001014   Data          20  tasks.o(.bss)
    xSuspendedTaskList                       0x20001028   Data          20  tasks.o(.bss)
    .bss                                     0x2000103c   Section    15360  heap_4.o(.bss)
    ucHeap                                   0x2000103c   Data       15360  heap_4.o(.bss)
    STACK                                    0x20004c40   Section     1024  startup_stm32f427xx.o(STACK)

    Global Symbols

    Symbol Name                              Value     Ov Type        Size  Object(Section)

    BuildAttributes$$THM_ISAv4$E$P$D$K$B$S$7EM$VFPi3$EXTD16$VFPS$VFMA$PE$A:L22UL41UL21$X:L11$S22US41US21$IEEE1$IW$USESV6$~STKCKD$USESV7$~SHL$OTIME$ROPI$IEEEX$EBA8$MICROLIB$REQ8$PRES8$EABIv2 0x00000000   Number         0  anon$$obj.o ABSOLUTE
    __ARM_use_no_argv                        0x00000000   Number         0  main.o ABSOLUTE
    __cpp_initialize__aeabi_                  - Undefined Weak Reference
    __cxa_finalize                            - Undefined Weak Reference
    __decompress                              - Undefined Weak Reference
    _clock_init                               - Undefined Weak Reference
    _microlib_exit                            - Undefined Weak Reference
    __Vectors_Size                           0x000001ac   Number         0  startup_stm32f427xx.o ABSOLUTE
    __Vectors                                0x08000000   Data           4  startup_stm32f427xx.o(RESET)
    __Vectors_End                            0x080001ac   Data           0  startup_stm32f427xx.o(RESET)
    __main                                   0x080001ad   Thumb Code     0  entry.o(.ARM.Collect$$$$00000000)
    _main_stk                                0x080001ad   Thumb Code     0  entry2.o(.ARM.Collect$$$$00000001)
    _main_scatterload                        0x080001b1   Thumb Code     0  entry5.o(.ARM.Collect$$$$00000004)
    __main_after_scatterload                 0x080001b5   Thumb Code     0  entry5.o(.ARM.Collect$$$$00000004)
    _main_clock                              0x080001b5   Thumb Code     0  entry7b.o(.ARM.Collect$$$$00000008)
    _main_cpp_init                           0x080001b5   Thumb Code     0  entry8b.o(.ARM.Collect$$$$0000000A)
    _main_init                               0x080001b5   Thumb Code     0  entry9a.o(.ARM.Collect$$$$0000000B)
    __rt_final_cpp                           0x080001bd   Thumb Code     0  entry10a.o(.ARM.Collect$$$$0000000D)
    __rt_final_exit                          0x080001bd   Thumb Code     0  entry11a.o(.ARM.Collect$$$$0000000F)
    SVC_Handler                              0x080001c1   Thumb Code    28  port.o(.emb_text)
    __asm___6_port_c_39a90d8d__prvStartFirstTask 0x080001e1   Thumb Code    36  port.o(.emb_text)
    __asm___6_port_c_39a90d8d__prvEnableVFP  0x08000209   Thumb Code    16  port.o(.emb_text)
    PendSV_Handler                           0x0800021d   Thumb Code    88  port.o(.emb_text)
    vPortGetIPSR                             0x08000279   Thumb Code     6  port.o(.emb_text)
    Reset_Handler                            0x08000281   Thumb Code     8  startup_stm32f427xx.o(.text)
    ADC_IRQHandler                           0x0800029b   Thumb Code     0  startup_stm32f427xx.o(.text)
    CAN1_RX1_IRQHandler                      0x0800029b   Thumb Code     0  startup_stm32f427xx.o(.text)
    CAN1_SCE_IRQHandler                      0x0800029b   Thumb Code     0  startup_stm32f427xx.o(.text)
    CAN2_RX1_IRQHandler                      0x0800029b   Thumb Code     0  startup_stm32f427xx.o(.text)
    CAN2_SCE_IRQHandler                      0x0800029b   Thumb Code     0  startup_stm32f427xx.o(.text)
    DCMI_IRQHandler                          0x0800029b   Thumb Code     0  startup_stm32f427xx.o(.text)
    DMA1_Stream0_IRQHandler                  0x0800029b   Thumb Code     0  startup_stm32f427xx.o(.text)
    DMA1_Stream2_IRQHandler                  0x0800029b   Thumb Code     0  startup_stm32f427xx.o(.text)
    DMA1_Stream4_IRQHandler                  0x0800029b   Thumb Code     0  startup_stm32f427xx.o(.text)
    DMA1_Stream5_IRQHandler                  0x0800029b   Thumb Code     0  startup_stm32f427xx.o(.text)
    DMA1_Stream7_IRQHandler                  0x0800029b   Thumb Code     0  startup_stm32f427xx.o(.text)
    DMA2D_IRQHandler                         0x0800029b   Thumb Code     0  startup_stm32f427xx.o(.text)
    DMA2_Stream0_IRQHandler                  0x0800029b   Thumb Code     0  startup_stm32f427xx.o(.text)
    DMA2_Stream3_IRQHandler                  0x0800029b   Thumb Code     0  startup_stm32f427xx.o(.text)
    DMA2_Stream4_IRQHandler                  0x0800029b   Thumb Code     0  startup_stm32f427xx.o(.text)
    DMA2_Stream5_IRQHandler                  0x0800029b   Thumb Code     0  startup_stm32f427xx.o(.text)
    DMA2_Stream7_IRQHandler                  0x0800029b   Thumb Code     0  startup_stm32f427xx.o(.text)
    ETH_IRQHandler                           0x0800029b   Thumb Code     0  startup_stm32f427xx.o(.text)
    ETH_WKUP_IRQHandler                      0x0800029b   Thumb Code     0  startup_stm32f427xx.o(.text)
    EXTI0_IRQHandler                         0x0800029b   Thumb Code     0  startup_stm32f427xx.o(.text)
    EXTI15_10_IRQHandler                     0x0800029b   Thumb Code     0  startup_stm32f427xx.o(.text)
    EXTI1_IRQHandler                         0x0800029b   Thumb Code     0  startup_stm32f427xx.o(.text)
    EXTI2_IRQHandler                         0x0800029b   Thumb Code     0  startup_stm32f427xx.o(.text)
    EXTI3_IRQHandler                         0x0800029b   Thumb Code     0  startup_stm32f427xx.o(.text)
    EXTI4_IRQHandler                         0x0800029b   Thumb Code     0  startup_stm32f427xx.o(.text)
    EXTI9_5_IRQHandler                       0x0800029b   Thumb Code     0  startup_stm32f427xx.o(.text)
    FLASH_IRQHandler                         0x0800029b   Thumb Code     0  startup_stm32f427xx.o(.text)
    FMC_IRQHandler                           0x0800029b   Thumb Code     0  startup_stm32f427xx.o(.text)
    FPU_IRQHandler                           0x0800029b   Thumb Code     0  startup_stm32f427xx.o(.text)
    HASH_RNG_IRQHandler                      0x0800029b   Thumb Code     0  startup_stm32f427xx.o(.text)
    I2C1_ER_IRQHandler                       0x0800029b   Thumb Code     0  startup_stm32f427xx.o(.text)
    I2C1_EV_IRQHandler                       0x0800029b   Thumb Code     0  startup_stm32f427xx.o(.text)
    I2C2_ER_IRQHandler                       0x0800029b   Thumb Code     0  startup_stm32f427xx.o(.text)
    I2C2_EV_IRQHandler                       0x0800029b   Thumb Code     0  startup_stm32f427xx.o(.text)
    I2C3_ER_IRQHandler                       0x0800029b   Thumb Code     0  startup_stm32f427xx.o(.text)
    I2C3_EV_IRQHandler                       0x0800029b   Thumb Code     0  startup_stm32f427xx.o(.text)
    OTG_FS_IRQHandler                        0x0800029b   Thumb Code     0  startup_stm32f427xx.o(.text)
    OTG_FS_WKUP_IRQHandler                   0x0800029b   Thumb Code     0  startup_stm32f427xx.o(.text)
    OTG_HS_EP1_IN_IRQHandler                 0x0800029b   Thumb Code     0  startup_stm32f427xx.o(.text)
    OTG_HS_EP1_OUT_IRQHandler                0x0800029b   Thumb Code     0  startup_stm32f427xx.o(.text)
    OTG_HS_IRQHandler                        0x0800029b   Thumb Code     0  startup_stm32f427xx.o(.text)
    OTG_HS_WKUP_IRQHandler                   0x0800029b   Thumb Code     0  startup_stm32f427xx.o(.text)
    PVD_IRQHandler                           0x0800029b   Thumb Code     0  startup_stm32f427xx.o(.text)
    RCC_IRQHandler                           0x0800029b   Thumb Code     0  startup_stm32f427xx.o(.text)
    RTC_Alarm_IRQHandler                     0x0800029b   Thumb Code     0  startup_stm32f427xx.o(.text)
    RTC_WKUP_IRQHandler                      0x0800029b   Thumb Code     0  startup_stm32f427xx.o(.text)
    SAI1_IRQHandler                          0x0800029b   Thumb Code     0  startup_stm32f427xx.o(.text)
    SDIO_IRQHandler                          0x0800029b   Thumb Code     0  startup_stm32f427xx.o(.text)
    SPI1_IRQHandler                          0x0800029b   Thumb Code     0  startup_stm32f427xx.o(.text)
    SPI2_IRQHandler                          0x0800029b   Thumb Code     0  startup_stm32f427xx.o(.text)
    SPI3_IRQHandler                          0x0800029b   Thumb Code     0  startup_stm32f427xx.o(.text)
    SPI4_IRQHandler                          0x0800029b   Thumb Code     0  startup_stm32f427xx.o(.text)
    SPI5_IRQHandler                          0x0800029b   Thumb Code     0  startup_stm32f427xx.o(.text)
    SPI6_IRQHandler                          0x0800029b   Thumb Code     0  startup_stm32f427xx.o(.text)
    TAMP_STAMP_IRQHandler                    0x0800029b   Thumb Code     0  startup_stm32f427xx.o(.text)
    TIM1_BRK_TIM9_IRQHandler                 0x0800029b   Thumb Code     0  startup_stm32f427xx.o(.text)
    TIM1_CC_IRQHandler                       0x0800029b   Thumb Code     0  startup_stm32f427xx.o(.text)
    TIM1_TRG_COM_TIM11_IRQHandler            0x0800029b   Thumb Code     0  startup_stm32f427xx.o(.text)
    TIM1_UP_TIM10_IRQHandler                 0x0800029b   Thumb Code     0  startup_stm32f427xx.o(.text)
    TIM2_IRQHandler                          0x0800029b   Thumb Code     0  startup_stm32f427xx.o(.text)
    TIM3_IRQHandler                          0x0800029b   Thumb Code     0  startup_stm32f427xx.o(.text)
    TIM4_IRQHandler                          0x0800029b   Thumb Code     0  startup_stm32f427xx.o(.text)
    TIM5_IRQHandler                          0x0800029b   Thumb Code     0  startup_stm32f427xx.o(.text)
    TIM6_DAC_IRQHandler                      0x0800029b   Thumb Code     0  startup_stm32f427xx.o(.text)
    TIM7_IRQHandler                          0x0800029b   Thumb Code     0  startup_stm32f427xx.o(.text)
    TIM8_BRK_TIM12_IRQHandler                0x0800029b   Thumb Code     0  startup_stm32f427xx.o(.text)
    TIM8_CC_IRQHandler                       0x0800029b   Thumb Code     0  startup_stm32f427xx.o(.text)
    TIM8_TRG_COM_TIM14_IRQHandler            0x0800029b   Thumb Code     0  startup_stm32f427xx.o(.text)
    TIM8_UP_TIM13_IRQHandler                 0x0800029b   Thumb Code     0  startup_stm32f427xx.o(.text)
    UART4_IRQHandler                         0x0800029b   Thumb Code     0  startup_stm32f427xx.o(.text)
    UART5_IRQHandler                         0x0800029b   Thumb Code     0  startup_stm32f427xx.o(.text)
    UART8_IRQHandler                         0x0800029b   Thumb Code     0  startup_stm32f427xx.o(.text)
    WWDG_IRQHandler                          0x0800029b   Thumb Code     0  startup_stm32f427xx.o(.text)
    __aeabi_uldivmod                         0x080002a5   Thumb Code    98  uldiv.o(.text)
    __aeabi_memcpy                           0x08000307   Thumb Code    36  memcpya.o(.text)
    __aeabi_memcpy4                          0x08000307   Thumb Code     0  memcpya.o(.text)
    __aeabi_memcpy8                          0x08000307   Thumb Code     0  memcpya.o(.text)
    __aeabi_memset                           0x0800032b   Thumb Code    14  memseta.o(.text)
    __aeabi_memset4                          0x0800032b   Thumb Code     0  memseta.o(.text)
    __aeabi_memset8                          0x0800032b   Thumb Code     0  memseta.o(.text)
    __aeabi_memclr                           0x08000339   Thumb Code     4  memseta.o(.text)
    __aeabi_memclr4                          0x08000339   Thumb Code     0  memseta.o(.text)
    __aeabi_memclr8                          0x08000339   Thumb Code     0  memseta.o(.text)
    memset                                   0x0800033d   Thumb Code    18  memseta.o(.text)
    __aeabi_dmul                             0x0800034f   Thumb Code   228  dmul.o(.text)
    __aeabi_i2d                              0x08000433   Thumb Code    34  dflti.o(.text)
    __aeabi_d2f                              0x08000455   Thumb Code    56  d2f.o(.text)
    __aeabi_llsl                             0x0800048d   Thumb Code    30  llshl.o(.text)
    _ll_shift_l                              0x0800048d   Thumb Code     0  llshl.o(.text)
    __aeabi_llsr                             0x080004ab   Thumb Code    32  llushr.o(.text)
    _ll_ushift_r                             0x080004ab   Thumb Code     0  llushr.o(.text)
    __I$use$fp                               0x080004cb   Thumb Code     0  iusefp.o(.text)
    _float_round                             0x080004cb   Thumb Code    18  fepilogue.o(.text)
    _float_epilogue                          0x080004dd   Thumb Code    92  fepilogue.o(.text)
    _double_round                            0x08000539   Thumb Code    30  depilogue.o(.text)
    _double_epilogue                         0x08000557   Thumb Code   156  depilogue.o(.text)
    __scatterload                            0x080005f5   Thumb Code    28  init.o(.text)
    __scatterload_rt2                        0x080005f5   Thumb Code     0  init.o(.text)
    BSP_M15_SavePID                          0x08000619   Thumb Code    56  bsp_m15_motor.o(i.BSP_M15_SavePID)
    BSP_M15_SetMode                          0x08000655   Thumb Code    54  bsp_m15_motor.o(i.BSP_M15_SetMode)
    BSP_M15_SetPID                           0x08000691   Thumb Code    76  bsp_m15_motor.o(i.BSP_M15_SetPID)
    BSP_M15_SetPosition                      0x080006e1   Thumb Code    86  bsp_m15_motor.o(i.BSP_M15_SetPosition)
    BSP_M15_SetPositionLimit                 0x08000745   Thumb Code    76  bsp_m15_motor.o(i.BSP_M15_SetPositionLimit)
    BusFault_Handler                         0x08000795   Thumb Code     2  stm32f4xx_it.o(i.BusFault_Handler)
    CAN1_RX0_IRQHandler                      0x08000799   Thumb Code     6  stm32f4xx_it.o(i.CAN1_RX0_IRQHandler)
    CAN1_TX_IRQHandler                       0x080007a5   Thumb Code     6  stm32f4xx_it.o(i.CAN1_TX_IRQHandler)
    CAN2_RX0_IRQHandler                      0x080007b1   Thumb Code     6  stm32f4xx_it.o(i.CAN2_RX0_IRQHandler)
    CAN2_TX_IRQHandler                       0x080007bd   Thumb Code     6  stm32f4xx_it.o(i.CAN2_TX_IRQHandler)
    CAN_cmd_chassis                          0x080007c9   Thumb Code    60  can_receive.o(i.CAN_cmd_chassis)
    CAN_cmd_gimbal1                          0x08000811   Thumb Code    60  can_receive.o(i.CAN_cmd_gimbal1)
    CAN_cmd_gimbal2                          0x08000859   Thumb Code    60  can_receive.o(i.CAN_cmd_gimbal2)
    DMA1_Stream1_IRQHandler                  0x080008a1   Thumb Code     6  stm32f4xx_it.o(i.DMA1_Stream1_IRQHandler)
    DMA1_Stream3_IRQHandler                  0x080008ad   Thumb Code     6  stm32f4xx_it.o(i.DMA1_Stream3_IRQHandler)
    DMA1_Stream6_IRQHandler                  0x080008b9   Thumb Code     6  stm32f4xx_it.o(i.DMA1_Stream6_IRQHandler)
    DMA2_Stream1_IRQHandler                  0x080008c5   Thumb Code     6  stm32f4xx_it.o(i.DMA2_Stream1_IRQHandler)
    DMA2_Stream2_IRQHandler                  0x080008d1   Thumb Code     6  stm32f4xx_it.o(i.DMA2_Stream2_IRQHandler)
    DMA2_Stream6_IRQHandler                  0x080008dd   Thumb Code     6  stm32f4xx_it.o(i.DMA2_Stream6_IRQHandler)
    DebugMon_Handler                         0x0800098d   Thumb Code     2  stm32f4xx_it.o(i.DebugMon_Handler)
    Error_Handler                            0x0800098f   Thumb Code     4  main.o(i.Error_Handler)
    Get_CRC16_Check_Sum                      0x08000995   Thumb Code    38  judge.o(i.Get_CRC16_Check_Sum)
    Get_CRC8_Check_Sum                       0x080009c1   Thumb Code    22  judge.o(i.Get_CRC8_Check_Sum)
    HAL_CAN_ActivateNotification             0x080009dd   Thumb Code    36  stm32f4xx_hal_can.o(i.HAL_CAN_ActivateNotification)
    HAL_CAN_AddTxMessage                     0x08000a01   Thumb Code   188  stm32f4xx_hal_can.o(i.HAL_CAN_AddTxMessage)
    HAL_CAN_ConfigFilter                     0x08000abd   Thumb Code   262  stm32f4xx_hal_can.o(i.HAL_CAN_ConfigFilter)
    HAL_CAN_ErrorCallback                    0x08000bc9   Thumb Code     2  stm32f4xx_hal_can.o(i.HAL_CAN_ErrorCallback)
    HAL_CAN_GetRxMessage                     0x08000bcb   Thumb Code   244  stm32f4xx_hal_can.o(i.HAL_CAN_GetRxMessage)
    HAL_CAN_IRQHandler                       0x08000cbf   Thumb Code   508  stm32f4xx_hal_can.o(i.HAL_CAN_IRQHandler)
    HAL_CAN_Init                             0x08000ebb   Thumb Code   282  stm32f4xx_hal_can.o(i.HAL_CAN_Init)
    HAL_CAN_MspInit                          0x08000fd5   Thumb Code   256  can.o(i.HAL_CAN_MspInit)
    HAL_CAN_RxFifo0FullCallback              0x080010ed   Thumb Code     2  stm32f4xx_hal_can.o(i.HAL_CAN_RxFifo0FullCallback)
    HAL_CAN_RxFifo0MsgPendingCallback        0x080010f1   Thumb Code   216  can_receive.o(i.HAL_CAN_RxFifo0MsgPendingCallback)
    HAL_CAN_RxFifo1FullCallback              0x080011d9   Thumb Code     2  stm32f4xx_hal_can.o(i.HAL_CAN_RxFifo1FullCallback)
    HAL_CAN_RxFifo1MsgPendingCallback        0x080011db   Thumb Code     2  stm32f4xx_hal_can.o(i.HAL_CAN_RxFifo1MsgPendingCallback)
    HAL_CAN_SleepCallback                    0x080011dd   Thumb Code     2  stm32f4xx_hal_can.o(i.HAL_CAN_SleepCallback)
    HAL_CAN_Start                            0x080011df   Thumb Code    86  stm32f4xx_hal_can.o(i.HAL_CAN_Start)
    HAL_CAN_TxMailbox0AbortCallback          0x08001235   Thumb Code     2  stm32f4xx_hal_can.o(i.HAL_CAN_TxMailbox0AbortCallback)
    HAL_CAN_TxMailbox0CompleteCallback       0x08001237   Thumb Code     2  stm32f4xx_hal_can.o(i.HAL_CAN_TxMailbox0CompleteCallback)
    HAL_CAN_TxMailbox1AbortCallback          0x08001239   Thumb Code     2  stm32f4xx_hal_can.o(i.HAL_CAN_TxMailbox1AbortCallback)
    HAL_CAN_TxMailbox1CompleteCallback       0x0800123b   Thumb Code     2  stm32f4xx_hal_can.o(i.HAL_CAN_TxMailbox1CompleteCallback)
    HAL_CAN_TxMailbox2AbortCallback          0x0800123d   Thumb Code     2  stm32f4xx_hal_can.o(i.HAL_CAN_TxMailbox2AbortCallback)
    HAL_CAN_TxMailbox2CompleteCallback       0x0800123f   Thumb Code     2  stm32f4xx_hal_can.o(i.HAL_CAN_TxMailbox2CompleteCallback)
    HAL_CAN_WakeUpFromRxMsgCallback          0x08001241   Thumb Code     2  stm32f4xx_hal_can.o(i.HAL_CAN_WakeUpFromRxMsgCallback)
    HAL_DMA_Abort                            0x08001243   Thumb Code   146  stm32f4xx_hal_dma.o(i.HAL_DMA_Abort)
    HAL_DMA_Abort_IT                         0x080012d5   Thumb Code    36  stm32f4xx_hal_dma.o(i.HAL_DMA_Abort_IT)
    HAL_DMA_IRQHandler                       0x080012f9   Thumb Code   412  stm32f4xx_hal_dma.o(i.HAL_DMA_IRQHandler)
    HAL_DMA_Init                             0x08001499   Thumb Code   206  stm32f4xx_hal_dma.o(i.HAL_DMA_Init)
    HAL_DMA_Start_IT                         0x0800156d   Thumb Code   110  stm32f4xx_hal_dma.o(i.HAL_DMA_Start_IT)
    HAL_Delay                                0x080015dd   Thumb Code    32  stm32f4xx_hal.o(i.HAL_Delay)
    HAL_GPIO_Init                            0x08001601   Thumb Code   438  stm32f4xx_hal_gpio.o(i.HAL_GPIO_Init)
    HAL_GPIO_WritePin                        0x080017ed   Thumb Code    10  stm32f4xx_hal_gpio.o(i.HAL_GPIO_WritePin)
    HAL_GetTick                              0x080017f9   Thumb Code     6  stm32f4xx_hal.o(i.HAL_GetTick)
    HAL_IncTick                              0x08001805   Thumb Code    12  stm32f4xx_hal.o(i.HAL_IncTick)
    HAL_Init                                 0x08001815   Thumb Code    48  stm32f4xx_hal.o(i.HAL_Init)
    HAL_InitTick                             0x08001849   Thumb Code    54  stm32f4xx_hal.o(i.HAL_InitTick)
    HAL_MspInit                              0x08001889   Thumb Code    52  stm32f4xx_hal_msp.o(i.HAL_MspInit)
    HAL_NVIC_EnableIRQ                       0x080018c1   Thumb Code    26  stm32f4xx_hal_cortex.o(i.HAL_NVIC_EnableIRQ)
    HAL_NVIC_SetPriority                     0x080018dd   Thumb Code    60  stm32f4xx_hal_cortex.o(i.HAL_NVIC_SetPriority)
    HAL_NVIC_SetPriorityGrouping             0x0800191d   Thumb Code    26  stm32f4xx_hal_cortex.o(i.HAL_NVIC_SetPriorityGrouping)
    HAL_RCC_ClockConfig                      0x08001941   Thumb Code   288  stm32f4xx_hal_rcc.o(i.HAL_RCC_ClockConfig)
    HAL_RCC_GetPCLK1Freq                     0x08001a75   Thumb Code    20  stm32f4xx_hal_rcc.o(i.HAL_RCC_GetPCLK1Freq)
    HAL_RCC_GetPCLK2Freq                     0x08001a95   Thumb Code    20  stm32f4xx_hal_rcc.o(i.HAL_RCC_GetPCLK2Freq)
    HAL_RCC_GetSysClockFreq                  0x08001ab5   Thumb Code    88  stm32f4xx_hal_rcc.o(i.HAL_RCC_GetSysClockFreq)
    HAL_RCC_OscConfig                        0x08001b19   Thumb Code   836  stm32f4xx_hal_rcc.o(i.HAL_RCC_OscConfig)
    HAL_SYSTICK_Config                       0x08001e71   Thumb Code    40  stm32f4xx_hal_cortex.o(i.HAL_SYSTICK_Config)
    HAL_TIMEx_MasterConfigSynchronization    0x08001e99   Thumb Code   116  stm32f4xx_hal_tim_ex.o(i.HAL_TIMEx_MasterConfigSynchronization)
    HAL_TIM_Base_Init                        0x08001f29   Thumb Code    90  stm32f4xx_hal_tim.o(i.HAL_TIM_Base_Init)
    HAL_TIM_Base_MspInit                     0x08001f85   Thumb Code    30  tim.o(i.HAL_TIM_Base_MspInit)
    HAL_TIM_ConfigClockSource                0x08001fa9   Thumb Code   220  stm32f4xx_hal_tim.o(i.HAL_TIM_ConfigClockSource)
    HAL_TIM_MspPostInit                      0x08002085   Thumb Code    68  tim.o(i.HAL_TIM_MspPostInit)
    HAL_TIM_PWM_ConfigChannel                0x080020d1   Thumb Code   204  stm32f4xx_hal_tim.o(i.HAL_TIM_PWM_ConfigChannel)
    HAL_TIM_PWM_Init                         0x0800219d   Thumb Code    90  stm32f4xx_hal_tim.o(i.HAL_TIM_PWM_Init)
    HAL_TIM_PWM_MspInit                      0x080021f7   Thumb Code     2  stm32f4xx_hal_tim.o(i.HAL_TIM_PWM_MspInit)
    HAL_TIM_PWM_Start                        0x080021f9   Thumb Code   178  stm32f4xx_hal_tim.o(i.HAL_TIM_PWM_Start)
    HAL_UARTEx_RxEventCallback               0x080022c9   Thumb Code     2  stm32f4xx_hal_uart.o(i.HAL_UARTEx_RxEventCallback)
    HAL_UART_DMAStop                         0x080022cb   Thumb Code   112  stm32f4xx_hal_uart.o(i.HAL_UART_DMAStop)
    HAL_UART_ErrorCallback                   0x0800233b   Thumb Code     2  stm32f4xx_hal_uart.o(i.HAL_UART_ErrorCallback)
    HAL_UART_IRQHandler                      0x0800233d   Thumb Code   618  stm32f4xx_hal_uart.o(i.HAL_UART_IRQHandler)
    HAL_UART_Init                            0x080025ad   Thumb Code   100  stm32f4xx_hal_uart.o(i.HAL_UART_Init)
    HAL_UART_MspInit                         0x08002611   Thumb Code   770  usart.o(i.HAL_UART_MspInit)
    HAL_UART_Receive_DMA                     0x08002951   Thumb Code    28  stm32f4xx_hal_uart.o(i.HAL_UART_Receive_DMA)
    HAL_UART_RxCpltCallback                  0x0800296d   Thumb Code     2  stm32f4xx_hal_uart.o(i.HAL_UART_RxCpltCallback)
    HAL_UART_RxHalfCpltCallback              0x0800296f   Thumb Code     2  stm32f4xx_hal_uart.o(i.HAL_UART_RxHalfCpltCallback)
    HAL_UART_Transmit                        0x08002971   Thumb Code   160  stm32f4xx_hal_uart.o(i.HAL_UART_Transmit)
    HAL_UART_TxCpltCallback                  0x08002a11   Thumb Code     2  stm32f4xx_hal_uart.o(i.HAL_UART_TxCpltCallback)
    HardFault_Handler                        0x08002a13   Thumb Code     2  stm32f4xx_it.o(i.HardFault_Handler)
    Judgment_data_Get                        0x08002a15   Thumb Code   392  judge.o(i.Judgment_data_Get)
    MX_CAN1_Init                             0x08002bb1   Thumb Code    58  can.o(i.MX_CAN1_Init)
    MX_CAN2_Init                             0x08002bf5   Thumb Code    60  can.o(i.MX_CAN2_Init)
    MX_DMA_Init                              0x08002c39   Thumb Code   136  dma.o(i.MX_DMA_Init)
    MX_FREERTOS_Init                         0x08002cc5   Thumb Code   118  freertos.o(i.MX_FREERTOS_Init)
    MX_GPIO_Init                             0x08002d45   Thumb Code   248  gpio.o(i.MX_GPIO_Init)
    MX_TIM2_Init                             0x08002e51   Thumb Code   146  tim.o(i.MX_TIM2_Init)
    MX_UART7_Init                            0x08002ee9   Thumb Code    48  usart.o(i.MX_UART7_Init)
    MX_USART1_UART_Init                      0x08002f21   Thumb Code    52  usart.o(i.MX_USART1_UART_Init)
    MX_USART2_UART_Init                      0x08002f61   Thumb Code    48  usart.o(i.MX_USART2_UART_Init)
    MX_USART3_UART_Init                      0x08002f99   Thumb Code    48  usart.o(i.MX_USART3_UART_Init)
    MX_USART6_UART_Init                      0x08002fd1   Thumb Code    48  usart.o(i.MX_USART6_UART_Init)
    MemManage_Handler                        0x08003009   Thumb Code     2  stm32f4xx_it.o(i.MemManage_Handler)
    NMI_Handler                              0x0800300b   Thumb Code     2  stm32f4xx_it.o(i.NMI_Handler)
    PID_calc                                 0x0800300d   Thumb Code   292  pid.o(i.PID_calc)
    PID_init                                 0x08003135   Thumb Code    88  pid.o(i.PID_init)
    RC_init                                  0x08003191   Thumb Code    84  bsp_rc.o(i.RC_init)
    Servo_Init                               0x080031f1   Thumb Code     4  servo.o(i.Servo_Init)
    Servo_SetAngle                           0x080031f5   Thumb Code   102  servo.o(i.Servo_SetAngle)
    StartDefaultTask                         0x0800326d   Thumb Code     8  freertos.o(i.StartDefaultTask)
    SysTick_Handler                          0x08003275   Thumb Code    24  stm32f4xx_it.o(i.SysTick_Handler)
    SystemClock_Config                       0x0800328d   Thumb Code   140  main.o(i.SystemClock_Config)
    SystemInit                               0x08003321   Thumb Code    12  system_stm32f4xx.o(i.SystemInit)
    TIM_Base_SetConfig                       0x08003331   Thumb Code   170  stm32f4xx_hal_tim.o(i.TIM_Base_SetConfig)
    TIM_CCxChannelCmd                        0x08003409   Thumb Code    26  stm32f4xx_hal_tim.o(i.TIM_CCxChannelCmd)
    TIM_ETR_SetConfig                        0x08003423   Thumb Code    20  stm32f4xx_hal_tim.o(i.TIM_ETR_SetConfig)
    TIM_OC2_SetConfig                        0x080034a9   Thumb Code    98  stm32f4xx_hal_tim.o(i.TIM_OC2_SetConfig)
    UART7_IRQHandler                         0x08003615   Thumb Code     6  stm32f4xx_it.o(i.UART7_IRQHandler)
    UART_Start_Receive_DMA                   0x08003959   Thumb Code   134  stm32f4xx_hal_uart.o(i.UART_Start_Receive_DMA)
    USART1_IRQHandler                        0x08003a5d   Thumb Code    16  stm32f4xx_it.o(i.USART1_IRQHandler)
    USART1_IRQHandler123                     0x08003a71   Thumb Code   142  remote_control.o(i.USART1_IRQHandler123)
    USART2_IRQHandler                        0x08003b19   Thumb Code     6  stm32f4xx_it.o(i.USART2_IRQHandler)
    USART3_IRQHandler                        0x08003b25   Thumb Code   120  stm32f4xx_it.o(i.USART3_IRQHandler)
    USART6_IRQHandler                        0x08003bb1   Thumb Code     6  stm32f4xx_it.o(i.USART6_IRQHandler)
    UsageFault_Handler                       0x08003bbd   Thumb Code     2  stm32f4xx_it.o(i.UsageFault_Handler)
    Vacuum_task                              0x08003bc1   Thumb Code   114  vacuum_suction_task.o(i.Vacuum_task)
    Verify_CRC16_Check_Sum                   0x08003c4d   Thumb Code    54  judge.o(i.Verify_CRC16_Check_Sum)
    Verify_CRC8_Check_Sum                    0x08003c89   Thumb Code    38  judge.o(i.Verify_CRC8_Check_Sum)
    __0printf$bare                           0x08003cb1   Thumb Code     8  printfb.o(i.__0printf$bare)
    __1printf$bare                           0x08003cb1   Thumb Code     0  printfb.o(i.__0printf$bare)
    __2printf                                0x08003cb1   Thumb Code     0  printfb.o(i.__0printf$bare)
    __scatterload_copy                       0x08003ce1   Thumb Code    14  handlers.o(i.__scatterload_copy)
    __scatterload_null                       0x08003cef   Thumb Code     2  handlers.o(i.__scatterload_null)
    __scatterload_zeroinit                   0x08003cf1   Thumb Code    14  handlers.o(i.__scatterload_zeroinit)
    can_filter_init                          0x08003d21   Thumb Code    80  bsp_can.o(i.can_filter_init)
    chassis_behaviour_control_set            0x08003d79   Thumb Code   132  chassis_behaviour.o(i.chassis_behaviour_control_set)
    chassis_behaviour_mode_set               0x08003e0d   Thumb Code    70  chassis_behaviour.o(i.chassis_behaviour_mode_set)
    chassis_rc_to_control_vector             0x08004105   Thumb Code   176  chassis_task.o(i.chassis_rc_to_control_vector)
    chassis_task                             0x08004255   Thumb Code   132  chassis_task.o(i.chassis_task)
    first_order_filter_cali                  0x080042dd   Thumb Code    78  user_lib.o(i.first_order_filter_cali)
    first_order_filter_init                  0x0800432b   Thumb Code    18  user_lib.o(i.first_order_filter_init)
    fp32_constrain                           0x0800433d   Thumb Code    32  user_lib.o(i.fp32_constrain)
    fputc                                    0x0800435d   Thumb Code    24  remote_control.o(i.fputc)
    get_chassis_motor_measure_point          0x08004379   Thumb Code    40  can_receive.o(i.get_chassis_motor_measure_point)
    get_d2006_motor_measure_point            0x080043a5   Thumb Code     4  can_receive.o(i.get_d2006_motor_measure_point)
    get_j1_gimbal_motor_measure_point        0x080043ad   Thumb Code     4  can_receive.o(i.get_j1_gimbal_motor_measure_point)
    get_j2_gimbal_motor_measure_point        0x080043b5   Thumb Code     4  can_receive.o(i.get_j2_gimbal_motor_measure_point)
    get_l2006_motor_measure_point            0x080043bd   Thumb Code     4  can_receive.o(i.get_l2006_motor_measure_point)
    get_r2006_motor_measure_point            0x080043c5   Thumb Code     4  can_receive.o(i.get_r2006_motor_measure_point)
    get_remote_control_point                 0x080043cd   Thumb Code     4  remote_control.o(i.get_remote_control_point)
    get_s2006_motor_measure_point            0x080043d5   Thumb Code     4  can_receive.o(i.get_s2006_motor_measure_point)
    gimbal_task                              0x080047a9   Thumb Code   160  gimbal_task.o(i.gimbal_task)
    judge_task                               0x0800484d   Thumb Code    30  judge_task.o(i.judge_task)
    main                                     0x08004875   Thumb Code    74  main.o(i.main)
    osDelay                                  0x080048d1   Thumb Code    14  cmsis_os.o(i.osDelay)
    osKernelStart                            0x080048df   Thumb Code    10  cmsis_os.o(i.osKernelStart)
    osThreadCreate                           0x080048e9   Thumb Code    84  cmsis_os.o(i.osThreadCreate)
    pvPortMalloc                             0x08004c85   Thumb Code   216  heap_4.o(i.pvPortMalloc)
    pxPortInitialiseStack                    0x08004d61   Thumb Code    40  port.o(i.pxPortInitialiseStack)
    remote_control_init                      0x08004d8d   Thumb Code    12  remote_control.o(i.remote_control_init)
    uxListRemove                             0x08004f45   Thumb Code    38  list.o(i.uxListRemove)
    vApplicationGetIdleTaskMemory            0x08004f6d   Thumb Code    16  freertos.o(i.vApplicationGetIdleTaskMemory)
    vListInitialise                          0x08004f81   Thumb Code    22  list.o(i.vListInitialise)
    vListInitialiseItem                      0x08004f97   Thumb Code     6  list.o(i.vListInitialiseItem)
    vListInsert                              0x08004f9d   Thumb Code    48  list.o(i.vListInsert)
    vListInsertEnd                           0x08004fcd   Thumb Code    24  list.o(i.vListInsertEnd)
    vPortEnterCritical                       0x08004fe5   Thumb Code    54  port.o(i.vPortEnterCritical)
    vPortExitCritical                        0x08005025   Thumb Code    34  port.o(i.vPortExitCritical)
    vPortFree                                0x0800504d   Thumb Code    94  heap_4.o(i.vPortFree)
    vPortSetupTimerInterrupt                 0x080050b1   Thumb Code    32  port.o(i.vPortSetupTimerInterrupt)
    vTaskDelay                               0x080050d5   Thumb Code    66  tasks.o(i.vTaskDelay)
    vTaskStartScheduler                      0x08005121   Thumb Code    90  tasks.o(i.vTaskStartScheduler)
    vTaskSuspendAll                          0x0800518d   Thumb Code    10  tasks.o(i.vTaskSuspendAll)
    vTaskSwitchContext                       0x0800519d   Thumb Code    82  tasks.o(i.vTaskSwitchContext)
    xPortStartScheduler                      0x080051f9   Thumb Code   224  port.o(i.xPortStartScheduler)
    xPortSysTickHandler                      0x080052ed   Thumb Code    38  port.o(i.xPortSysTickHandler)
    xTaskCreate                              0x08005319   Thumb Code    90  tasks.o(i.xTaskCreate)
    xTaskCreateStatic                        0x08005373   Thumb Code    90  tasks.o(i.xTaskCreateStatic)
    xTaskGetSchedulerState                   0x080053cd   Thumb Code    22  tasks.o(i.xTaskGetSchedulerState)
    xTaskIncrementTick                       0x080053e9   Thumb Code   194  tasks.o(i.xTaskIncrementTick)
    xTaskResumeAll                           0x080054b5   Thumb Code   182  tasks.o(i.xTaskResumeAll)
    AHBPrescTable                            0x0800560c   Data          16  system_stm32f4xx.o(.constdata)
    APBPrescTable                            0x0800561c   Data           8  system_stm32f4xx.o(.constdata)
    CRC8_TAB                                 0x08005680   Data         256  judge.o(.constdata)
    wCRC_Table                               0x08005780   Data         512  judge.o(.constdata)
    Region$$Table$$Base                      0x080059bc   Number         0  anon$$obj.o(Region$$Table)
    Region$$Table$$Limit                     0x080059dc   Number         0  anon$$obj.o(Region$$Table)
    local_rc_ctrl                            0x20000000   Data           4  main.o(.data)
    chassisTaskHandle                        0x20000004   Data           4  freertos.o(.data)
    gimbalTaskHandle                         0x20000008   Data           4  freertos.o(.data)
    suctionTaskHandle                        0x2000000c   Data           4  freertos.o(.data)
    judgeTaskHandle                          0x20000010   Data           4  freertos.o(.data)
    defaultTaskHandle                        0x20000014   Data           4  freertos.o(.data)
    uwTickFreq                               0x20000020   Data           1  stm32f4xx_hal.o(.data)
    uwTickPrio                               0x20000024   Data           4  stm32f4xx_hal.o(.data)
    uwTick                                   0x20000028   Data           4  stm32f4xx_hal.o(.data)
    SystemCoreClock                          0x2000002c   Data           4  system_stm32f4xx.o(.data)
    M15_DATA                                 0x20000030   Data           8  can_receive.o(.data)
    chassis_behaviour_mode                   0x2000004a   Data           1  chassis_behaviour.o(.data)
    current_angle                            0x2000004c   Data           2  vacuum_suction_task.o(.data)
    rc_Va                                    0x20000050   Data           4  vacuum_suction_task.o(.data)
    Judge_Data_TF                            0x20000054   Data           1  judge.o(.data)
    Hurt_Data_Update                         0x20000055   Data           1  judge.o(.data)
    GameResult                               0x20000056   Data           1  judge.o(.data)
    dart_remaining_time_t                    0x20000057   Data           1  judge.o(.data)
    BuffMusk                                 0x20000058   Data           1  judge.o(.data)
    AerialRobotEnergy                        0x20000059   Data           1  judge.o(.data)
    RobotHurt                                0x2000005a   Data           1  judge.o(.data)
    CRC_INIT                                 0x2000005c   Data           2  judge.o(.data)
    Supplywarming                            0x2000005e   Data           2  judge.o(.data)
    GameState                                0x20000060   Data           3  judge.o(.data)
    EventData                                0x20000063   Data           4  judge.o(.data)
    SupplyProjectileAction                   0x20000067   Data           4  judge.o(.data)
    FrameHeader                              0x2000006b   Data           5  judge.o(.data)
    bullet_remaining_t                       0x20000070   Data           6  judge.o(.data)
    ShootData                                0x20000076   Data           7  judge.o(.data)
    pxCurrentTCB                             0x20000080   Data           4  tasks.o(.data)
    __stdout                                 0x200000e8   Data           4  stdout.o(.data)
    hcan1                                    0x20000340   Data          40  can.o(.bss)
    hcan2                                    0x20000368   Data          40  can.o(.bss)
    htim2                                    0x20000390   Data          72  tim.o(.bss)
    huart7                                   0x200003d8   Data          72  usart.o(.bss)
    huart1                                   0x20000420   Data          72  usart.o(.bss)
    huart2                                   0x20000468   Data          72  usart.o(.bss)
    huart3                                   0x200004b0   Data          72  usart.o(.bss)
    huart6                                   0x200004f8   Data          72  usart.o(.bss)
    hdma_usart1_rx                           0x20000540   Data          96  usart.o(.bss)
    hdma_usart2_tx                           0x200005a0   Data          96  usart.o(.bss)
    hdma_usart3_tx                           0x20000600   Data          96  usart.o(.bss)
    hdma_usart3_rx                           0x20000660   Data          96  usart.o(.bss)
    hdma_usart6_tx                           0x200006c0   Data          96  usart.o(.bss)
    hdma_usart6_rx                           0x20000720   Data          96  usart.o(.bss)
    CHASSIS_DATAMOTOR1                       0x20000780   Data          10  can_receive.o(.bss)
    CHASSIS_DATAMOTOR2                       0x2000078a   Data          10  can_receive.o(.bss)
    CHASSIS_DATAMOTOR3                       0x20000794   Data          10  can_receive.o(.bss)
    CHASSIS_DATAMOTOR4                       0x2000079e   Data          10  can_receive.o(.bss)
    RIGHT_DATA2006                           0x200007a8   Data          10  can_receive.o(.bss)
    LEFT_DATA2006                            0x200007b2   Data          10  can_receive.o(.bss)
    DOWN_DATA2006                            0x200007bc   Data          10  can_receive.o(.bss)
    J1_DATA3508                              0x200007c6   Data          10  can_receive.o(.bss)
    J2_DATA3508                              0x200007d0   Data          10  can_receive.o(.bss)
    STRETCH_DATA2006                         0x200007da   Data          10  can_receive.o(.bss)
    chassis_move                             0x20000814   Data         524  chassis_task.o(.bss)
    gimbal_control                           0x20000a20   Data         684  gimbal_task.o(.bss)
    rc_ctrl                                  0x20000ccc   Data          46  remote_control.o(.bss)
    Judge_Buffer                             0x20000d5e   Data         200  judge.o(.bss)
    GameRobotSurvivors                       0x20000e26   Data          36  judge.o(.bss)
    GameRobotStat                            0x20000e4a   Data          26  judge.o(.bss)
    PowerHeatData                            0x20000e64   Data          16  judge.o(.bss)
    GameRobotPos                             0x20000e74   Data          16  judge.o(.bss)
    RxBuff                                   0x20000e84   Data         200  judge.o(.bss)
    __initial_sp                             0x20005040   Data           0  startup_stm32f427xx.o(STACK)



==============================================================================

Memory Map of the image

  Image Entry point : 0x080001ad

  Load Region LR_IROM1 (Base: 0x08000000, Size: 0x00005ac8, Max: 0x00200000, ABSOLUTE)

    Execution Region ER_IROM1 (Exec base: 0x08000000, Load base: 0x08000000, Size: 0x000059dc, Max: 0x00200000, ABSOLUTE)

    Exec Addr    Load Addr    Size         Type   Attr      Idx    E Section Name        Object

    0x08000000   0x08000000   0x000001ac   Data   RO            3    RESET               startup_stm32f427xx.o
    0x080001ac   0x080001ac   0x00000000   Code   RO         6450  * .ARM.Collect$$$$00000000  mc_w.l(entry.o)
    0x080001ac   0x080001ac   0x00000004   Code   RO         6814    .ARM.Collect$$$$00000001  mc_w.l(entry2.o)
    0x080001b0   0x080001b0   0x00000004   Code   RO         6817    .ARM.Collect$$$$00000004  mc_w.l(entry5.o)
    0x080001b4   0x080001b4   0x00000000   Code   RO         6819    .ARM.Collect$$$$00000008  mc_w.l(entry7b.o)
    0x080001b4   0x080001b4   0x00000000   Code   RO         6821    .ARM.Collect$$$$0000000A  mc_w.l(entry8b.o)
    0x080001b4   0x080001b4   0x00000008   Code   RO         6822    .ARM.Collect$$$$0000000B  mc_w.l(entry9a.o)
    0x080001bc   0x080001bc   0x00000000   Code   RO         6824    .ARM.Collect$$$$0000000D  mc_w.l(entry10a.o)
    0x080001bc   0x080001bc   0x00000000   Code   RO         6826    .ARM.Collect$$$$0000000F  mc_w.l(entry11a.o)
    0x080001bc   0x080001bc   0x00000004   Code   RO         6815    .ARM.Collect$$$$00002712  mc_w.l(entry2.o)
    0x080001c0   0x080001c0   0x000000be   Code   RO         5915    .emb_text           port.o
    0x0800027e   0x0800027e   0x00000002   PAD
    0x08000280   0x08000280   0x00000024   Code   RO            4    .text               startup_stm32f427xx.o
    0x080002a4   0x080002a4   0x00000062   Code   RO         6453    .text               mc_w.l(uldiv.o)
    0x08000306   0x08000306   0x00000024   Code   RO         6455    .text               mc_w.l(memcpya.o)
    0x0800032a   0x0800032a   0x00000024   Code   RO         6459    .text               mc_w.l(memseta.o)
    0x0800034e   0x0800034e   0x000000e4   Code   RO         6753    .text               mf_w.l(dmul.o)
    0x08000432   0x08000432   0x00000022   Code   RO         6757    .text               mf_w.l(dflti.o)
    0x08000454   0x08000454   0x00000038   Code   RO         6767    .text               mf_w.l(d2f.o)
    0x0800048c   0x0800048c   0x0000001e   Code   RO         6831    .text               mc_w.l(llshl.o)
    0x080004aa   0x080004aa   0x00000020   Code   RO         6833    .text               mc_w.l(llushr.o)
    0x080004ca   0x080004ca   0x00000000   Code   RO         6846    .text               mc_w.l(iusefp.o)
    0x080004ca   0x080004ca   0x0000006e   Code   RO         6847    .text               mf_w.l(fepilogue.o)
    0x08000538   0x08000538   0x000000ba   Code   RO         6849    .text               mf_w.l(depilogue.o)
    0x080005f2   0x080005f2   0x00000002   PAD
    0x080005f4   0x080005f4   0x00000024   Code   RO         6859    .text               mc_w.l(init.o)
    0x08000618   0x08000618   0x0000003c   Code   RO         3666    i.BSP_M15_SavePID   bsp_m15_motor.o
    0x08000654   0x08000654   0x0000003c   Code   RO         3667    i.BSP_M15_SetMode   bsp_m15_motor.o
    0x08000690   0x08000690   0x00000050   Code   RO         3668    i.BSP_M15_SetPID    bsp_m15_motor.o
    0x080006e0   0x080006e0   0x00000064   Code   RO         3669    i.BSP_M15_SetPosition  bsp_m15_motor.o
    0x08000744   0x08000744   0x00000050   Code   RO         3670    i.BSP_M15_SetPositionLimit  bsp_m15_motor.o
    0x08000794   0x08000794   0x00000002   Code   RO          548    i.BusFault_Handler  stm32f4xx_it.o
    0x08000796   0x08000796   0x00000002   PAD
    0x08000798   0x08000798   0x0000000c   Code   RO          549    i.CAN1_RX0_IRQHandler  stm32f4xx_it.o
    0x080007a4   0x080007a4   0x0000000c   Code   RO          550    i.CAN1_TX_IRQHandler  stm32f4xx_it.o
    0x080007b0   0x080007b0   0x0000000c   Code   RO          551    i.CAN2_RX0_IRQHandler  stm32f4xx_it.o
    0x080007bc   0x080007bc   0x0000000c   Code   RO          552    i.CAN2_TX_IRQHandler  stm32f4xx_it.o
    0x080007c8   0x080007c8   0x00000048   Code   RO         4038    i.CAN_cmd_chassis   can_receive.o
    0x08000810   0x08000810   0x00000048   Code   RO         4039    i.CAN_cmd_gimbal1   can_receive.o
    0x08000858   0x08000858   0x00000048   Code   RO         4040    i.CAN_cmd_gimbal2   can_receive.o
    0x080008a0   0x080008a0   0x0000000c   Code   RO          553    i.DMA1_Stream1_IRQHandler  stm32f4xx_it.o
    0x080008ac   0x080008ac   0x0000000c   Code   RO          554    i.DMA1_Stream3_IRQHandler  stm32f4xx_it.o
    0x080008b8   0x080008b8   0x0000000c   Code   RO          555    i.DMA1_Stream6_IRQHandler  stm32f4xx_it.o
    0x080008c4   0x080008c4   0x0000000c   Code   RO          556    i.DMA2_Stream1_IRQHandler  stm32f4xx_it.o
    0x080008d0   0x080008d0   0x0000000c   Code   RO          557    i.DMA2_Stream2_IRQHandler  stm32f4xx_it.o
    0x080008dc   0x080008dc   0x0000000c   Code   RO          558    i.DMA2_Stream6_IRQHandler  stm32f4xx_it.o
    0x080008e8   0x080008e8   0x00000028   Code   RO         1475    i.DMA_CalcBaseAndBitshift  stm32f4xx_hal_dma.o
    0x08000910   0x08000910   0x00000054   Code   RO         1476    i.DMA_CheckFifoParam  stm32f4xx_hal_dma.o
    0x08000964   0x08000964   0x00000028   Code   RO         1477    i.DMA_SetConfig     stm32f4xx_hal_dma.o
    0x0800098c   0x0800098c   0x00000002   Code   RO          559    i.DebugMon_Handler  stm32f4xx_it.o
    0x0800098e   0x0800098e   0x00000004   Code   RO           13    i.Error_Handler     main.o
    0x08000992   0x08000992   0x00000002   PAD
    0x08000994   0x08000994   0x0000002c   Code   RO         4574    i.Get_CRC16_Check_Sum  judge.o
    0x080009c0   0x080009c0   0x0000001c   Code   RO         4575    i.Get_CRC8_Check_Sum  judge.o
    0x080009dc   0x080009dc   0x00000024   Code   RO          731    i.HAL_CAN_ActivateNotification  stm32f4xx_hal_can.o
    0x08000a00   0x08000a00   0x000000bc   Code   RO          732    i.HAL_CAN_AddTxMessage  stm32f4xx_hal_can.o
    0x08000abc   0x08000abc   0x0000010c   Code   RO          733    i.HAL_CAN_ConfigFilter  stm32f4xx_hal_can.o
    0x08000bc8   0x08000bc8   0x00000002   Code   RO          736    i.HAL_CAN_ErrorCallback  stm32f4xx_hal_can.o
    0x08000bca   0x08000bca   0x000000f4   Code   RO          739    i.HAL_CAN_GetRxMessage  stm32f4xx_hal_can.o
    0x08000cbe   0x08000cbe   0x000001fc   Code   RO          743    i.HAL_CAN_IRQHandler  stm32f4xx_hal_can.o
    0x08000eba   0x08000eba   0x0000011a   Code   RO          744    i.HAL_CAN_Init      stm32f4xx_hal_can.o
    0x08000fd4   0x08000fd4   0x00000118   Code   RO          362    i.HAL_CAN_MspInit   can.o
    0x080010ec   0x080010ec   0x00000002   Code   RO          751    i.HAL_CAN_RxFifo0FullCallback  stm32f4xx_hal_can.o
    0x080010ee   0x080010ee   0x00000002   PAD
    0x080010f0   0x080010f0   0x000000e8   Code   RO         4041    i.HAL_CAN_RxFifo0MsgPendingCallback  can_receive.o
    0x080011d8   0x080011d8   0x00000002   Code   RO          753    i.HAL_CAN_RxFifo1FullCallback  stm32f4xx_hal_can.o
    0x080011da   0x080011da   0x00000002   Code   RO          754    i.HAL_CAN_RxFifo1MsgPendingCallback  stm32f4xx_hal_can.o
    0x080011dc   0x080011dc   0x00000002   Code   RO          755    i.HAL_CAN_SleepCallback  stm32f4xx_hal_can.o
    0x080011de   0x080011de   0x00000056   Code   RO          756    i.HAL_CAN_Start     stm32f4xx_hal_can.o
    0x08001234   0x08001234   0x00000002   Code   RO          758    i.HAL_CAN_TxMailbox0AbortCallback  stm32f4xx_hal_can.o
    0x08001236   0x08001236   0x00000002   Code   RO          759    i.HAL_CAN_TxMailbox0CompleteCallback  stm32f4xx_hal_can.o
    0x08001238   0x08001238   0x00000002   Code   RO          760    i.HAL_CAN_TxMailbox1AbortCallback  stm32f4xx_hal_can.o
    0x0800123a   0x0800123a   0x00000002   Code   RO          761    i.HAL_CAN_TxMailbox1CompleteCallback  stm32f4xx_hal_can.o
    0x0800123c   0x0800123c   0x00000002   Code   RO          762    i.HAL_CAN_TxMailbox2AbortCallback  stm32f4xx_hal_can.o
    0x0800123e   0x0800123e   0x00000002   Code   RO          763    i.HAL_CAN_TxMailbox2CompleteCallback  stm32f4xx_hal_can.o
    0x08001240   0x08001240   0x00000002   Code   RO          765    i.HAL_CAN_WakeUpFromRxMsgCallback  stm32f4xx_hal_can.o
    0x08001242   0x08001242   0x00000092   Code   RO         1478    i.HAL_DMA_Abort     stm32f4xx_hal_dma.o
    0x080012d4   0x080012d4   0x00000024   Code   RO         1479    i.HAL_DMA_Abort_IT  stm32f4xx_hal_dma.o
    0x080012f8   0x080012f8   0x000001a0   Code   RO         1483    i.HAL_DMA_IRQHandler  stm32f4xx_hal_dma.o
    0x08001498   0x08001498   0x000000d4   Code   RO         1484    i.HAL_DMA_Init      stm32f4xx_hal_dma.o
    0x0800156c   0x0800156c   0x0000006e   Code   RO         1488    i.HAL_DMA_Start_IT  stm32f4xx_hal_dma.o
    0x080015da   0x080015da   0x00000002   PAD
    0x080015dc   0x080015dc   0x00000024   Code   RO         1933    i.HAL_Delay         stm32f4xx_hal.o
    0x08001600   0x08001600   0x000001ec   Code   RO         1371    i.HAL_GPIO_Init     stm32f4xx_hal_gpio.o
    0x080017ec   0x080017ec   0x0000000a   Code   RO         1375    i.HAL_GPIO_WritePin  stm32f4xx_hal_gpio.o
    0x080017f6   0x080017f6   0x00000002   PAD
    0x080017f8   0x080017f8   0x0000000c   Code   RO         1941    i.HAL_GetTick       stm32f4xx_hal.o
    0x08001804   0x08001804   0x00000010   Code   RO         1947    i.HAL_IncTick       stm32f4xx_hal.o
    0x08001814   0x08001814   0x00000034   Code   RO         1948    i.HAL_Init          stm32f4xx_hal.o
    0x08001848   0x08001848   0x00000040   Code   RO         1949    i.HAL_InitTick      stm32f4xx_hal.o
    0x08001888   0x08001888   0x00000038   Code   RO          706    i.HAL_MspInit       stm32f4xx_hal_msp.o
    0x080018c0   0x080018c0   0x0000001a   Code   RO         1781    i.HAL_NVIC_EnableIRQ  stm32f4xx_hal_cortex.o
    0x080018da   0x080018da   0x00000002   PAD
    0x080018dc   0x080018dc   0x00000040   Code   RO         1787    i.HAL_NVIC_SetPriority  stm32f4xx_hal_cortex.o
    0x0800191c   0x0800191c   0x00000024   Code   RO         1788    i.HAL_NVIC_SetPriorityGrouping  stm32f4xx_hal_cortex.o
    0x08001940   0x08001940   0x00000134   Code   RO          965    i.HAL_RCC_ClockConfig  stm32f4xx_hal_rcc.o
    0x08001a74   0x08001a74   0x00000020   Code   RO          972    i.HAL_RCC_GetPCLK1Freq  stm32f4xx_hal_rcc.o
    0x08001a94   0x08001a94   0x00000020   Code   RO          973    i.HAL_RCC_GetPCLK2Freq  stm32f4xx_hal_rcc.o
    0x08001ab4   0x08001ab4   0x00000064   Code   RO          974    i.HAL_RCC_GetSysClockFreq  stm32f4xx_hal_rcc.o
    0x08001b18   0x08001b18   0x00000358   Code   RO          977    i.HAL_RCC_OscConfig  stm32f4xx_hal_rcc.o
    0x08001e70   0x08001e70   0x00000028   Code   RO         1792    i.HAL_SYSTICK_Config  stm32f4xx_hal_cortex.o
    0x08001e98   0x08001e98   0x00000090   Code   RO         2921    i.HAL_TIMEx_MasterConfigSynchronization  stm32f4xx_hal_tim_ex.o
    0x08001f28   0x08001f28   0x0000005a   Code   RO         2198    i.HAL_TIM_Base_Init  stm32f4xx_hal_tim.o
    0x08001f82   0x08001f82   0x00000002   PAD
    0x08001f84   0x08001f84   0x00000024   Code   RO          435    i.HAL_TIM_Base_MspInit  tim.o
    0x08001fa8   0x08001fa8   0x000000dc   Code   RO         2207    i.HAL_TIM_ConfigClockSource  stm32f4xx_hal_tim.o
    0x08002084   0x08002084   0x0000004c   Code   RO          436    i.HAL_TIM_MspPostInit  tim.o
    0x080020d0   0x080020d0   0x000000cc   Code   RO         2270    i.HAL_TIM_PWM_ConfigChannel  stm32f4xx_hal_tim.o
    0x0800219c   0x0800219c   0x0000005a   Code   RO         2273    i.HAL_TIM_PWM_Init  stm32f4xx_hal_tim.o
    0x080021f6   0x080021f6   0x00000002   Code   RO         2275    i.HAL_TIM_PWM_MspInit  stm32f4xx_hal_tim.o
    0x080021f8   0x080021f8   0x000000d0   Code   RO         2278    i.HAL_TIM_PWM_Start  stm32f4xx_hal_tim.o
    0x080022c8   0x080022c8   0x00000002   Code   RO         3181    i.HAL_UARTEx_RxEventCallback  stm32f4xx_hal_uart.o
    0x080022ca   0x080022ca   0x00000070   Code   RO         3193    i.HAL_UART_DMAStop  stm32f4xx_hal_uart.o
    0x0800233a   0x0800233a   0x00000002   Code   RO         3195    i.HAL_UART_ErrorCallback  stm32f4xx_hal_uart.o
    0x0800233c   0x0800233c   0x00000270   Code   RO         3198    i.HAL_UART_IRQHandler  stm32f4xx_hal_uart.o
    0x080025ac   0x080025ac   0x00000064   Code   RO         3199    i.HAL_UART_Init     stm32f4xx_hal_uart.o
    0x08002610   0x08002610   0x00000340   Code   RO          483    i.HAL_UART_MspInit  usart.o
    0x08002950   0x08002950   0x0000001c   Code   RO         3203    i.HAL_UART_Receive_DMA  stm32f4xx_hal_uart.o
    0x0800296c   0x0800296c   0x00000002   Code   RO         3205    i.HAL_UART_RxCpltCallback  stm32f4xx_hal_uart.o
    0x0800296e   0x0800296e   0x00000002   Code   RO         3206    i.HAL_UART_RxHalfCpltCallback  stm32f4xx_hal_uart.o
    0x08002970   0x08002970   0x000000a0   Code   RO         3207    i.HAL_UART_Transmit  stm32f4xx_hal_uart.o
    0x08002a10   0x08002a10   0x00000002   Code   RO         3210    i.HAL_UART_TxCpltCallback  stm32f4xx_hal_uart.o
    0x08002a12   0x08002a12   0x00000002   Code   RO          560    i.HardFault_Handler  stm32f4xx_it.o
    0x08002a14   0x08002a14   0x0000019c   Code   RO         4578    i.Judgment_data_Get  judge.o
    0x08002bb0   0x08002bb0   0x00000044   Code   RO          363    i.MX_CAN1_Init      can.o
    0x08002bf4   0x08002bf4   0x00000044   Code   RO          364    i.MX_CAN2_Init      can.o
    0x08002c38   0x08002c38   0x0000008c   Code   RO          410    i.MX_DMA_Init       dma.o
    0x08002cc4   0x08002cc4   0x00000080   Code   RO          289    i.MX_FREERTOS_Init  freertos.o
    0x08002d44   0x08002d44   0x0000010c   Code   RO          265    i.MX_GPIO_Init      gpio.o
    0x08002e50   0x08002e50   0x00000098   Code   RO          437    i.MX_TIM2_Init      tim.o
    0x08002ee8   0x08002ee8   0x00000038   Code   RO          484    i.MX_UART7_Init     usart.o
    0x08002f20   0x08002f20   0x00000040   Code   RO          485    i.MX_USART1_UART_Init  usart.o
    0x08002f60   0x08002f60   0x00000038   Code   RO          486    i.MX_USART2_UART_Init  usart.o
    0x08002f98   0x08002f98   0x00000038   Code   RO          487    i.MX_USART3_UART_Init  usart.o
    0x08002fd0   0x08002fd0   0x00000038   Code   RO          488    i.MX_USART6_UART_Init  usart.o
    0x08003008   0x08003008   0x00000002   Code   RO          561    i.MemManage_Handler  stm32f4xx_it.o
    0x0800300a   0x0800300a   0x00000002   Code   RO          562    i.NMI_Handler       stm32f4xx_it.o
    0x0800300c   0x0800300c   0x00000128   Code   RO         5995    i.PID_calc          pid.o
    0x08003134   0x08003134   0x0000005c   Code   RO         5997    i.PID_init          pid.o
    0x08003190   0x08003190   0x00000060   Code   RO         3745    i.RC_init           bsp_rc.o
    0x080031f0   0x080031f0   0x00000004   Code   RO         4005    i.Servo_Init        servo.o
    0x080031f4   0x080031f4   0x00000078   Code   RO         4006    i.Servo_SetAngle    servo.o
    0x0800326c   0x0800326c   0x00000008   Code   RO          290    i.StartDefaultTask  freertos.o
    0x08003274   0x08003274   0x00000018   Code   RO          563    i.SysTick_Handler   stm32f4xx_it.o
    0x0800328c   0x0800328c   0x00000094   Code   RO           14    i.SystemClock_Config  main.o
    0x08003320   0x08003320   0x00000010   Code   RO         3533    i.SystemInit        system_stm32f4xx.o
    0x08003330   0x08003330   0x000000d8   Code   RO         2291    i.TIM_Base_SetConfig  stm32f4xx_hal_tim.o
    0x08003408   0x08003408   0x0000001a   Code   RO         2292    i.TIM_CCxChannelCmd  stm32f4xx_hal_tim.o
    0x08003422   0x08003422   0x00000014   Code   RO         2302    i.TIM_ETR_SetConfig  stm32f4xx_hal_tim.o
    0x08003436   0x08003436   0x00000010   Code   RO         2303    i.TIM_ITRx_SetConfig  stm32f4xx_hal_tim.o
    0x08003446   0x08003446   0x00000002   PAD
    0x08003448   0x08003448   0x00000060   Code   RO         2304    i.TIM_OC1_SetConfig  stm32f4xx_hal_tim.o
    0x080034a8   0x080034a8   0x0000006c   Code   RO         2305    i.TIM_OC2_SetConfig  stm32f4xx_hal_tim.o
    0x08003514   0x08003514   0x00000068   Code   RO         2306    i.TIM_OC3_SetConfig  stm32f4xx_hal_tim.o
    0x0800357c   0x0800357c   0x00000050   Code   RO         2307    i.TIM_OC4_SetConfig  stm32f4xx_hal_tim.o
    0x080035cc   0x080035cc   0x00000022   Code   RO         2309    i.TIM_TI1_ConfigInputStage  stm32f4xx_hal_tim.o
    0x080035ee   0x080035ee   0x00000024   Code   RO         2311    i.TIM_TI2_ConfigInputStage  stm32f4xx_hal_tim.o
    0x08003612   0x08003612   0x00000002   PAD
    0x08003614   0x08003614   0x0000000c   Code   RO          564    i.UART7_IRQHandler  stm32f4xx_it.o
    0x08003620   0x08003620   0x00000010   Code   RO         3212    i.UART_DMAAbortOnError  stm32f4xx_hal_uart.o
    0x08003630   0x08003630   0x0000004a   Code   RO         3213    i.UART_DMAError     stm32f4xx_hal_uart.o
    0x0800367a   0x0800367a   0x00000086   Code   RO         3214    i.UART_DMAReceiveCplt  stm32f4xx_hal_uart.o
    0x08003700   0x08003700   0x0000001e   Code   RO         3216    i.UART_DMARxHalfCplt  stm32f4xx_hal_uart.o
    0x0800371e   0x0800371e   0x0000004e   Code   RO         3222    i.UART_EndRxTransfer  stm32f4xx_hal_uart.o
    0x0800376c   0x0800376c   0x0000001c   Code   RO         3223    i.UART_EndTxTransfer  stm32f4xx_hal_uart.o
    0x08003788   0x08003788   0x000000c2   Code   RO         3224    i.UART_Receive_IT   stm32f4xx_hal_uart.o
    0x0800384a   0x0800384a   0x00000002   PAD
    0x0800384c   0x0800384c   0x0000010c   Code   RO         3225    i.UART_SetConfig    stm32f4xx_hal_uart.o
    0x08003958   0x08003958   0x00000094   Code   RO         3226    i.UART_Start_Receive_DMA  stm32f4xx_hal_uart.o
    0x080039ec   0x080039ec   0x00000070   Code   RO         3228    i.UART_WaitOnFlagUntilTimeout  stm32f4xx_hal_uart.o
    0x08003a5c   0x08003a5c   0x00000014   Code   RO          565    i.USART1_IRQHandler  stm32f4xx_it.o
    0x08003a70   0x08003a70   0x000000a8   Code   RO         4351    i.USART1_IRQHandler123  remote_control.o
    0x08003b18   0x08003b18   0x0000000c   Code   RO          566    i.USART2_IRQHandler  stm32f4xx_it.o
    0x08003b24   0x08003b24   0x0000008c   Code   RO          567    i.USART3_IRQHandler  stm32f4xx_it.o
    0x08003bb0   0x08003bb0   0x0000000c   Code   RO          568    i.USART6_IRQHandler  stm32f4xx_it.o
    0x08003bbc   0x08003bbc   0x00000002   Code   RO          569    i.UsageFault_Handler  stm32f4xx_it.o
    0x08003bbe   0x08003bbe   0x00000002   PAD
    0x08003bc0   0x08003bc0   0x0000008c   Code   RO         4535    i.Vacuum_task       vacuum_suction_task.o
    0x08003c4c   0x08003c4c   0x0000003c   Code   RO         4580    i.Verify_CRC16_Check_Sum  judge.o
    0x08003c88   0x08003c88   0x00000026   Code   RO         4581    i.Verify_CRC8_Check_Sum  judge.o
    0x08003cae   0x08003cae   0x00000002   PAD
    0x08003cb0   0x08003cb0   0x00000010   Code   RO         6464    i.__0printf$bare    mc_w.l(printfb.o)
    0x08003cc0   0x08003cc0   0x00000020   Code   RO         1794    i.__NVIC_SetPriority  stm32f4xx_hal_cortex.o
    0x08003ce0   0x08003ce0   0x0000000e   Code   RO         6865    i.__scatterload_copy  mc_w.l(handlers.o)
    0x08003cee   0x08003cee   0x00000002   Code   RO         6866    i.__scatterload_null  mc_w.l(handlers.o)
    0x08003cf0   0x08003cf0   0x0000000e   Code   RO         6867    i.__scatterload_zeroinit  mc_w.l(handlers.o)
    0x08003cfe   0x08003cfe   0x00000022   Code   RO         6471    i._printf_core      mc_w.l(printfb.o)
    0x08003d20   0x08003d20   0x00000058   Code   RO         3570    i.can_filter_init   bsp_can.o
    0x08003d78   0x08003d78   0x00000094   Code   RO         4412    i.chassis_behaviour_control_set  chassis_behaviour.o
    0x08003e0c   0x08003e0c   0x0000004c   Code   RO         4413    i.chassis_behaviour_mode_set  chassis_behaviour.o
    0x08003e58   0x08003e58   0x00000144   Code   RO         4182    i.chassis_control_loop  chassis_task.o
    0x08003f9c   0x08003f9c   0x000000b0   Code   RO         4183    i.chassis_feedback_update  chassis_task.o
    0x0800404c   0x0800404c   0x000000b8   Code   RO         4184    i.chassis_init      chassis_task.o
    0x08004104   0x08004104   0x000000c0   Code   RO         4185    i.chassis_rc_to_control_vector  chassis_task.o
    0x080041c4   0x080041c4   0x00000090   Code   RO         4186    i.chassis_set_contorl  chassis_task.o
    0x08004254   0x08004254   0x00000088   Code   RO         4187    i.chassis_task      chassis_task.o
    0x080042dc   0x080042dc   0x0000004e   Code   RO         4443    i.first_order_filter_cali  user_lib.o
    0x0800432a   0x0800432a   0x00000012   Code   RO         4444    i.first_order_filter_init  user_lib.o
    0x0800433c   0x0800433c   0x00000020   Code   RO         4445    i.fp32_constrain    user_lib.o
    0x0800435c   0x0800435c   0x0000001c   Code   RO         4352    i.fputc             remote_control.o
    0x08004378   0x08004378   0x0000002c   Code   RO         4042    i.get_chassis_motor_measure_point  can_receive.o
    0x080043a4   0x080043a4   0x00000008   Code   RO         4043    i.get_d2006_motor_measure_point  can_receive.o
    0x080043ac   0x080043ac   0x00000008   Code   RO         4044    i.get_j1_gimbal_motor_measure_point  can_receive.o
    0x080043b4   0x080043b4   0x00000008   Code   RO         4045    i.get_j2_gimbal_motor_measure_point  can_receive.o
    0x080043bc   0x080043bc   0x00000008   Code   RO         4046    i.get_l2006_motor_measure_point  can_receive.o
    0x080043c4   0x080043c4   0x00000008   Code   RO         4047    i.get_r2006_motor_measure_point  can_receive.o
    0x080043cc   0x080043cc   0x00000008   Code   RO         4353    i.get_remote_control_point  remote_control.o
    0x080043d4   0x080043d4   0x00000008   Code   RO         4048    i.get_s2006_motor_measure_point  can_receive.o
    0x080043dc   0x080043dc   0x000000c6   Code   RO         4266    i.gimbal_control_loop  gimbal_task.o
    0x080044a2   0x080044a2   0x00000002   PAD
    0x080044a4   0x080044a4   0x000000c4   Code   RO         4267    i.gimbal_feedback_update  gimbal_task.o
    0x08004568   0x08004568   0x000000e4   Code   RO         4268    i.gimbal_init       gimbal_task.o
    0x0800464c   0x0800464c   0x0000015c   Code   RO         4269    i.gimbal_set_control  gimbal_task.o
    0x080047a8   0x080047a8   0x000000a4   Code   RO         4270    i.gimbal_task       gimbal_task.o
    0x0800484c   0x0800484c   0x00000028   Code   RO         4668    i.judge_task        judge_task.o
    0x08004874   0x08004874   0x00000050   Code   RO           15    i.main              main.o
    0x080048c4   0x080048c4   0x0000000c   Code   RO         5481    i.makeFreeRtosPriority  cmsis_os.o
    0x080048d0   0x080048d0   0x0000000e   Code   RO         5483    i.osDelay           cmsis_os.o
    0x080048de   0x080048de   0x0000000a   Code   RO         5486    i.osKernelStart     cmsis_os.o
    0x080048e8   0x080048e8   0x00000054   Code   RO         5520    i.osThreadCreate    cmsis_os.o
    0x0800493c   0x0800493c   0x00000070   Code   RO         5163    i.prvAddCurrentTaskToDelayedList  tasks.o
    0x080049ac   0x080049ac   0x000000d0   Code   RO         5164    i.prvAddNewTaskToReadyList  tasks.o
    0x08004a7c   0x08004a7c   0x00000034   Code   RO         5165    i.prvDeleteTCB      tasks.o
    0x08004ab0   0x08004ab0   0x0000004c   Code   RO         5848    i.prvHeapInit       heap_4.o
    0x08004afc   0x08004afc   0x0000005c   Code   RO         5166    i.prvIdleTask       tasks.o
    0x08004b58   0x08004b58   0x00000098   Code   RO         5167    i.prvInitialiseNewTask  tasks.o
    0x08004bf0   0x08004bf0   0x0000004c   Code   RO         5849    i.prvInsertBlockIntoFreeList  heap_4.o
    0x08004c3c   0x08004c3c   0x00000020   Code   RO         5168    i.prvResetNextTaskUnblockTime  tasks.o
    0x08004c5c   0x08004c5c   0x00000028   Code   RO         5916    i.prvTaskExitError  port.o
    0x08004c84   0x08004c84   0x000000dc   Code   RO         5850    i.pvPortMalloc      heap_4.o
    0x08004d60   0x08004d60   0x0000002c   Code   RO         5917    i.pxPortInitialiseStack  port.o
    0x08004d8c   0x08004d8c   0x00000010   Code   RO         4354    i.remote_control_init  remote_control.o
    0x08004d9c   0x08004d9c   0x000001a8   Code   RO         4355    i.sbus_to_rc        remote_control.o
    0x08004f44   0x08004f44   0x00000026   Code   RO         4799    i.uxListRemove      list.o
    0x08004f6a   0x08004f6a   0x00000002   PAD
    0x08004f6c   0x08004f6c   0x00000014   Code   RO          291    i.vApplicationGetIdleTaskMemory  freertos.o
    0x08004f80   0x08004f80   0x00000016   Code   RO         4800    i.vListInitialise   list.o
    0x08004f96   0x08004f96   0x00000006   Code   RO         4801    i.vListInitialiseItem  list.o
    0x08004f9c   0x08004f9c   0x00000030   Code   RO         4802    i.vListInsert       list.o
    0x08004fcc   0x08004fcc   0x00000018   Code   RO         4803    i.vListInsertEnd    list.o
    0x08004fe4   0x08004fe4   0x00000040   Code   RO         5919    i.vPortEnterCritical  port.o
    0x08005024   0x08005024   0x00000028   Code   RO         5920    i.vPortExitCritical  port.o
    0x0800504c   0x0800504c   0x00000064   Code   RO         5851    i.vPortFree         heap_4.o
    0x080050b0   0x080050b0   0x00000024   Code   RO         5921    i.vPortSetupTimerInterrupt  port.o
    0x080050d4   0x080050d4   0x0000004c   Code   RO         5177    i.vTaskDelay        tasks.o
    0x08005120   0x08005120   0x0000006c   Code   RO         5190    i.vTaskStartScheduler  tasks.o
    0x0800518c   0x0800518c   0x00000010   Code   RO         5192    i.vTaskSuspendAll   tasks.o
    0x0800519c   0x0800519c   0x0000005c   Code   RO         5193    i.vTaskSwitchContext  tasks.o
    0x080051f8   0x080051f8   0x000000f4   Code   RO         5923    i.xPortStartScheduler  port.o
    0x080052ec   0x080052ec   0x0000002c   Code   RO         5924    i.xPortSysTickHandler  port.o
    0x08005318   0x08005318   0x0000005a   Code   RO         5196    i.xTaskCreate       tasks.o
    0x08005372   0x08005372   0x0000005a   Code   RO         5197    i.xTaskCreateStatic  tasks.o
    0x080053cc   0x080053cc   0x0000001c   Code   RO         5201    i.xTaskGetSchedulerState  tasks.o
    0x080053e8   0x080053e8   0x000000cc   Code   RO         5204    i.xTaskIncrementTick  tasks.o
    0x080054b4   0x080054b4   0x000000c4   Code   RO         5210    i.xTaskResumeAll    tasks.o
    0x08005578   0x08005578   0x0000008c   Data   RO          293    .constdata          freertos.o
    0x08005604   0x08005604   0x00000008   Data   RO         1490    .constdata          stm32f4xx_hal_dma.o
    0x0800560c   0x0800560c   0x00000010   Data   RO         3534    .constdata          system_stm32f4xx.o
    0x0800561c   0x0800561c   0x00000008   Data   RO         3535    .constdata          system_stm32f4xx.o
    0x08005624   0x08005624   0x00000014   Data   RO         4189    .constdata          chassis_task.o
    0x08005638   0x08005638   0x00000048   Data   RO         4272    .constdata          gimbal_task.o
    0x08005680   0x08005680   0x00000300   Data   RO         4587    .constdata          judge.o
    0x08005980   0x08005980   0x0000003c   Data   RO          294    .conststring        freertos.o
    0x080059bc   0x080059bc   0x00000020   Data   RO         6863    Region$$Table       anon$$obj.o


    Execution Region RW_IRAM2 (Exec base: 0x10000000, Load base: 0x08005ac8, Size: 0x00000000, Max: 0x00010000, ABSOLUTE)

    **** No section assigned to this execution region ****


    Execution Region RW_IRAM1 (Exec base: 0x20000000, Load base: 0x080059dc, Size: 0x00005040, Max: 0x00030000, ABSOLUTE)

    Exec Addr    Load Addr    Size         Type   Attr      Idx    E Section Name        Object

    0x20000000   0x080059dc   0x00000004   Data   RW           16    .data               main.o
    0x20000004   0x080059e0   0x00000014   Data   RW          295    .data               freertos.o
    0x20000018   0x080059f4   0x00000004   Data   RW          366    .data               can.o
    0x2000001c   0x080059f8   0x00000002   Data   RW          570    .data               stm32f4xx_it.o
    0x2000001e   0x080059fa   0x00000002   PAD
    0x20000020   0x080059fc   0x0000000c   Data   RW         1955    .data               stm32f4xx_hal.o
    0x2000002c   0x08005a08   0x00000004   Data   RW         3536    .data               system_stm32f4xx.o
    0x20000030   0x08005a0c   0x00000018   Data   RW         4050    .data               can_receive.o
    0x20000048   0x08005a24   0x00000002   Data   RW         4357    .data               remote_control.o
    0x2000004a   0x08005a26   0x00000001   Data   RW         4414    .data               chassis_behaviour.o
    0x2000004b   0x08005a27   0x00000001   PAD
    0x2000004c   0x08005a28   0x00000008   Data   RW         4536    .data               vacuum_suction_task.o
    0x20000054   0x08005a30   0x00000029   Data   RW         4588    .data               judge.o
    0x2000007d   0x08005a59   0x00000003   PAD
    0x20000080   0x08005a5c   0x0000003c   Data   RW         5213    .data               tasks.o
    0x200000bc   0x08005a98   0x00000020   Data   RW         5857    .data               heap_4.o
    0x200000dc   0x08005ab8   0x0000000c   Data   RW         5925    .data               port.o
    0x200000e8   0x08005ac4   0x00000004   Data   RW         6828    .data               mc_w.l(stdout.o)
    0x200000ec        -       0x00000254   Zero   RW          292    .bss                freertos.o
    0x20000340        -       0x00000050   Zero   RW          365    .bss                can.o
    0x20000390        -       0x00000048   Zero   RW          438    .bss                tim.o
    0x200003d8        -       0x000003a8   Zero   RW          489    .bss                usart.o
    0x20000780        -       0x00000094   Zero   RW         4049    .bss                can_receive.o
    0x20000814        -       0x0000020c   Zero   RW         4188    .bss                chassis_task.o
    0x20000a20        -       0x000002ac   Zero   RW         4271    .bss                gimbal_task.o
    0x20000ccc        -       0x00000092   Zero   RW         4356    .bss                remote_control.o
    0x20000d5e        -       0x000000c8   Zero   RW         4582    .bss                judge.o
    0x20000e26        -       0x0000005e   Zero   RW         4583    .bss                judge.o
    0x20000e84        -       0x000000c8   Zero   RW         4585    .bss                judge.o
    0x20000f4c        -       0x000000f0   Zero   RW         5212    .bss                tasks.o
    0x2000103c        -       0x00003c00   Zero   RW         5856    .bss                heap_4.o
    0x20004c3c   0x08005ac8   0x00000004   PAD
    0x20004c40        -       0x00000400   Zero   RW            1    STACK               startup_stm32f427xx.o


==============================================================================

Image component sizes


      Code (inc. data)   RO Data    RW Data    ZI Data      Debug   Object Name

         0          0          0          0          0     625624   3508_angle.o
        88          8          0          0          0     634782   bsp_can.o
       380         32          0          0          0       3762   bsp_m15_motor.o
        96         12          0          0          0       1050   bsp_rc.o
       416         42          0          4         80       2658   can.o
       540         88          0         24        148       9629   can_receive.o
       224         22          0          1          0       3066   chassis_behaviour.o
      1156         68         20          0        524      12433   chassis_task.o
       120          0          0          0          0      23597   cmsis_os.o
       140          4          0          0          0        914   dma.o
         0          0          0          0          0      16628   event_groups.o
       156         14        200         20        596       7691   freertos.o
      1134         68         72          0        684       7483   gimbal_task.o
       268         20          0          0          0       1167   gpio.o
       472         24          0         32      15360       7723   heap_4.o
       582         38        768         41        494      11466   judge.o
        40         10          0          0          0        549   judge_task.o
       138          0          0          0          0       3746   list.o
       232         14          0          4          0     784533   main.o
       388          8          0          0          0       2518   pid.o
       702         70          0         12          0      11348   port.o
       644         38          0          2        146       5514   remote_control.o
       124         18          0          0          0       1774   servo.o
        36          8        428          0       1024        912   startup_stm32f427xx.o
       180         28          0         12          0       9813   stm32f4xx_hal.o
      1636          6          0          0          0      15263   stm32f4xx_hal_can.o
       198         14          0          0          0      33987   stm32f4xx_hal_cortex.o
      1084         16          8          0          0       7658   stm32f4xx_hal_dma.o
       502         54          0          0          0       2404   stm32f4xx_hal_gpio.o
        56          4          0          0          0        930   stm32f4xx_hal_msp.o
      1328         76          0          0          0       5572   stm32f4xx_hal_rcc.o
      1550        112          0          0          0      14128   stm32f4xx_hal_tim.o
       144         28          0          0          0       1476   stm32f4xx_hal_tim_ex.o
      2116         30          0          0          0      16925   stm32f4xx_hal_uart.o
       352        102          0          2          0      12157   stm32f4xx_it.o
         0          0          0          0          0        344   stream_buffer.o
        16          4         24          4          0       1223   system_stm32f4xx.o
      1548        116          0         60        240      20755   tasks.o
       264         20          0          0         72       2532   tim.o
      1120        106          0          0        936       5514   usart.o
       128          0          0          0          0       3241   user_lib.o
       140         26          0          8          0       1524   vacuum_suction_task.o

    ----------------------------------------------------------------------
     20468       1348       1552        232      20308    2336013   Object Totals
         0          0         32          0          0          0   (incl. Generated)
        30          0          0          6          4          0   (incl. Padding)

    ----------------------------------------------------------------------

      Code (inc. data)   RO Data    RW Data    ZI Data      Debug   Library Member Name

         0          0          0          0          0          0   entry.o
         0          0          0          0          0          0   entry10a.o
         0          0          0          0          0          0   entry11a.o
         8          4          0          0          0          0   entry2.o
         4          0          0          0          0          0   entry5.o
         0          0          0          0          0          0   entry7b.o
         0          0          0          0          0          0   entry8b.o
         8          4          0          0          0          0   entry9a.o
        30          0          0          0          0          0   handlers.o
        36          8          0          0          0         68   init.o
         0          0          0          0          0          0   iusefp.o
        30          0          0          0          0         68   llshl.o
        32          0          0          0          0         68   llushr.o
        36          0          0          0          0         68   memcpya.o
        36          0          0          0          0        108   memseta.o
        50          8          0          0          0        152   printfb.o
         0          0          0          4          0          0   stdout.o
        98          0          0          0          0         92   uldiv.o
        56          0          0          0          0         88   d2f.o
       186          0          0          0          0        176   depilogue.o
        34          0          0          0          0         76   dflti.o
       228          0          0          0          0         96   dmul.o
       110          0          0          0          0        168   fepilogue.o

    ----------------------------------------------------------------------
       984         24          0          4          0       1228   Library Totals
         2          0          0          0          0          0   (incl. Padding)

    ----------------------------------------------------------------------

      Code (inc. data)   RO Data    RW Data    ZI Data      Debug   Library Name

       368         24          0          4          0        624   mc_w.l
       614          0          0          0          0        604   mf_w.l

    ----------------------------------------------------------------------
       984         24          0          4          0       1228   Library Totals

    ----------------------------------------------------------------------

==============================================================================


      Code (inc. data)   RO Data    RW Data    ZI Data      Debug   

     21452       1372       1552        236      20308    2317073   Grand Totals
     21452       1372       1552        236      20308    2317073   ELF Image Totals
     21452       1372       1552        236          0          0   ROM Totals

==============================================================================

    Total RO  Size (Code + RO Data)                23004 (  22.46kB)
    Total RW  Size (RW Data + ZI Data)             20544 (  20.06kB)
    Total ROM Size (Code + RO Data + RW Data)      23240 (  22.70kB)

==============================================================================

