Component: ARM Compiler 5.06 update 7 (build 960) Tool: armlink [4d3601]

==============================================================================

Section Cross References

    startup_stm32f427xx.o(RESET) refers to startup_stm32f427xx.o(STACK) for __initial_sp
    startup_stm32f427xx.o(RESET) refers to startup_stm32f427xx.o(.text) for Reset_Handler
    startup_stm32f427xx.o(RESET) refers to stm32f4xx_it.o(i.NMI_Handler) for NMI_Handler
    startup_stm32f427xx.o(RESET) refers to stm32f4xx_it.o(i.HardFault_Handler) for HardFault_Handler
    startup_stm32f427xx.o(RESET) refers to stm32f4xx_it.o(i.MemManage_Handler) for MemManage_Handler
    startup_stm32f427xx.o(RESET) refers to stm32f4xx_it.o(i.BusFault_Handler) for BusFault_Handler
    startup_stm32f427xx.o(RESET) refers to stm32f4xx_it.o(i.UsageFault_Handler) for UsageFault_Handler
    startup_stm32f427xx.o(RESET) refers to port.o(.emb_text) for SVC_Handler
    startup_stm32f427xx.o(RESET) refers to stm32f4xx_it.o(i.DebugMon_Handler) for DebugMon_Handler
    startup_stm32f427xx.o(RESET) refers to stm32f4xx_it.o(i.SysTick_Handler) for SysTick_Handler
    startup_stm32f427xx.o(RESET) refers to stm32f4xx_it.o(i.EXTI0_IRQHandler) for EXTI0_IRQHandler
    startup_stm32f427xx.o(RESET) refers to stm32f4xx_it.o(i.EXTI2_IRQHandler) for EXTI2_IRQHandler
    startup_stm32f427xx.o(RESET) refers to stm32f4xx_it.o(i.EXTI4_IRQHandler) for EXTI4_IRQHandler
    startup_stm32f427xx.o(RESET) refers to stm32f4xx_it.o(i.I2C2_EV_IRQHandler) for I2C2_EV_IRQHandler
    startup_stm32f427xx.o(RESET) refers to stm32f4xx_it.o(i.I2C2_ER_IRQHandler) for I2C2_ER_IRQHandler
    startup_stm32f427xx.o(.text) refers to system_stm32f4xx.o(i.SystemInit) for SystemInit
    startup_stm32f427xx.o(.text) refers to entry.o(.ARM.Collect$$$$00000000) for __main
    main.o(i.SystemClock_Config) refers to memseta.o(.text) for __aeabi_memclr4
    main.o(i.SystemClock_Config) refers to stm32f4xx_hal_rcc.o(i.HAL_RCC_OscConfig) for HAL_RCC_OscConfig
    main.o(i.SystemClock_Config) refers to main.o(i.Error_Handler) for Error_Handler
    main.o(i.SystemClock_Config) refers to stm32f4xx_hal_pwr_ex.o(i.HAL_PWREx_EnableOverDrive) for HAL_PWREx_EnableOverDrive
    main.o(i.SystemClock_Config) refers to stm32f4xx_hal_rcc.o(i.HAL_RCC_ClockConfig) for HAL_RCC_ClockConfig
    main.o(i.main) refers to stm32f4xx_hal.o(i.HAL_Init) for HAL_Init
    main.o(i.main) refers to main.o(i.SystemClock_Config) for SystemClock_Config
    main.o(i.main) refers to gpio.o(i.MX_GPIO_Init) for MX_GPIO_Init
    main.o(i.main) refers to usart.o(i.MX_USART6_UART_Init) for MX_USART6_UART_Init
    main.o(i.main) refers to i2c.o(i.MX_I2C2_Init) for MX_I2C2_Init
    main.o(i.main) refers to adc.o(i.MX_ADC3_Init) for MX_ADC3_Init
    main.o(i.main) refers to freertos.o(i.MX_FREERTOS_Init) for MX_FREERTOS_Init
    main.o(i.main) refers to cmsis_os.o(i.osKernelStart) for osKernelStart
    gpio.o(i.MX_GPIO_Init) refers to memseta.o(.text) for __aeabi_memclr4
    gpio.o(i.MX_GPIO_Init) refers to stm32f4xx_hal_gpio.o(i.HAL_GPIO_WritePin) for HAL_GPIO_WritePin
    gpio.o(i.MX_GPIO_Init) refers to stm32f4xx_hal_gpio.o(i.HAL_GPIO_Init) for HAL_GPIO_Init
    gpio.o(i.MX_GPIO_Init) refers to stm32f4xx_hal_cortex.o(i.HAL_NVIC_SetPriority) for HAL_NVIC_SetPriority
    gpio.o(i.MX_GPIO_Init) refers to stm32f4xx_hal_cortex.o(i.HAL_NVIC_EnableIRQ) for HAL_NVIC_EnableIRQ
    freertos.o(i.MX_FREERTOS_Init) refers to cmsis_os.o(i.osMutexCreate) for osMutexCreate
    freertos.o(i.MX_FREERTOS_Init) refers to main.o(i.Error_Handler) for Error_Handler
    freertos.o(i.MX_FREERTOS_Init) refers to memcpya.o(.text) for __aeabi_memcpy4
    freertos.o(i.MX_FREERTOS_Init) refers to cmsis_os.o(i.osThreadCreate) for osThreadCreate
    freertos.o(i.MX_FREERTOS_Init) refers to freertos.o(.constdata) for os_mutex_def_i2cMutex
    freertos.o(i.MX_FREERTOS_Init) refers to freertos.o(.data) for i2cMutexHandle
    freertos.o(i.StartDefaultTask) refers to cmsis_os.o(i.osDelay) for osDelay
    freertos.o(i.StartTask02) refers to cmsis_os.o(i.osDelay) for osDelay
    freertos.o(i.vApplicationGetIdleTaskMemory) refers to freertos.o(.bss) for xIdleTaskTCBBuffer
    freertos.o(.constdata) refers to freertos.o(.conststring) for .conststring
    freertos.o(.constdata) refers to freertos.o(i.StartDefaultTask) for StartDefaultTask
    freertos.o(.constdata) refers to freertos.o(i.StartTask02) for StartTask02
    freertos.o(.constdata) refers to oledtask.o(i.oled_task) for oled_task
    adc.o(i.HAL_ADC_MspDeInit) refers to stm32f4xx_hal_gpio.o(i.HAL_GPIO_DeInit) for HAL_GPIO_DeInit
    adc.o(i.HAL_ADC_MspInit) refers to memseta.o(.text) for __aeabi_memclr4
    adc.o(i.HAL_ADC_MspInit) refers to stm32f4xx_hal_gpio.o(i.HAL_GPIO_Init) for HAL_GPIO_Init
    adc.o(i.MX_ADC3_Init) refers to stm32f4xx_hal_adc.o(i.HAL_ADC_Init) for HAL_ADC_Init
    adc.o(i.MX_ADC3_Init) refers to main.o(i.Error_Handler) for Error_Handler
[...]
    ..\Core\Src\gpio.c                       0x00000000   Number         0  gpio.o ABSOLUTE
    ..\Core\Src\i2c.c                        0x00000000   Number         0  i2c.o ABSOLUTE
    ..\Core\Src\main.c                       0x00000000   Number         0  main.o ABSOLUTE
    ..\Core\Src\stm32f4xx_hal_msp.c          0x00000000   Number         0  stm32f4xx_hal_msp.o ABSOLUTE
    ..\Core\Src\stm32f4xx_it.c               0x00000000   Number         0  stm32f4xx_it.o ABSOLUTE
    ..\Core\Src\system_stm32f4xx.c           0x00000000   Number         0  system_stm32f4xx.o ABSOLUTE
    ..\Core\Src\usart.c                      0x00000000   Number         0  usart.o ABSOLUTE
    ..\Drivers\STM32F4xx_HAL_Driver\Src\stm32f4xx_hal.c 0x00000000   Number         0  stm32f4xx_hal.o ABSOLUTE
    ..\Drivers\STM32F4xx_HAL_Driver\Src\stm32f4xx_hal_adc.c 0x00000000   Number         0  stm32f4xx_hal_adc.o ABSOLUTE
    ..\Drivers\STM32F4xx_HAL_Driver\Src\stm32f4xx_hal_adc_ex.c 0x00000000   Number         0  stm32f4xx_hal_adc_ex.o ABSOLUTE
    ..\Drivers\STM32F4xx_HAL_Driver\Src\stm32f4xx_hal_cortex.c 0x00000000   Number         0  stm32f4xx_hal_cortex.o ABSOLUTE
    ..\Drivers\STM32F4xx_HAL_Driver\Src\stm32f4xx_hal_dma.c 0x00000000   Number         0  stm32f4xx_hal_dma.o ABSOLUTE
    ..\Drivers\STM32F4xx_HAL_Driver\Src\stm32f4xx_hal_dma_ex.c 0x00000000   Number         0  stm32f4xx_hal_dma_ex.o ABSOLUTE
    ..\Drivers\STM32F4xx_HAL_Driver\Src\stm32f4xx_hal_exti.c 0x00000000   Number         0  stm32f4xx_hal_exti.o ABSOLUTE
    ..\Drivers\STM32F4xx_HAL_Driver\Src\stm32f4xx_hal_flash.c 0x00000000   Number         0  stm32f4xx_hal_flash.o ABSOLUTE
    ..\Drivers\STM32F4xx_HAL_Driver\Src\stm32f4xx_hal_flash_ex.c 0x00000000   Number         0  stm32f4xx_hal_flash_ex.o ABSOLUTE
    ..\Drivers\STM32F4xx_HAL_Driver\Src\stm32f4xx_hal_flash_ramfunc.c 0x00000000   Number         0  stm32f4xx_hal_flash_ramfunc.o ABSOLUTE
    ..\Drivers\STM32F4xx_HAL_Driver\Src\stm32f4xx_hal_gpio.c 0x00000000   Number         0  stm32f4xx_hal_gpio.o ABSOLUTE
    ..\Drivers\STM32F4xx_HAL_Driver\Src\stm32f4xx_hal_i2c.c 0x00000000   Number         0  stm32f4xx_hal_i2c.o ABSOLUTE
    ..\Drivers\STM32F4xx_HAL_Driver\Src\stm32f4xx_hal_i2c_ex.c 0x00000000   Number         0  stm32f4xx_hal_i2c_ex.o ABSOLUTE
    ..\Drivers\STM32F4xx_HAL_Driver\Src\stm32f4xx_hal_pwr.c 0x00000000   Number         0  stm32f4xx_hal_pwr.o ABSOLUTE
    ..\Drivers\STM32F4xx_HAL_Driver\Src\stm32f4xx_hal_pwr_ex.c 0x00000000   Number         0  stm32f4xx_hal_pwr_ex.o ABSOLUTE
    ..\Drivers\STM32F4xx_HAL_Driver\Src\stm32f4xx_hal_rcc.c 0x00000000   Number         0  stm32f4xx_hal_rcc.o ABSOLUTE
    ..\Drivers\STM32F4xx_HAL_Driver\Src\stm32f4xx_hal_rcc_ex.c 0x00000000   Number         0  stm32f4xx_hal_rcc_ex.o ABSOLUTE
    ..\Drivers\STM32F4xx_HAL_Driver\Src\stm32f4xx_hal_uart.c 0x00000000   Number         0  stm32f4xx_hal_uart.o ABSOLUTE
    ..\Middlewares\Third_Party\FreeRTOS\Source\CMSIS_RTOS\cmsis_os.c 0x00000000   Number         0  cmsis_os.o ABSOLUTE
    ..\Middlewares\Third_Party\FreeRTOS\Source\portable\RVDS\ARM_CM4F\port.c 0x00000000   Number         0  port.o ABSOLUTE
    ..\\APP\\oledtask.c                      0x00000000   Number         0  oledtask.o ABSOLUTE
    ..\\APP\\printf.c                        0x00000000   Number         0  printf.o ABSOLUTE
    ..\\BSP\\oled.c                          0x00000000   Number         0  oled.o ABSOLUTE
    dc.s                                     0x00000000   Number         0  dc.o ABSOLUTE
    handlers.s                               0x00000000   Number         0  handlers.o ABSOLUTE
    init.s                                   0x00000000   Number         0  init.o ABSOLUTE
    startup_stm32f427xx.s                    0x00000000   Number         0  startup_stm32f427xx.o ABSOLUTE
    RESET                                    0x08000000   Section      428  startup_stm32f427xx.o(RESET)
    .ARM.Collect$$$$00000000                 0x080001ac   Section        0  entry.o(.ARM.Collect$$$$00000000)
    .ARM.Collect$$$$00000001                 0x080001ac   Section        4  entry2.o(.ARM.Collect$$$$00000001)
    .ARM.Collect$$$$00000004                 0x080001b0   Section        4  entry5.o(.ARM.Collect$$$$00000004)
    .ARM.Collect$$$$00000008                 0x080001b4   Section        0  entry7b.o(.ARM.Collect$$$$00000008)
    .ARM.Collect$$$$0000000A                 0x080001b4   Section        0  entry8b.o(.ARM.Collect$$$$0000000A)
    .ARM.Collect$$$$0000000B                 0x080001b4   Section        8  entry9a.o(.ARM.Collect$$$$0000000B)
    .ARM.Collect$$$$0000000E                 0x080001bc   Section        4  entry12b.o(.ARM.Collect$$$$0000000E)
    .ARM.Collect$$$$0000000F                 0x080001c0   Section        0  entry10a.o(.ARM.Collect$$$$0000000F)
    .ARM.Collect$$$$00000011                 0x080001c0   Section        0  entry11a.o(.ARM.Collect$$$$00000011)
    .ARM.Collect$$$$00002712                 0x080001c0   Section        4  entry2.o(.ARM.Collect$$$$00002712)
    __lit__00000000                          0x080001c0   Data           4  entry2.o(.ARM.Collect$$$$00002712)
    .emb_text                                0x080001c4   Section      190  port.o(.emb_text)
    $v0                                      0x080001c4   Number         0  port.o(.emb_text)
    .text                                    0x08000284   Section       36  startup_stm32f427xx.o(.text)
    $v0                                      0x08000284   Number         0  startup_stm32f427xx.o(.text)
    .text                                    0x080002a8   Section        0  uldiv.o(.text)
    .text                                    0x0800030a   Section        0  memcpya.o(.text)
    .text                                    0x0800032e   Section        0  memseta.o(.text)
    .text                                    0x08000352   Section        0  llshl.o(.text)
    .text                                    0x08000370   Section        0  llushr.o(.text)
    .text                                    0x08000390   Section       36  init.o(.text)
    .text                                    0x080003b4   Section        0  __dczerorl2.o(.text)
    i.ADC_Init                               0x0800040c   Section        0  stm32f4xx_hal_adc.o(i.ADC_Init)
    ADC_Init                                 0x0800040d   Thumb Code   344  stm32f4xx_hal_adc.o(i.ADC_Init)
    i.BusFault_Handler                       0x0800056c   Section        0  stm32f4xx_it.o(i.BusFault_Handler)
    i.DebugMon_Handler                       0x08000570   Section        0  stm32f4xx_it.o(i.DebugMon_Handler)
    i.EXTI0_IRQHandler                       0x08000572   Section        0  stm32f4xx_it.o(i.EXTI0_IRQHandler)
    i.EXTI2_IRQHandler                       0x0800057c   Section        0  stm32f4xx_it.o(i.EXTI2_IRQHandler)
    i.EXTI4_IRQHandler                       0x08000586   Section        0  stm32f4xx_it.o(i.EXTI4_IRQHandler)
    i.Error_Handler                          0x08000590   Section        0  main.o(i.Error_Handler)
    i.HAL_ADC_ConfigChannel                  0x08000598   Section        0  stm32f4xx_hal_adc.o(i.HAL_ADC_ConfigChannel)
    i.HAL_ADC_Init                           0x0800073c   Section        0  stm32f4xx_hal_adc.o(i.HAL_ADC_Init)
    i.HAL_ADC_MspInit                        0x080007a4   Section        0  adc.o(i.HAL_ADC_MspInit)
    i.HAL_DMA_Abort_IT                       0x08000824   Section        0  stm32f4xx_hal_dma.o(i.HAL_DMA_Abort_IT)
    i.HAL_DMA_GetState                       0x0800084c   Section        0  stm32f4xx_hal_dma.o(i.HAL_DMA_GetState)
    i.HAL_Delay                              0x08000854   Section        0  stm32f4xx_hal.o(i.HAL_Delay)
    i.HAL_GPIO_EXTI_Callback                 0x0800087c   Section        0  stm32f4xx_hal_gpio.o(i.HAL_GPIO_EXTI_Callback)
    i.HAL_GPIO_EXTI_IRQHandler               0x08000880   Section        0  stm32f4xx_hal_gpio.o(i.HAL_GPIO_EXTI_IRQHandler)
    i.HAL_GPIO_Init                          0x0800089c   Section        0  stm32f4xx_hal_gpio.o(i.HAL_GPIO_Init)
    i.HAL_GPIO_WritePin                      0x08000aac   Section        0  stm32f4xx_hal_gpio.o(i.HAL_GPIO_WritePin)
    i.HAL_GetTick                            0x08000ab8   Section        0  stm32f4xx_hal.o(i.HAL_GetTick)
    i.HAL_I2CEx_ConfigAnalogFilter           0x08000ac4   Section        0  stm32f4xx_hal_i2c_ex.o(i.HAL_I2CEx_ConfigAnalogFilter)
    i.HAL_I2CEx_ConfigDigitalFilter          0x08000b10   Section        0  stm32f4xx_hal_i2c_ex.o(i.HAL_I2CEx_ConfigDigitalFilter)
    i.HAL_I2C_AbortCpltCallback              0x08000b60   Section        0  stm32f4xx_hal_i2c.o(i.HAL_I2C_AbortCpltCallback)
    i.HAL_I2C_AddrCallback                   0x08000b62   Section        0  stm32f4xx_hal_i2c.o(i.HAL_I2C_AddrCallback)
    i.HAL_I2C_ER_IRQHandler                  0x08000b64   Section        0  stm32f4xx_hal_i2c.o(i.HAL_I2C_ER_IRQHandler)
    i.HAL_I2C_EV_IRQHandler                  0x08000c38   Section        0  stm32f4xx_hal_i2c.o(i.HAL_I2C_EV_IRQHandler)
    i.HAL_I2C_ErrorCallback                  0x08000e12   Section        0  stm32f4xx_hal_i2c.o(i.HAL_I2C_ErrorCallback)
    i.HAL_I2C_Init                           0x08000e14   Section        0  stm32f4xx_hal_i2c.o(i.HAL_I2C_Init)
    i.HAL_I2C_ListenCpltCallback             0x08000fe4   Section        0  stm32f4xx_hal_i2c.o(i.HAL_I2C_ListenCpltCallback)
    i.HAL_I2C_MasterRxCpltCallback           0x08000fe6   Section        0  stm32f4xx_hal_i2c.o(i.HAL_I2C_MasterRxCpltCallback)
    i.HAL_I2C_MasterTxCpltCallback           0x08000fe8   Section        0  stm32f4xx_hal_i2c.o(i.HAL_I2C_MasterTxCpltCallback)
    i.HAL_I2C_Master_Transmit                0x08000fec   Section        0  stm32f4xx_hal_i2c.o(i.HAL_I2C_Master_Transmit)
    i.HAL_I2C_MemRxCpltCallback              0x0800115c   Section        0  stm32f4xx_hal_i2c.o(i.HAL_I2C_MemRxCpltCallback)
    i.HAL_I2C_MemTxCpltCallback              0x0800115e   Section        0  stm32f4xx_hal_i2c.o(i.HAL_I2C_MemTxCpltCallback)
    i.HAL_I2C_MspInit                        0x08001160   Section        0  i2c.o(i.HAL_I2C_MspInit)
    i.HAL_I2C_SlaveRxCpltCallback            0x08001208   Section        0  stm32f4xx_hal_i2c.o(i.HAL_I2C_SlaveRxCpltCallback)
    i.HAL_I2C_SlaveTxCpltCallback            0x0800120a   Section        0  stm32f4xx_hal_i2c.o(i.HAL_I2C_SlaveTxCpltCallback)
    i.HAL_IncTick                            0x0800120c   Section        0  stm32f4xx_hal.o(i.HAL_IncTick)
    i.HAL_Init                               0x08001224   Section        0  stm32f4xx_hal.o(i.HAL_Init)
    i.HAL_InitTick                           0x08001260   Section        0  stm32f4xx_hal.o(i.HAL_InitTick)
    i.HAL_MspInit                            0x080012ac   Section        0  stm32f4xx_hal_msp.o(i.HAL_MspInit)
    i.HAL_NVIC_EnableIRQ                     0x08001300   Section        0  stm32f4xx_hal_cortex.o(i.HAL_NVIC_EnableIRQ)
    i.HAL_NVIC_SetPriority                   0x08001328   Section        0  stm32f4xx_hal_cortex.o(i.HAL_NVIC_SetPriority)
    i.HAL_NVIC_SetPriorityGrouping           0x080013a4   Section        0  stm32f4xx_hal_cortex.o(i.HAL_NVIC_SetPriorityGrouping)
    i.HAL_PWREx_EnableOverDrive              0x080013cc   Section        0  stm32f4xx_hal_pwr_ex.o(i.HAL_PWREx_EnableOverDrive)
    i.HAL_RCC_ClockConfig                    0x08001458   Section        0  stm32f4xx_hal_rcc.o(i.HAL_RCC_ClockConfig)
    i.HAL_RCC_GetHCLKFreq                    0x080015dc   Section        0  stm32f4xx_hal_rcc.o(i.HAL_RCC_GetHCLKFreq)
    i.HAL_RCC_GetPCLK1Freq                   0x080015e8   Section        0  stm32f4xx_hal_rcc.o(i.HAL_RCC_GetPCLK1Freq)
    i.HAL_RCC_GetPCLK2Freq                   0x08001608   Section        0  stm32f4xx_hal_rcc.o(i.HAL_RCC_GetPCLK2Freq)
    i.HAL_RCC_GetSysClockFreq                0x08001628   Section        0  stm32f4xx_hal_rcc.o(i.HAL_RCC_GetSysClockFreq)
    i.HAL_RCC_OscConfig                      0x080016d8   Section        0  stm32f4xx_hal_rcc.o(i.HAL_RCC_OscConfig)
    i.HAL_SYSTICK_Config                     0x08001b74   Section        0  stm32f4xx_hal_cortex.o(i.HAL_SYSTICK_Config)
    i.HAL_UART_Init                          0x08001ba8   Section        0  stm32f4xx_hal_uart.o(i.HAL_UART_Init)
    i.HAL_UART_MspInit                       0x08001c20   Section        0  usart.o(i.HAL_UART_MspInit)
    i.HardFault_Handler                      0x08001ca8   Section        0  stm32f4xx_it.o(i.HardFault_Handler)
    i.I2C2_ER_IRQHandler                     0x08001cac   Section        0  stm32f4xx_it.o(i.I2C2_ER_IRQHandler)
    i.I2C2_EV_IRQHandler                     0x08001cbc   Section        0  stm32f4xx_it.o(i.I2C2_EV_IRQHandler)
    i.I2C_ConvertOtherXferOptions            0x08001ccc   Section        0  stm32f4xx_hal_i2c.o(i.I2C_ConvertOtherXferOptions)
    I2C_ConvertOtherXferOptions              0x08001ccd   Thumb Code    28  stm32f4xx_hal_i2c.o(i.I2C_ConvertOtherXferOptions)
    i.I2C_DMAAbort                           0x08001ce8   Section        0  stm32f4xx_hal_i2c.o(i.I2C_DMAAbort)
    I2C_DMAAbort                             0x08001ce9   Thumb Code   242  stm32f4xx_hal_i2c.o(i.I2C_DMAAbort)
    i.I2C_Flush_DR                           0x08001de0   Section        0  stm32f4xx_hal_i2c.o(i.I2C_Flush_DR)
    I2C_Flush_DR                             0x08001de1   Thumb Code    18  stm32f4xx_hal_i2c.o(i.I2C_Flush_DR)
    i.I2C_ITError                            0x08001df4   Section        0  stm32f4xx_hal_i2c.o(i.I2C_ITError)
    I2C_ITError                              0x08001df5   Thumb Code   420  stm32f4xx_hal_i2c.o(i.I2C_ITError)
    i.I2C_IsAcknowledgeFailed                0x08001fa0   Section        0  stm32f4xx_hal_i2c.o(i.I2C_IsAcknowledgeFailed)
    I2C_IsAcknowledgeFailed                  0x08001fa1   Thumb Code    62  stm32f4xx_hal_i2c.o(i.I2C_IsAcknowledgeFailed)
    i.I2C_MasterReceive_BTF                  0x08001fde   Section        0  stm32f4xx_hal_i2c.o(i.I2C_MasterReceive_BTF)
    I2C_MasterReceive_BTF                    0x08001fdf   Thumb Code   308  stm32f4xx_hal_i2c.o(i.I2C_MasterReceive_BTF)
    i.I2C_MasterReceive_RXNE                 0x08002112   Section        0  stm32f4xx_hal_i2c.o(i.I2C_MasterReceive_RXNE)
    I2C_MasterReceive_RXNE                   0x08002113   Thumb Code   260  stm32f4xx_hal_i2c.o(i.I2C_MasterReceive_RXNE)
    i.I2C_MasterRequestWrite                 0x08002218   Section        0  stm32f4xx_hal_i2c.o(i.I2C_MasterRequestWrite)
    I2C_MasterRequestWrite                   0x08002219   Thumb Code   186  stm32f4xx_hal_i2c.o(i.I2C_MasterRequestWrite)
    i.I2C_MasterTransmit_BTF                 0x080022d8   Section        0  stm32f4xx_hal_i2c.o(i.I2C_MasterTransmit_BTF)
    I2C_MasterTransmit_BTF                   0x080022d9   Thumb Code   160  stm32f4xx_hal_i2c.o(i.I2C_MasterTransmit_BTF)
    i.I2C_MasterTransmit_TXE                 0x08002378   Section        0  stm32f4xx_hal_i2c.o(i.I2C_MasterTransmit_TXE)
    I2C_MasterTransmit_TXE                   0x08002379   Thumb Code   216  stm32f4xx_hal_i2c.o(i.I2C_MasterTransmit_TXE)
    i.I2C_Master_ADD10                       0x08002450   Section        0  stm32f4xx_hal_i2c.o(i.I2C_Master_ADD10)
    I2C_Master_ADD10                         0x08002451   Thumb Code    42  stm32f4xx_hal_i2c.o(i.I2C_Master_ADD10)
    i.I2C_Master_ADDR                        0x0800247a   Section        0  stm32f4xx_hal_i2c.o(i.I2C_Master_ADDR)
    I2C_Master_ADDR                          0x0800247b   Thumb Code   616  stm32f4xx_hal_i2c.o(i.I2C_Master_ADDR)
    i.I2C_Master_SB                          0x080026e2   Section        0  stm32f4xx_hal_i2c.o(i.I2C_Master_SB)
    I2C_Master_SB                            0x080026e3   Thumb Code   158  stm32f4xx_hal_i2c.o(i.I2C_Master_SB)
    i.I2C_MemoryTransmit_TXE_BTF             0x08002780   Section        0  stm32f4xx_hal_i2c.o(i.I2C_MemoryTransmit_TXE_BTF)
    I2C_MemoryTransmit_TXE_BTF               0x08002781   Thumb Code   198  stm32f4xx_hal_i2c.o(i.I2C_MemoryTransmit_TXE_BTF)
    i.I2C_SlaveReceive_BTF                   0x08002846   Section        0  stm32f4xx_hal_i2c.o(i.I2C_SlaveReceive_BTF)
    I2C_SlaveReceive_BTF                     0x08002847   Thumb Code    26  stm32f4xx_hal_i2c.o(i.I2C_SlaveReceive_BTF)
    i.I2C_SlaveReceive_RXNE                  0x08002860   Section        0  stm32f4xx_hal_i2c.o(i.I2C_SlaveReceive_RXNE)
    I2C_SlaveReceive_RXNE                    0x08002861   Thumb Code    70  stm32f4xx_hal_i2c.o(i.I2C_SlaveReceive_RXNE)
    i.I2C_SlaveTransmit_BTF                  0x080028a6   Section        0  stm32f4xx_hal_i2c.o(i.I2C_SlaveTransmit_BTF)
    I2C_SlaveTransmit_BTF                    0x080028a7   Thumb Code    26  stm32f4xx_hal_i2c.o(i.I2C_SlaveTransmit_BTF)
    i.I2C_SlaveTransmit_TXE                  0x080028c0   Section        0  stm32f4xx_hal_i2c.o(i.I2C_SlaveTransmit_TXE)
    I2C_SlaveTransmit_TXE                    0x080028c1   Thumb Code    70  stm32f4xx_hal_i2c.o(i.I2C_SlaveTransmit_TXE)
    i.I2C_Slave_ADDR                         0x08002906   Section        0  stm32f4xx_hal_i2c.o(i.I2C_Slave_ADDR)
    I2C_Slave_ADDR                           0x08002907   Thumb Code   112  stm32f4xx_hal_i2c.o(i.I2C_Slave_ADDR)
    i.I2C_Slave_AF                           0x08002978   Section        0  stm32f4xx_hal_i2c.o(i.I2C_Slave_AF)
    I2C_Slave_AF                             0x08002979   Thumb Code   162  stm32f4xx_hal_i2c.o(i.I2C_Slave_AF)
    i.I2C_Slave_STOPF                        0x08002a20   Section        0  stm32f4xx_hal_i2c.o(i.I2C_Slave_STOPF)
    I2C_Slave_STOPF                          0x08002a21   Thumb Code   386  stm32f4xx_hal_i2c.o(i.I2C_Slave_STOPF)
    i.I2C_WaitOnBTFFlagUntilTimeout          0x08002bac   Section        0  stm32f4xx_hal_i2c.o(i.I2C_WaitOnBTFFlagUntilTimeout)
    I2C_WaitOnBTFFlagUntilTimeout            0x08002bad   Thumb Code   102  stm32f4xx_hal_i2c.o(i.I2C_WaitOnBTFFlagUntilTimeout)
    i.I2C_WaitOnFlagUntilTimeout             0x08002c12   Section        0  stm32f4xx_hal_i2c.o(i.I2C_WaitOnFlagUntilTimeout)
    I2C_WaitOnFlagUntilTimeout               0x08002c13   Thumb Code   190  stm32f4xx_hal_i2c.o(i.I2C_WaitOnFlagUntilTimeout)
    i.I2C_WaitOnMasterAddressFlagUntilTimeout 0x08002cd0   Section        0  stm32f4xx_hal_i2c.o(i.I2C_WaitOnMasterAddressFlagUntilTimeout)
    I2C_WaitOnMasterAddressFlagUntilTimeout  0x08002cd1   Thumb Code   250  stm32f4xx_hal_i2c.o(i.I2C_WaitOnMasterAddressFlagUntilTimeout)
    i.I2C_WaitOnSTOPRequestThroughIT         0x08002dcc   Section        0  stm32f4xx_hal_i2c.o(i.I2C_WaitOnSTOPRequestThroughIT)
    I2C_WaitOnSTOPRequestThroughIT           0x08002dcd   Thumb Code    74  stm32f4xx_hal_i2c.o(i.I2C_WaitOnSTOPRequestThroughIT)
    i.I2C_WaitOnTXEFlagUntilTimeout          0x08002e1c   Section        0  stm32f4xx_hal_i2c.o(i.I2C_WaitOnTXEFlagUntilTimeout)
    I2C_WaitOnTXEFlagUntilTimeout            0x08002e1d   Thumb Code   102  stm32f4xx_hal_i2c.o(i.I2C_WaitOnTXEFlagUntilTimeout)
    i.MX_ADC3_Init                           0x08002e84   Section        0  adc.o(i.MX_ADC3_Init)
    i.MX_FREERTOS_Init                       0x08002ef4   Section        0  freertos.o(i.MX_FREERTOS_Init)
    i.MX_GPIO_Init                           0x08002f70   Section        0  gpio.o(i.MX_GPIO_Init)
    i.MX_I2C2_Init                           0x0800316c   Section        0  i2c.o(i.MX_I2C2_Init)
    i.MX_USART6_UART_Init                    0x080031c8   Section        0  usart.o(i.MX_USART6_UART_Init)
    i.MemManage_Handler                      0x08003200   Section        0  stm32f4xx_it.o(i.MemManage_Handler)
    i.NMI_Handler                            0x08003204   Section        0  stm32f4xx_it.o(i.NMI_Handler)
    i.OLED_Clear                             0x08003208   Section        0  oled.o(i.OLED_Clear)
    i.OLED_DrawBMP                           0x08003248   Section        0  oled.o(i.OLED_DrawBMP)
    i.OLED_Init                              0x080032be   Section        0  oled.o(i.OLED_Init)
    i.OLED_Set_Pos                           0x080033a0   Section        0  oled.o(i.OLED_Set_Pos)
    i.OLED_ShowCHinese                       0x080033c8   Section        0  oled.o(i.OLED_ShowCHinese)
    i.OLED_ShowChar                          0x08003424   Section        0  oled.o(i.OLED_ShowChar)
    i.OLED_ShowNum                           0x080034c8   Section        0  oled.o(i.OLED_ShowNum)
    i.OLED_ShowString                        0x08003550   Section        0  oled.o(i.OLED_ShowString)
    i.OLED_WR_Byte                           0x0800358a   Section        0  oled.o(i.OLED_WR_Byte)
    i.StartDefaultTask                       0x080035a2   Section        0  freertos.o(i.StartDefaultTask)
    i.StartTask02                            0x080035ac   Section        0  freertos.o(i.StartTask02)
    i.SysTick_Handler                        0x080035b6   Section        0  stm32f4xx_it.o(i.SysTick_Handler)
    i.SystemClock_Config                     0x080035cc   Section        0  main.o(i.SystemClock_Config)
    i.SystemInit                             0x08003688   Section        0  system_stm32f4xx.o(i.SystemInit)
    i.UART_SetConfig                         0x0800369c   Section        0  stm32f4xx_hal_uart.o(i.UART_SetConfig)
    UART_SetConfig                           0x0800369d   Thumb Code   546  stm32f4xx_hal_uart.o(i.UART_SetConfig)
    i.UsageFault_Handler                     0x080038c8   Section        0  stm32f4xx_it.o(i.UsageFault_Handler)
    i.Write_IIC_Command                      0x080038cc   Section        0  oled.o(i.Write_IIC_Command)
    i.Write_IIC_Data                         0x080038f0   Section        0  oled.o(i.Write_IIC_Data)
    i.__NVIC_GetPriorityGrouping             0x0800391c   Section        0  stm32f4xx_hal_cortex.o(i.__NVIC_GetPriorityGrouping)
    __NVIC_GetPriorityGrouping               0x0800391d   Thumb Code    10  stm32f4xx_hal_cortex.o(i.__NVIC_GetPriorityGrouping)
    i.__NVIC_SetPriority                     0x0800392c   Section        0  stm32f4xx_hal_cortex.o(i.__NVIC_SetPriority)
    __NVIC_SetPriority                       0x0800392d   Thumb Code    32  stm32f4xx_hal_cortex.o(i.__NVIC_SetPriority)
    i.__scatterload_copy                     0x08003954   Section       14  handlers.o(i.__scatterload_copy)
    i.__scatterload_null                     0x08003962   Section        2  handlers.o(i.__scatterload_null)
    i.__scatterload_zeroinit                 0x08003964   Section       14  handlers.o(i.__scatterload_zeroinit)
    i.main                                   0x08003972   Section        0  main.o(i.main)
    i.makeFreeRtosPriority                   0x08003996   Section        0  cmsis_os.o(i.makeFreeRtosPriority)
    makeFreeRtosPriority                     0x08003997   Thumb Code    14  cmsis_os.o(i.makeFreeRtosPriority)
    i.oled_pow                               0x080039a4   Section        0  oled.o(i.oled_pow)
    i.oled_task                              0x080039bc   Section        0  oledtask.o(i.oled_task)
    i.osDelay                                0x08003b30   Section        0  cmsis_os.o(i.osDelay)
    i.osKernelStart                          0x08003b48   Section        0  cmsis_os.o(i.osKernelStart)
    i.osMutexCreate                          0x08003b52   Section        0  cmsis_os.o(i.osMutexCreate)
    i.osThreadCreate                         0x08003b6c   Section        0  cmsis_os.o(i.osThreadCreate)
    i.prvAddCurrentTaskToDelayedList         0x08003bcc   Section        0  tasks.o(i.prvAddCurrentTaskToDelayedList)
    prvAddCurrentTaskToDelayedList           0x08003bcd   Thumb Code   124  tasks.o(i.prvAddCurrentTaskToDelayedList)
    i.prvAddNewTaskToReadyList               0x08003c64   Section        0  tasks.o(i.prvAddNewTaskToReadyList)
    prvAddNewTaskToReadyList                 0x08003c65   Thumb Code   150  tasks.o(i.prvAddNewTaskToReadyList)
    i.prvCheckTasksWaitingTermination        0x08003d18   Section        0  tasks.o(i.prvCheckTasksWaitingTermination)
    prvCheckTasksWaitingTermination          0x08003d19   Thumb Code    60  tasks.o(i.prvCheckTasksWaitingTermination)
    i.prvCopyDataToQueue                     0x08003d60   Section        0  queue.o(i.prvCopyDataToQueue)
    prvCopyDataToQueue                       0x08003d61   Thumb Code   126  queue.o(i.prvCopyDataToQueue)
    i.prvDeleteTCB                           0x08003dde   Section        0  tasks.o(i.prvDeleteTCB)
    prvDeleteTCB                             0x08003ddf   Thumb Code    80  tasks.o(i.prvDeleteTCB)
    i.prvHeapInit                            0x08003e30   Section        0  heap_4.o(i.prvHeapInit)
    prvHeapInit                              0x08003e31   Thumb Code    98  heap_4.o(i.prvHeapInit)
    i.prvIdleTask                            0x08003eac   Section        0  tasks.o(i.prvIdleTask)
    prvIdleTask                              0x08003ead   Thumb Code    32  tasks.o(i.prvIdleTask)
    i.prvInitialiseMutex                     0x08003ed4   Section        0  queue.o(i.prvInitialiseMutex)
    prvInitialiseMutex                       0x08003ed5   Thumb Code    30  queue.o(i.prvInitialiseMutex)
    i.prvInitialiseNewQueue                  0x08003ef2   Section        0  queue.o(i.prvInitialiseNewQueue)
    prvInitialiseNewQueue                    0x08003ef3   Thumb Code    38  queue.o(i.prvInitialiseNewQueue)
    i.prvInitialiseNewTask                   0x08003f18   Section        0  tasks.o(i.prvInitialiseNewTask)
    prvInitialiseNewTask                     0x08003f19   Thumb Code   180  tasks.o(i.prvInitialiseNewTask)
    i.prvInitialiseTaskLists                 0x08003fcc   Section        0  tasks.o(i.prvInitialiseTaskLists)
    prvInitialiseTaskLists                   0x08003fcd   Thumb Code    70  tasks.o(i.prvInitialiseTaskLists)
    i.prvInsertBlockIntoFreeList             0x08004034   Section        0  heap_4.o(i.prvInsertBlockIntoFreeList)
    prvInsertBlockIntoFreeList               0x08004035   Thumb Code    96  heap_4.o(i.prvInsertBlockIntoFreeList)
    i.prvIsQueueFull                         0x0800409c   Section        0  queue.o(i.prvIsQueueFull)
    prvIsQueueFull                           0x0800409d   Thumb Code    30  queue.o(i.prvIsQueueFull)
    i.prvResetNextTaskUnblockTime            0x080040bc   Section        0  tasks.o(i.prvResetNextTaskUnblockTime)
    prvResetNextTaskUnblockTime              0x080040bd   Thumb Code    42  tasks.o(i.prvResetNextTaskUnblockTime)
    i.prvTaskExitError                       0x080040f0   Section        0  port.o(i.prvTaskExitError)
    prvTaskExitError                         0x080040f1   Thumb Code    60  port.o(i.prvTaskExitError)
    i.prvUnlockQueue                         0x08004130   Section        0  queue.o(i.prvUnlockQueue)
    prvUnlockQueue                           0x08004131   Thumb Code   126  queue.o(i.prvUnlockQueue)
    i.pvPortMalloc                           0x080041b0   Section        0  heap_4.o(i.pvPortMalloc)
    i.pxPortInitialiseStack                  0x080042fc   Section        0  port.o(i.pxPortInitialiseStack)
    i.uxListRemove                           0x08004328   Section        0  list.o(i.uxListRemove)
    i.vApplicationGetIdleTaskMemory          0x08004350   Section        0  freertos.o(i.vApplicationGetIdleTaskMemory)
    i.vListInitialise                        0x08004368   Section        0  list.o(i.vListInitialise)
    i.vListInitialiseItem                    0x08004382   Section        0  list.o(i.vListInitialiseItem)
    i.vListInsert                            0x08004388   Section        0  list.o(i.vListInsert)
    i.vListInsertEnd                         0x080043bc   Section        0  list.o(i.vListInsertEnd)
    i.vPortEnterCritical                     0x080043d4   Section        0  port.o(i.vPortEnterCritical)
    i.vPortExitCritical                      0x08004428   Section        0  port.o(i.vPortExitCritical)
    i.vPortFree                              0x08004464   Section        0  heap_4.o(i.vPortFree)
    i.vPortSetupTimerInterrupt               0x08004508   Section        0  port.o(i.vPortSetupTimerInterrupt)
    i.vTaskDelay                             0x08004530   Section        0  tasks.o(i.vTaskDelay)
    i.vTaskInternalSetTimeOutState           0x0800458c   Section        0  tasks.o(i.vTaskInternalSetTimeOutState)
    i.vTaskMissedYield                       0x080045a4   Section        0  tasks.o(i.vTaskMissedYield)
    i.vTaskPlaceOnEventList                  0x080045b0   Section        0  tasks.o(i.vTaskPlaceOnEventList)
    i.vTaskStartScheduler                    0x080045e8   Section        0  tasks.o(i.vTaskStartScheduler)
    i.vTaskSuspendAll                        0x08004698   Section        0  tasks.o(i.vTaskSuspendAll)
    i.vTaskSwitchContext                     0x080046a8   Section        0  tasks.o(i.vTaskSwitchContext)
    i.xPortStartScheduler                    0x08004734   Section        0  port.o(i.xPortStartScheduler)
    i.xPortSysTickHandler                    0x0800489c   Section        0  port.o(i.xPortSysTickHandler)
    i.xQueueCreateMutex                      0x080048d0   Section        0  queue.o(i.xQueueCreateMutex)
    i.xQueueCreateMutexStatic                0x080048f2   Section        0  queue.o(i.xQueueCreateMutexStatic)
    i.xQueueGenericCreate                    0x0800491c   Section        0  queue.o(i.xQueueGenericCreate)
    i.xQueueGenericCreateStatic              0x08004976   Section        0  queue.o(i.xQueueGenericCreateStatic)
    i.xQueueGenericReset                     0x08004a58   Section        0  queue.o(i.xQueueGenericReset)
    i.xQueueGenericSend                      0x08004af0   Section        0  queue.o(i.xQueueGenericSend)
    i.xTaskCheckForTimeOut                   0x08004c98   Section        0  tasks.o(i.xTaskCheckForTimeOut)
    i.xTaskCreate                            0x08004d24   Section        0  tasks.o(i.xTaskCreate)
    i.xTaskCreateStatic                      0x08004d88   Section        0  tasks.o(i.xTaskCreateStatic)
    i.xTaskGetSchedulerState                 0x08004e44   Section        0  tasks.o(i.xTaskGetSchedulerState)
    i.xTaskIncrementTick                     0x08004e64   Section        0  tasks.o(i.xTaskIncrementTick)
    i.xTaskPriorityDisinherit                0x08004fac   Section        0  tasks.o(i.xTaskPriorityDisinherit)
    i.xTaskRemoveFromEventList               0x08005074   Section        0  tasks.o(i.xTaskRemoveFromEventList)
    i.xTaskResumeAll                         0x0800510c   Section        0  tasks.o(i.xTaskResumeAll)
    .constdata                               0x08005210   Section       92  freertos.o(.constdata)
    .constdata                               0x0800526c   Section       24  system_stm32f4xx.o(.constdata)
    .constdata                               0x08005284   Section     2072  oled.o(.constdata)
    .conststring                             0x08005a9c   Section       36  freertos.o(.conststring)
    .data                                    0x20000000   Section       16  freertos.o(.data)
    .data                                    0x20000010   Section        9  stm32f4xx_hal.o(.data)
    .data                                    0x2000001c   Section        4  system_stm32f4xx.o(.data)
    .data                                    0x20000020   Section     4097  oledtask.o(.data)
    .data                                    0x20001021   Section      384  oled.o(.data)
    .data                                    0x200011a4   Section       60  tasks.o(.data)
    pxDelayedTaskList                        0x200011a8   Data           4  tasks.o(.data)
    pxOverflowDelayedTaskList                0x200011ac   Data           4  tasks.o(.data)
    uxDeletedTasksWaitingCleanUp             0x200011b0   Data           4  tasks.o(.data)
    uxCurrentNumberOfTasks                   0x200011b4   Data           4  tasks.o(.data)
    xTickCount                               0x200011b8   Data           4  tasks.o(.data)
    uxTopReadyPriority                       0x200011bc   Data           4  tasks.o(.data)
    xSchedulerRunning                        0x200011c0   Data           4  tasks.o(.data)
    xPendedTicks                             0x200011c4   Data           4  tasks.o(.data)
    xYieldPending                            0x200011c8   Data           4  tasks.o(.data)
    xNumOfOverflows                          0x200011cc   Data           4  tasks.o(.data)
    uxTaskNumber                             0x200011d0   Data           4  tasks.o(.data)
    xNextTaskUnblockTime                     0x200011d4   Data           4  tasks.o(.data)
    xIdleTaskHandle                          0x200011d8   Data           4  tasks.o(.data)
    uxSchedulerSuspended                     0x200011dc   Data           4  tasks.o(.data)
    .data                                    0x200011e0   Section       32  heap_4.o(.data)
    xStart                                   0x200011e0   Data           8  heap_4.o(.data)
    pxEnd                                    0x200011e8   Data           4  heap_4.o(.data)
    xFreeBytesRemaining                      0x200011ec   Data           4  heap_4.o(.data)
    xMinimumEverFreeBytesRemaining           0x200011f0   Data           4  heap_4.o(.data)
    xNumberOfSuccessfulAllocations           0x200011f4   Data           4  heap_4.o(.data)
    xNumberOfSuccessfulFrees                 0x200011f8   Data           4  heap_4.o(.data)
    xBlockAllocatedBit                       0x200011fc   Data           4  heap_4.o(.data)
    .data                                    0x20001200   Section       12  port.o(.data)
    uxCriticalNesting                        0x20001200   Data           4  port.o(.data)
    ucMaxSysCallPriority                     0x20001204   Data           1  port.o(.data)
    ulMaxPRIGROUPValue                       0x20001208   Data           4  port.o(.data)
    .bss                                     0x2000120c   Section      596  freertos.o(.bss)
    xIdleTaskTCBBuffer                       0x2000120c   Data          84  freertos.o(.bss)
    xIdleStack                               0x20001260   Data         512  freertos.o(.bss)
    .bss                                     0x20001460   Section       72  adc.o(.bss)
    .bss                                     0x200014a8   Section       84  i2c.o(.bss)
    .bss                                     0x200014fc   Section       72  usart.o(.bss)
    .bss                                     0x20001544   Section      240  tasks.o(.bss)
    pxReadyTasksLists                        0x20001544   Data         140  tasks.o(.bss)
    xDelayedTaskList1                        0x200015d0   Data          20  tasks.o(.bss)
    xDelayedTaskList2                        0x200015e4   Data          20  tasks.o(.bss)
    xPendingReadyList                        0x200015f8   Data          20  tasks.o(.bss)
    xTasksWaitingTermination                 0x2000160c   Data          20  tasks.o(.bss)
    xSuspendedTaskList                       0x20001620   Data          20  tasks.o(.bss)
    .bss                                     0x20001634   Section    15360  heap_4.o(.bss)
    ucHeap                                   0x20001634   Data       15360  heap_4.o(.bss)
    STACK                                    0x20005238   Section     1024  startup_stm32f427xx.o(STACK)

    Global Symbols

    Symbol Name                              Value     Ov Type        Size  Object(Section)

    BuildAttributes$$THM_ISAv4$E$P$D$K$B$S$7EM$VFPi3$EXTD16$VFPS$VFMA$PE$A:L22UL41UL21$X:L11$S22US41US21$IEEE1$IW$USESV6$~STKCKD$USESV7$~SHL$OSPACE$EBA8$MICROLIB$REQ8$PRES8$EABIv2 0x00000000   Number         0  anon$$obj.o ABSOLUTE
    __ARM_use_no_argv                        0x00000000   Number         0  main.o ABSOLUTE
    __arm_fini_                               - Undefined Weak Reference
    __cpp_initialize__aeabi_                  - Undefined Weak Reference
    __cxa_finalize                            - Undefined Weak Reference
    _clock_init                               - Undefined Weak Reference
    _microlib_exit                            - Undefined Weak Reference
    __Vectors_Size                           0x000001ac   Number         0  startup_stm32f427xx.o ABSOLUTE
    __Vectors                                0x08000000   Data           4  startup_stm32f427xx.o(RESET)
    __Vectors_End                            0x080001ac   Data           0  startup_stm32f427xx.o(RESET)
    __main                                   0x080001ad   Thumb Code     0  entry.o(.ARM.Collect$$$$00000000)
    _main_stk                                0x080001ad   Thumb Code     0  entry2.o(.ARM.Collect$$$$00000001)
    _main_scatterload                        0x080001b1   Thumb Code     0  entry5.o(.ARM.Collect$$$$00000004)
    __main_after_scatterload                 0x080001b5   Thumb Code     0  entry5.o(.ARM.Collect$$$$00000004)
    _main_clock                              0x080001b5   Thumb Code     0  entry7b.o(.ARM.Collect$$$$00000008)
    _main_cpp_init                           0x080001b5   Thumb Code     0  entry8b.o(.ARM.Collect$$$$0000000A)
    _main_init                               0x080001b5   Thumb Code     0  entry9a.o(.ARM.Collect$$$$0000000B)
    __rt_lib_shutdown_fini                   0x080001bd   Thumb Code     0  entry12b.o(.ARM.Collect$$$$0000000E)
    __rt_final_cpp                           0x080001c1   Thumb Code     0  entry10a.o(.ARM.Collect$$$$0000000F)
    __rt_final_exit                          0x080001c1   Thumb Code     0  entry11a.o(.ARM.Collect$$$$00000011)
    SVC_Handler                              0x080001c5   Thumb Code    28  port.o(.emb_text)
    __asm___6_port_c_39a90d8d__prvStartFirstTask 0x080001e5   Thumb Code    36  port.o(.emb_text)
    __asm___6_port_c_39a90d8d__prvEnableVFP  0x0800020d   Thumb Code    16  port.o(.emb_text)
    PendSV_Handler                           0x08000221   Thumb Code    88  port.o(.emb_text)
    vPortGetIPSR                             0x0800027d   Thumb Code     6  port.o(.emb_text)
    Reset_Handler                            0x08000285   Thumb Code     8  startup_stm32f427xx.o(.text)
    ADC_IRQHandler                           0x0800029f   Thumb Code     0  startup_stm32f427xx.o(.text)
    CAN1_RX0_IRQHandler                      0x0800029f   Thumb Code     0  startup_stm32f427xx.o(.text)
    CAN1_RX1_IRQHandler                      0x0800029f   Thumb Code     0  startup_stm32f427xx.o(.text)
    CAN1_SCE_IRQHandler                      0x0800029f   Thumb Code     0  startup_stm32f427xx.o(.text)
    CAN1_TX_IRQHandler                       0x0800029f   Thumb Code     0  startup_stm32f427xx.o(.text)
    CAN2_RX0_IRQHandler                      0x0800029f   Thumb Code     0  startup_stm32f427xx.o(.text)
    CAN2_RX1_IRQHandler                      0x0800029f   Thumb Code     0  startup_stm32f427xx.o(.text)
    CAN2_SCE_IRQHandler                      0x0800029f   Thumb Code     0  startup_stm32f427xx.o(.text)
    CAN2_TX_IRQHandler                       0x0800029f   Thumb Code     0  startup_stm32f427xx.o(.text)
    DCMI_IRQHandler                          0x0800029f   Thumb Code     0  startup_stm32f427xx.o(.text)
    DMA1_Stream0_IRQHandler                  0x0800029f   Thumb Code     0  startup_stm32f427xx.o(.text)
    DMA1_Stream1_IRQHandler                  0x0800029f   Thumb Code     0  startup_stm32f427xx.o(.text)
    DMA1_Stream2_IRQHandler                  0x0800029f   Thumb Code     0  startup_stm32f427xx.o(.text)
    DMA1_Stream3_IRQHandler                  0x0800029f   Thumb Code     0  startup_stm32f427xx.o(.text)
    DMA1_Stream4_IRQHandler                  0x0800029f   Thumb Code     0  startup_stm32f427xx.o(.text)
    DMA1_Stream5_IRQHandler                  0x0800029f   Thumb Code     0  startup_stm32f427xx.o(.text)
    DMA1_Stream6_IRQHandler                  0x0800029f   Thumb Code     0  startup_stm32f427xx.o(.text)
    DMA1_Stream7_IRQHandler                  0x0800029f   Thumb Code     0  startup_stm32f427xx.o(.text)
    DMA2D_IRQHandler                         0x0800029f   Thumb Code     0  startup_stm32f427xx.o(.text)
    DMA2_Stream0_IRQHandler                  0x0800029f   Thumb Code     0  startup_stm32f427xx.o(.text)
    DMA2_Stream1_IRQHandler                  0x0800029f   Thumb Code     0  startup_stm32f427xx.o(.text)
    DMA2_Stream2_IRQHandler                  0x0800029f   Thumb Code     0  startup_stm32f427xx.o(.text)
    DMA2_Stream3_IRQHandler                  0x0800029f   Thumb Code     0  startup_stm32f427xx.o(.text)
    DMA2_Stream4_IRQHandler                  0x0800029f   Thumb Code     0  startup_stm32f427xx.o(.text)
    DMA2_Stream5_IRQHandler                  0x0800029f   Thumb Code     0  startup_stm32f427xx.o(.text)
    DMA2_Stream6_IRQHandler                  0x0800029f   Thumb Code     0  startup_stm32f427xx.o(.text)
    DMA2_Stream7_IRQHandler                  0x0800029f   Thumb Code     0  startup_stm32f427xx.o(.text)
    ETH_IRQHandler                           0x0800029f   Thumb Code     0  startup_stm32f427xx.o(.text)
    ETH_WKUP_IRQHandler                      0x0800029f   Thumb Code     0  startup_stm32f427xx.o(.text)
    EXTI15_10_IRQHandler                     0x0800029f   Thumb Code     0  startup_stm32f427xx.o(.text)
    EXTI1_IRQHandler                         0x0800029f   Thumb Code     0  startup_stm32f427xx.o(.text)
    EXTI3_IRQHandler                         0x0800029f   Thumb Code     0  startup_stm32f427xx.o(.text)
    EXTI9_5_IRQHandler                       0x0800029f   Thumb Code     0  startup_stm32f427xx.o(.text)
    FLASH_IRQHandler                         0x0800029f   Thumb Code     0  startup_stm32f427xx.o(.text)
    FMC_IRQHandler                           0x0800029f   Thumb Code     0  startup_stm32f427xx.o(.text)
    FPU_IRQHandler                           0x0800029f   Thumb Code     0  startup_stm32f427xx.o(.text)
    HASH_RNG_IRQHandler                      0x0800029f   Thumb Code     0  startup_stm32f427xx.o(.text)
    I2C1_ER_IRQHandler                       0x0800029f   Thumb Code     0  startup_stm32f427xx.o(.text)
    I2C1_EV_IRQHandler                       0x0800029f   Thumb Code     0  startup_stm32f427xx.o(.text)
    I2C3_ER_IRQHandler                       0x0800029f   Thumb Code     0  startup_stm32f427xx.o(.text)
    I2C3_EV_IRQHandler                       0x0800029f   Thumb Code     0  startup_stm32f427xx.o(.text)
    OTG_FS_IRQHandler                        0x0800029f   Thumb Code     0  startup_stm32f427xx.o(.text)
    OTG_FS_WKUP_IRQHandler                   0x0800029f   Thumb Code     0  startup_stm32f427xx.o(.text)
    OTG_HS_EP1_IN_IRQHandler                 0x0800029f   Thumb Code     0  startup_stm32f427xx.o(.text)
    OTG_HS_EP1_OUT_IRQHandler                0x0800029f   Thumb Code     0  startup_stm32f427xx.o(.text)
    OTG_HS_IRQHandler                        0x0800029f   Thumb Code     0  startup_stm32f427xx.o(.text)
    OTG_HS_WKUP_IRQHandler                   0x0800029f   Thumb Code     0  startup_stm32f427xx.o(.text)
    PVD_IRQHandler                           0x0800029f   Thumb Code     0  startup_stm32f427xx.o(.text)
    RCC_IRQHandler                           0x0800029f   Thumb Code     0  startup_stm32f427xx.o(.text)
    RTC_Alarm_IRQHandler                     0x0800029f   Thumb Code     0  startup_stm32f427xx.o(.text)
    RTC_WKUP_IRQHandler                      0x0800029f   Thumb Code     0  startup_stm32f427xx.o(.text)
    SAI1_IRQHandler                          0x0800029f   Thumb Code     0  startup_stm32f427xx.o(.text)
    SDIO_IRQHandler                          0x0800029f   Thumb Code     0  startup_stm32f427xx.o(.text)
    SPI1_IRQHandler                          0x0800029f   Thumb Code     0  startup_stm32f427xx.o(.text)
    SPI2_IRQHandler                          0x0800029f   Thumb Code     0  startup_stm32f427xx.o(.text)
    SPI3_IRQHandler                          0x0800029f   Thumb Code     0  startup_stm32f427xx.o(.text)
    SPI4_IRQHandler                          0x0800029f   Thumb Code     0  startup_stm32f427xx.o(.text)
    SPI5_IRQHandler                          0x0800029f   Thumb Code     0  startup_stm32f427xx.o(.text)
    SPI6_IRQHandler                          0x0800029f   Thumb Code     0  startup_stm32f427xx.o(.text)
    TAMP_STAMP_IRQHandler                    0x0800029f   Thumb Code     0  startup_stm32f427xx.o(.text)
    TIM1_BRK_TIM9_IRQHandler                 0x0800029f   Thumb Code     0  startup_stm32f427xx.o(.text)
    TIM1_CC_IRQHandler                       0x0800029f   Thumb Code     0  startup_stm32f427xx.o(.text)
    TIM1_TRG_COM_TIM11_IRQHandler            0x0800029f   Thumb Code     0  startup_stm32f427xx.o(.text)
    TIM1_UP_TIM10_IRQHandler                 0x0800029f   Thumb Code     0  startup_stm32f427xx.o(.text)
    TIM2_IRQHandler                          0x0800029f   Thumb Code     0  startup_stm32f427xx.o(.text)
    TIM3_IRQHandler                          0x0800029f   Thumb Code     0  startup_stm32f427xx.o(.text)
    TIM4_IRQHandler                          0x0800029f   Thumb Code     0  startup_stm32f427xx.o(.text)
    TIM5_IRQHandler                          0x0800029f   Thumb Code     0  startup_stm32f427xx.o(.text)
    TIM6_DAC_IRQHandler                      0x0800029f   Thumb Code     0  startup_stm32f427xx.o(.text)
    TIM7_IRQHandler                          0x0800029f   Thumb Code     0  startup_stm32f427xx.o(.text)
    TIM8_BRK_TIM12_IRQHandler                0x0800029f   Thumb Code     0  startup_stm32f427xx.o(.text)
    TIM8_CC_IRQHandler                       0x0800029f   Thumb Code     0  startup_stm32f427xx.o(.text)
    TIM8_TRG_COM_TIM14_IRQHandler            0x0800029f   Thumb Code     0  startup_stm32f427xx.o(.text)
    TIM8_UP_TIM13_IRQHandler                 0x0800029f   Thumb Code     0  startup_stm32f427xx.o(.text)
    UART4_IRQHandler                         0x0800029f   Thumb Code     0  startup_stm32f427xx.o(.text)
    UART5_IRQHandler                         0x0800029f   Thumb Code     0  startup_stm32f427xx.o(.text)
    UART7_IRQHandler                         0x0800029f   Thumb Code     0  startup_stm32f427xx.o(.text)
    UART8_IRQHandler                         0x0800029f   Thumb Code     0  startup_stm32f427xx.o(.text)
    USART1_IRQHandler                        0x0800029f   Thumb Code     0  startup_stm32f427xx.o(.text)
    USART2_IRQHandler                        0x0800029f   Thumb Code     0  startup_stm32f427xx.o(.text)
    USART3_IRQHandler                        0x0800029f   Thumb Code     0  startup_stm32f427xx.o(.text)
    USART6_IRQHandler                        0x0800029f   Thumb Code     0  startup_stm32f427xx.o(.text)
    WWDG_IRQHandler                          0x0800029f   Thumb Code     0  startup_stm32f427xx.o(.text)
    __aeabi_uldivmod                         0x080002a9   Thumb Code    98  uldiv.o(.text)
    __aeabi_memcpy                           0x0800030b   Thumb Code    36  memcpya.o(.text)
    __aeabi_memcpy4                          0x0800030b   Thumb Code     0  memcpya.o(.text)
    __aeabi_memcpy8                          0x0800030b   Thumb Code     0  memcpya.o(.text)
    __aeabi_memset                           0x0800032f   Thumb Code    14  memseta.o(.text)
    __aeabi_memset4                          0x0800032f   Thumb Code     0  memseta.o(.text)
    __aeabi_memset8                          0x0800032f   Thumb Code     0  memseta.o(.text)
    __aeabi_memclr                           0x0800033d   Thumb Code     4  memseta.o(.text)
    __aeabi_memclr4                          0x0800033d   Thumb Code     0  memseta.o(.text)
    __aeabi_memclr8                          0x0800033d   Thumb Code     0  memseta.o(.text)
    memset                                   0x08000341   Thumb Code    18  memseta.o(.text)
    __aeabi_llsl                             0x08000353   Thumb Code    30  llshl.o(.text)
    _ll_shift_l                              0x08000353   Thumb Code     0  llshl.o(.text)
    __aeabi_llsr                             0x08000371   Thumb Code    32  llushr.o(.text)
    _ll_ushift_r                             0x08000371   Thumb Code     0  llushr.o(.text)
    __scatterload                            0x08000391   Thumb Code    28  init.o(.text)
    __scatterload_rt2                        0x08000391   Thumb Code     0  init.o(.text)
    __decompress                             0x080003b5   Thumb Code     0  __dczerorl2.o(.text)
    __decompress1                            0x080003b5   Thumb Code    86  __dczerorl2.o(.text)
    BusFault_Handler                         0x0800056d   Thumb Code     4  stm32f4xx_it.o(i.BusFault_Handler)
    DebugMon_Handler                         0x08000571   Thumb Code     2  stm32f4xx_it.o(i.DebugMon_Handler)
    EXTI0_IRQHandler                         0x08000573   Thumb Code    10  stm32f4xx_it.o(i.EXTI0_IRQHandler)
    EXTI2_IRQHandler                         0x0800057d   Thumb Code    10  stm32f4xx_it.o(i.EXTI2_IRQHandler)
    EXTI4_IRQHandler                         0x08000587   Thumb Code    10  stm32f4xx_it.o(i.EXTI4_IRQHandler)
    Error_Handler                            0x08000591   Thumb Code     6  main.o(i.Error_Handler)
    HAL_ADC_ConfigChannel                    0x08000599   Thumb Code   400  stm32f4xx_hal_adc.o(i.HAL_ADC_ConfigChannel)
    HAL_ADC_Init                             0x0800073d   Thumb Code   100  stm32f4xx_hal_adc.o(i.HAL_ADC_Init)
    HAL_ADC_MspInit                          0x080007a5   Thumb Code   114  adc.o(i.HAL_ADC_MspInit)
    HAL_DMA_Abort_IT                         0x08000825   Thumb Code    40  stm32f4xx_hal_dma.o(i.HAL_DMA_Abort_IT)
    HAL_DMA_GetState                         0x0800084d   Thumb Code     8  stm32f4xx_hal_dma.o(i.HAL_DMA_GetState)
    HAL_Delay                                0x08000855   Thumb Code    36  stm32f4xx_hal.o(i.HAL_Delay)
    HAL_GPIO_EXTI_Callback                   0x0800087d   Thumb Code     2  stm32f4xx_hal_gpio.o(i.HAL_GPIO_EXTI_Callback)
    HAL_GPIO_EXTI_IRQHandler                 0x08000881   Thumb Code    24  stm32f4xx_hal_gpio.o(i.HAL_GPIO_EXTI_IRQHandler)
    HAL_GPIO_Init                            0x0800089d   Thumb Code   474  stm32f4xx_hal_gpio.o(i.HAL_GPIO_Init)
    HAL_GPIO_WritePin                        0x08000aad   Thumb Code    12  stm32f4xx_hal_gpio.o(i.HAL_GPIO_WritePin)
    HAL_GetTick                              0x08000ab9   Thumb Code     6  stm32f4xx_hal.o(i.HAL_GetTick)
    HAL_I2CEx_ConfigAnalogFilter             0x08000ac5   Thumb Code    76  stm32f4xx_hal_i2c_ex.o(i.HAL_I2CEx_ConfigAnalogFilter)
    HAL_I2CEx_ConfigDigitalFilter            0x08000b11   Thumb Code    80  stm32f4xx_hal_i2c_ex.o(i.HAL_I2CEx_ConfigDigitalFilter)
    HAL_I2C_AbortCpltCallback                0x08000b61   Thumb Code     2  stm32f4xx_hal_i2c.o(i.HAL_I2C_AbortCpltCallback)
    HAL_I2C_AddrCallback                     0x08000b63   Thumb Code     2  stm32f4xx_hal_i2c.o(i.HAL_I2C_AddrCallback)
    HAL_I2C_ER_IRQHandler                    0x08000b65   Thumb Code   212  stm32f4xx_hal_i2c.o(i.HAL_I2C_ER_IRQHandler)
    HAL_I2C_EV_IRQHandler                    0x08000c39   Thumb Code   474  stm32f4xx_hal_i2c.o(i.HAL_I2C_EV_IRQHandler)
    HAL_I2C_ErrorCallback                    0x08000e13   Thumb Code     2  stm32f4xx_hal_i2c.o(i.HAL_I2C_ErrorCallback)
    HAL_I2C_Init                             0x08000e15   Thumb Code   446  stm32f4xx_hal_i2c.o(i.HAL_I2C_Init)
    HAL_I2C_ListenCpltCallback               0x08000fe5   Thumb Code     2  stm32f4xx_hal_i2c.o(i.HAL_I2C_ListenCpltCallback)
    HAL_I2C_MasterRxCpltCallback             0x08000fe7   Thumb Code     2  stm32f4xx_hal_i2c.o(i.HAL_I2C_MasterRxCpltCallback)
    HAL_I2C_MasterTxCpltCallback             0x08000fe9   Thumb Code     2  stm32f4xx_hal_i2c.o(i.HAL_I2C_MasterTxCpltCallback)
    HAL_I2C_Master_Transmit                  0x08000fed   Thumb Code   360  stm32f4xx_hal_i2c.o(i.HAL_I2C_Master_Transmit)
    HAL_I2C_MemRxCpltCallback                0x0800115d   Thumb Code     2  stm32f4xx_hal_i2c.o(i.HAL_I2C_MemRxCpltCallback)
    HAL_I2C_MemTxCpltCallback                0x0800115f   Thumb Code     2  stm32f4xx_hal_i2c.o(i.HAL_I2C_MemTxCpltCallback)
    HAL_I2C_MspInit                          0x08001161   Thumb Code   154  i2c.o(i.HAL_I2C_MspInit)
    HAL_I2C_SlaveRxCpltCallback              0x08001209   Thumb Code     2  stm32f4xx_hal_i2c.o(i.HAL_I2C_SlaveRxCpltCallback)
    HAL_I2C_SlaveTxCpltCallback              0x0800120b   Thumb Code     2  stm32f4xx_hal_i2c.o(i.HAL_I2C_SlaveTxCpltCallback)
    HAL_IncTick                              0x0800120d   Thumb Code    16  stm32f4xx_hal.o(i.HAL_IncTick)
    HAL_Init                                 0x08001225   Thumb Code    54  stm32f4xx_hal.o(i.HAL_Init)
    HAL_InitTick                             0x08001261   Thumb Code    64  stm32f4xx_hal.o(i.HAL_InitTick)
    HAL_MspInit                              0x080012ad   Thumb Code    78  stm32f4xx_hal_msp.o(i.HAL_MspInit)
    HAL_NVIC_EnableIRQ                       0x08001301   Thumb Code    40  stm32f4xx_hal_cortex.o(i.HAL_NVIC_EnableIRQ)
    HAL_NVIC_SetPriority                     0x08001329   Thumb Code   124  stm32f4xx_hal_cortex.o(i.HAL_NVIC_SetPriority)
    HAL_NVIC_SetPriorityGrouping             0x080013a5   Thumb Code    32  stm32f4xx_hal_cortex.o(i.HAL_NVIC_SetPriorityGrouping)
    HAL_PWREx_EnableOverDrive                0x080013cd   Thumb Code   128  stm32f4xx_hal_pwr_ex.o(i.HAL_PWREx_EnableOverDrive)
    HAL_RCC_ClockConfig                      0x08001459   Thumb Code   368  stm32f4xx_hal_rcc.o(i.HAL_RCC_ClockConfig)
    HAL_RCC_GetHCLKFreq                      0x080015dd   Thumb Code     6  stm32f4xx_hal_rcc.o(i.HAL_RCC_GetHCLKFreq)
    HAL_RCC_GetPCLK1Freq                     0x080015e9   Thumb Code    22  stm32f4xx_hal_rcc.o(i.HAL_RCC_GetPCLK1Freq)
    HAL_RCC_GetPCLK2Freq                     0x08001609   Thumb Code    22  stm32f4xx_hal_rcc.o(i.HAL_RCC_GetPCLK2Freq)
    HAL_RCC_GetSysClockFreq                  0x08001629   Thumb Code   162  stm32f4xx_hal_rcc.o(i.HAL_RCC_GetSysClockFreq)
    HAL_RCC_OscConfig                        0x080016d9   Thumb Code  1172  stm32f4xx_hal_rcc.o(i.HAL_RCC_OscConfig)
    HAL_SYSTICK_Config                       0x08001b75   Thumb Code    52  stm32f4xx_hal_cortex.o(i.HAL_SYSTICK_Config)
    HAL_UART_Init                            0x08001ba9   Thumb Code   118  stm32f4xx_hal_uart.o(i.HAL_UART_Init)
    HAL_UART_MspInit                         0x08001c21   Thumb Code   124  usart.o(i.HAL_UART_MspInit)
    HardFault_Handler                        0x08001ca9   Thumb Code     4  stm32f4xx_it.o(i.HardFault_Handler)
    I2C2_ER_IRQHandler                       0x08001cad   Thumb Code    10  stm32f4xx_it.o(i.I2C2_ER_IRQHandler)
    I2C2_EV_IRQHandler                       0x08001cbd   Thumb Code    10  stm32f4xx_it.o(i.I2C2_EV_IRQHandler)
    MX_ADC3_Init                             0x08002e85   Thumb Code   100  adc.o(i.MX_ADC3_Init)
    MX_FREERTOS_Init                         0x08002ef5   Thumb Code    98  freertos.o(i.MX_FREERTOS_Init)
    MX_GPIO_Init                             0x08002f71   Thumb Code   478  gpio.o(i.MX_GPIO_Init)
    MX_I2C2_Init                             0x0800316d   Thumb Code    80  i2c.o(i.MX_I2C2_Init)
    MX_USART6_UART_Init                      0x080031c9   Thumb Code    46  usart.o(i.MX_USART6_UART_Init)
    MemManage_Handler                        0x08003201   Thumb Code     4  stm32f4xx_it.o(i.MemManage_Handler)
    NMI_Handler                              0x08003205   Thumb Code     4  stm32f4xx_it.o(i.NMI_Handler)
    OLED_Clear                               0x08003209   Thumb Code    64  oled.o(i.OLED_Clear)
    OLED_DrawBMP                             0x08003249   Thumb Code   118  oled.o(i.OLED_DrawBMP)
    OLED_Init                                0x080032bf   Thumb Code   226  oled.o(i.OLED_Init)
    OLED_Set_Pos                             0x080033a1   Thumb Code    40  oled.o(i.OLED_Set_Pos)
    OLED_ShowCHinese                         0x080033c9   Thumb Code    88  oled.o(i.OLED_ShowCHinese)
    OLED_ShowChar                            0x08003425   Thumb Code   154  oled.o(i.OLED_ShowChar)
    OLED_ShowNum                             0x080034c9   Thumb Code   136  oled.o(i.OLED_ShowNum)
    OLED_ShowString                          0x08003551   Thumb Code    58  oled.o(i.OLED_ShowString)
    OLED_WR_Byte                             0x0800358b   Thumb Code    24  oled.o(i.OLED_WR_Byte)
    StartDefaultTask                         0x080035a3   Thumb Code    10  freertos.o(i.StartDefaultTask)
    StartTask02                              0x080035ad   Thumb Code    10  freertos.o(i.StartTask02)
    SysTick_Handler                          0x080035b7   Thumb Code    20  stm32f4xx_it.o(i.SysTick_Handler)
    SystemClock_Config                       0x080035cd   Thumb Code   180  main.o(i.SystemClock_Config)
    SystemInit                               0x08003689   Thumb Code    14  system_stm32f4xx.o(i.SystemInit)
    UsageFault_Handler                       0x080038c9   Thumb Code     4  stm32f4xx_it.o(i.UsageFault_Handler)
    Write_IIC_Command                        0x080038cd   Thumb Code    30  oled.o(i.Write_IIC_Command)
    Write_IIC_Data                           0x080038f1   Thumb Code    34  oled.o(i.Write_IIC_Data)
    __scatterload_copy                       0x08003955   Thumb Code    14  handlers.o(i.__scatterload_copy)
    __scatterload_null                       0x08003963   Thumb Code     2  handlers.o(i.__scatterload_null)
    __scatterload_zeroinit                   0x08003965   Thumb Code    14  handlers.o(i.__scatterload_zeroinit)
    main                                     0x08003973   Thumb Code    36  main.o(i.main)
    oled_pow                                 0x080039a5   Thumb Code    22  oled.o(i.oled_pow)
    oled_task                                0x080039bd   Thumb Code   322  oledtask.o(i.oled_task)
    osDelay                                  0x08003b31   Thumb Code    24  cmsis_os.o(i.osDelay)
    osKernelStart                            0x08003b49   Thumb Code    10  cmsis_os.o(i.osKernelStart)
    osMutexCreate                            0x08003b53   Thumb Code    26  cmsis_os.o(i.osMutexCreate)
    osThreadCreate                           0x08003b6d   Thumb Code    94  cmsis_os.o(i.osThreadCreate)
    pvPortMalloc                             0x080041b1   Thumb Code   306  heap_4.o(i.pvPortMalloc)
    pxPortInitialiseStack                    0x080042fd   Thumb Code    38  port.o(i.pxPortInitialiseStack)
    uxListRemove                             0x08004329   Thumb Code    40  list.o(i.uxListRemove)
    vApplicationGetIdleTaskMemory            0x08004351   Thumb Code    14  freertos.o(i.vApplicationGetIdleTaskMemory)
    vListInitialise                          0x08004369   Thumb Code    26  list.o(i.vListInitialise)
    vListInitialiseItem                      0x08004383   Thumb Code     6  list.o(i.vListInitialiseItem)
    vListInsert                              0x08004389   Thumb Code    52  list.o(i.vListInsert)
    vListInsertEnd                           0x080043bd   Thumb Code    24  list.o(i.vListInsertEnd)
    vPortEnterCritical                       0x080043d5   Thumb Code    76  port.o(i.vPortEnterCritical)
    vPortExitCritical                        0x08004429   Thumb Code    56  port.o(i.vPortExitCritical)
    vPortFree                                0x08004465   Thumb Code   150  heap_4.o(i.vPortFree)
    vPortSetupTimerInterrupt                 0x08004509   Thumb Code    36  port.o(i.vPortSetupTimerInterrupt)
    vTaskDelay                               0x08004531   Thumb Code    82  tasks.o(i.vTaskDelay)
    vTaskInternalSetTimeOutState             0x0800458d   Thumb Code    14  tasks.o(i.vTaskInternalSetTimeOutState)
    vTaskMissedYield                         0x080045a5   Thumb Code     8  tasks.o(i.vTaskMissedYield)
    vTaskPlaceOnEventList                    0x080045b1   Thumb Code    52  tasks.o(i.vTaskPlaceOnEventList)
    vTaskStartScheduler                      0x080045e9   Thumb Code   146  tasks.o(i.vTaskStartScheduler)
    vTaskSuspendAll                          0x08004699   Thumb Code    12  tasks.o(i.vTaskSuspendAll)
    vTaskSwitchContext                       0x080046a9   Thumb Code   118  tasks.o(i.vTaskSwitchContext)
    xPortStartScheduler                      0x08004735   Thumb Code   330  port.o(i.xPortStartScheduler)
    xPortSysTickHandler                      0x0800489d   Thumb Code    46  port.o(i.xPortSysTickHandler)
    xQueueCreateMutex                        0x080048d1   Thumb Code    34  queue.o(i.xQueueCreateMutex)
    xQueueCreateMutexStatic                  0x080048f3   Thumb Code    42  queue.o(i.xQueueCreateMutexStatic)
    xQueueGenericCreate                      0x0800491d   Thumb Code    90  queue.o(i.xQueueGenericCreate)
    xQueueGenericCreateStatic                0x08004977   Thumb Code   224  queue.o(i.xQueueGenericCreateStatic)
    xQueueGenericReset                       0x08004a59   Thumb Code   146  queue.o(i.xQueueGenericReset)
    xQueueGenericSend                        0x08004af1   Thumb Code   420  queue.o(i.xQueueGenericSend)
    xTaskCheckForTimeOut                     0x08004c99   Thumb Code   132  tasks.o(i.xTaskCheckForTimeOut)
    xTaskCreate                              0x08004d25   Thumb Code   100  tasks.o(i.xTaskCreate)
    xTaskCreateStatic                        0x08004d89   Thumb Code   186  tasks.o(i.xTaskCreateStatic)
    xTaskGetSchedulerState                   0x08004e45   Thumb Code    24  tasks.o(i.xTaskGetSchedulerState)
    xTaskIncrementTick                       0x08004e65   Thumb Code   282  tasks.o(i.xTaskIncrementTick)
    xTaskPriorityDisinherit                  0x08004fad   Thumb Code   188  tasks.o(i.xTaskPriorityDisinherit)
    xTaskRemoveFromEventList                 0x08005075   Thumb Code   128  tasks.o(i.xTaskRemoveFromEventList)
    xTaskResumeAll                           0x0800510d   Thumb Code   224  tasks.o(i.xTaskResumeAll)
    os_mutex_def_i2cMutex                    0x08005210   Data           8  freertos.o(.constdata)
    AHBPrescTable                            0x0800526c   Data          16  system_stm32f4xx.o(.constdata)
    APBPrescTable                            0x0800527c   Data           8  system_stm32f4xx.o(.constdata)
    F6x8                                     0x08005284   Data         552  oled.o(.constdata)
    F8X16                                    0x080054ac   Data        1520  oled.o(.constdata)
    Region$$Table$$Base                      0x08005ac0   Number         0  anon$$obj.o(Region$$Table)
    Region$$Table$$Limit                     0x08005ae0   Number         0  anon$$obj.o(Region$$Table)
    oledTaskHandle                           0x20000000   Data           4  freertos.o(.data)
    i2cMutexHandle                           0x20000004   Data           4  freertos.o(.data)
    defaultTaskHandle                        0x20000008   Data           4  freertos.o(.data)
    myTask02Handle                           0x2000000c   Data           4  freertos.o(.data)
    uwTick                                   0x20000010   Data           4  stm32f4xx_hal.o(.data)
    uwTickPrio                               0x20000014   Data           4  stm32f4xx_hal.o(.data)
    uwTickFreq                               0x20000018   Data           1  stm32f4xx_hal.o(.data)
    SystemCoreClock                          0x2000001c   Data           4  system_stm32f4xx.o(.data)
    BMP1                                     0x20000020   Data        1024  oledtask.o(.data)
    BMP2                                     0x20000420   Data        1024  oledtask.o(.data)
    BMP3                                     0x20000820   Data        1024  oledtask.o(.data)
    BMP4                                     0x20000c20   Data        1024  oledtask.o(.data)
    t                                        0x20001020   Data           1  oledtask.o(.data)
    Hzk                                      0x20001021   Data         384  oled.o(.data)
    pxCurrentTCB                             0x200011a4   Data           4  tasks.o(.data)
    hadc3                                    0x20001460   Data          72  adc.o(.bss)
    hi2c2                                    0x200014a8   Data          84  i2c.o(.bss)
    huart6                                   0x200014fc   Data          72  usart.o(.bss)
    __initial_sp                             0x20005638   Data           0  startup_stm32f427xx.o(STACK)



==============================================================================

Memory Map of the image

  Image Entry point : 0x080001ad

  Load Region LR_IROM1 (Base: 0x08000000, Size: 0x00006cec, Max: 0x00200000, ABSOLUTE, COMPRESSED[0x00005ffc])

    Execution Region ER_IROM1 (Exec base: 0x08000000, Load base: 0x08000000, Size: 0x00005ae0, Max: 0x00200000, ABSOLUTE)

    Exec Addr    Load Addr    Size         Type   Attr      Idx    E Section Name        Object

    0x08000000   0x08000000   0x000001ac   Data   RO            3    RESET               startup_stm32f427xx.o
    0x080001ac   0x080001ac   0x00000000   Code   RO         4537  * .ARM.Collect$$$$00000000  mc_w.l(entry.o)
    0x080001ac   0x080001ac   0x00000004   Code   RO         4550    .ARM.Collect$$$$00000001  mc_w.l(entry2.o)
    0x080001b0   0x080001b0   0x00000004   Code   RO         4553    .ARM.Collect$$$$00000004  mc_w.l(entry5.o)
    0x080001b4   0x080001b4   0x00000000   Code   RO         4555    .ARM.Collect$$$$00000008  mc_w.l(entry7b.o)
    0x080001b4   0x080001b4   0x00000000   Code   RO         4557    .ARM.Collect$$$$0000000A  mc_w.l(entry8b.o)
    0x080001b4   0x080001b4   0x00000008   Code   RO         4558    .ARM.Collect$$$$0000000B  mc_w.l(entry9a.o)
    0x080001bc   0x080001bc   0x00000004   Code   RO         4565    .ARM.Collect$$$$0000000E  mc_w.l(entry12b.o)
    0x080001c0   0x080001c0   0x00000000   Code   RO         4560    .ARM.Collect$$$$0000000F  mc_w.l(entry10a.o)
    0x080001c0   0x080001c0   0x00000000   Code   RO         4562    .ARM.Collect$$$$00000011  mc_w.l(entry11a.o)
    0x080001c0   0x080001c0   0x00000004   Code   RO         4551    .ARM.Collect$$$$00002712  mc_w.l(entry2.o)
    0x080001c4   0x080001c4   0x000000be   Code   RO         4460    .emb_text           port.o
    0x08000282   0x08000282   0x00000002   PAD
    0x08000284   0x08000284   0x00000024   Code   RO            4    .text               startup_stm32f427xx.o
    0x080002a8   0x080002a8   0x00000062   Code   RO         4540    .text               mc_w.l(uldiv.o)
    0x0800030a   0x0800030a   0x00000024   Code   RO         4542    .text               mc_w.l(memcpya.o)
    0x0800032e   0x0800032e   0x00000024   Code   RO         4546    .text               mc_w.l(memseta.o)
    0x08000352   0x08000352   0x0000001e   Code   RO         4566    .text               mc_w.l(llshl.o)
    0x08000370   0x08000370   0x00000020   Code   RO         4568    .text               mc_w.l(llushr.o)
    0x08000390   0x08000390   0x00000024   Code   RO         4570    .text               mc_w.l(init.o)
    0x080003b4   0x080003b4   0x00000056   Code   RO         4580    .text               mc_w.l(__dczerorl2.o)
    0x0800040a   0x0800040a   0x00000002   PAD
    0x0800040c   0x0800040c   0x00000160   Code   RO          539    i.ADC_Init          stm32f4xx_hal_adc.o
    0x0800056c   0x0800056c   0x00000004   Code   RO          418    i.BusFault_Handler  stm32f4xx_it.o
    0x08000570   0x08000570   0x00000002   Code   RO          419    i.DebugMon_Handler  stm32f4xx_it.o
    0x08000572   0x08000572   0x0000000a   Code   RO          420    i.EXTI0_IRQHandler  stm32f4xx_it.o
    0x0800057c   0x0800057c   0x0000000a   Code   RO          421    i.EXTI2_IRQHandler  stm32f4xx_it.o
    0x08000586   0x08000586   0x0000000a   Code   RO          422    i.EXTI4_IRQHandler  stm32f4xx_it.o
    0x08000590   0x08000590   0x00000006   Code   RO           13    i.Error_Handler     main.o
    0x08000596   0x08000596   0x00000002   PAD
    0x08000598   0x08000598   0x000001a4   Code   RO          541    i.HAL_ADC_ConfigChannel  stm32f4xx_hal_adc.o
    0x0800073c   0x0800073c   0x00000068   Code   RO          550    i.HAL_ADC_Init      stm32f4xx_hal_adc.o
    0x080007a4   0x080007a4   0x00000080   Code   RO          293    i.HAL_ADC_MspInit   adc.o
    0x08000824   0x08000824   0x00000028   Code   RO         1379    i.HAL_DMA_Abort_IT  stm32f4xx_hal_dma.o
    0x0800084c   0x0800084c   0x00000008   Code   RO         1382    i.HAL_DMA_GetState  stm32f4xx_hal_dma.o
    0x08000854   0x08000854   0x00000028   Code   RO         1838    i.HAL_Delay         stm32f4xx_hal.o
    0x0800087c   0x0800087c   0x00000002   Code   RO         1269    i.HAL_GPIO_EXTI_Callback  stm32f4xx_hal_gpio.o
    0x0800087e   0x0800087e   0x00000002   PAD
    0x08000880   0x08000880   0x0000001c   Code   RO         1270    i.HAL_GPIO_EXTI_IRQHandler  stm32f4xx_hal_gpio.o
    0x0800089c   0x0800089c   0x00000210   Code   RO         1271    i.HAL_GPIO_Init     stm32f4xx_hal_gpio.o
    0x08000aac   0x08000aac   0x0000000c   Code   RO         1275    i.HAL_GPIO_WritePin  stm32f4xx_hal_gpio.o
    0x08000ab8   0x08000ab8   0x0000000c   Code   RO         1846    i.HAL_GetTick       stm32f4xx_hal.o
    0x08000ac4   0x08000ac4   0x0000004c   Code   RO         2578    i.HAL_I2CEx_ConfigAnalogFilter  stm32f4xx_hal_i2c_ex.o
    0x08000b10   0x08000b10   0x00000050   Code   RO         2579    i.HAL_I2CEx_ConfigDigitalFilter  stm32f4xx_hal_i2c_ex.o
    0x08000b60   0x08000b60   0x00000002   Code   RO         2101    i.HAL_I2C_AbortCpltCallback  stm32f4xx_hal_i2c.o
    0x08000b62   0x08000b62   0x00000002   Code   RO         2102    i.HAL_I2C_AddrCallback  stm32f4xx_hal_i2c.o
    0x08000b64   0x08000b64   0x000000d4   Code   RO         2105    i.HAL_I2C_ER_IRQHandler  stm32f4xx_hal_i2c.o
    0x08000c38   0x08000c38   0x000001da   Code   RO         2106    i.HAL_I2C_EV_IRQHandler  stm32f4xx_hal_i2c.o
    0x08000e12   0x08000e12   0x00000002   Code   RO         2108    i.HAL_I2C_ErrorCallback  stm32f4xx_hal_i2c.o
    0x08000e14   0x08000e14   0x000001d0   Code   RO         2112    i.HAL_I2C_Init      stm32f4xx_hal_i2c.o
    0x08000fe4   0x08000fe4   0x00000002   Code   RO         2114    i.HAL_I2C_ListenCpltCallback  stm32f4xx_hal_i2c.o
    0x08000fe6   0x08000fe6   0x00000002   Code   RO         2115    i.HAL_I2C_MasterRxCpltCallback  stm32f4xx_hal_i2c.o
    0x08000fe8   0x08000fe8   0x00000002   Code   RO         2116    i.HAL_I2C_MasterTxCpltCallback  stm32f4xx_hal_i2c.o
    0x08000fea   0x08000fea   0x00000002   PAD
    0x08000fec   0x08000fec   0x00000170   Code   RO         2125    i.HAL_I2C_Master_Transmit  stm32f4xx_hal_i2c.o
    0x0800115c   0x0800115c   0x00000002   Code   RO         2128    i.HAL_I2C_MemRxCpltCallback  stm32f4xx_hal_i2c.o
    0x0800115e   0x0800115e   0x00000002   Code   RO         2129    i.HAL_I2C_MemTxCpltCallback  stm32f4xx_hal_i2c.o
    0x08001160   0x08001160   0x000000a8   Code   RO          335    i.HAL_I2C_MspInit   i2c.o
    0x08001208   0x08001208   0x00000002   Code   RO         2138    i.HAL_I2C_SlaveRxCpltCallback  stm32f4xx_hal_i2c.o
    0x0800120a   0x0800120a   0x00000002   Code   RO         2139    i.HAL_I2C_SlaveTxCpltCallback  stm32f4xx_hal_i2c.o
    0x0800120c   0x0800120c   0x00000018   Code   RO         1852    i.HAL_IncTick       stm32f4xx_hal.o
    0x08001224   0x08001224   0x0000003c   Code   RO         1853    i.HAL_Init          stm32f4xx_hal.o
    0x08001260   0x08001260   0x0000004c   Code   RO         1854    i.HAL_InitTick      stm32f4xx_hal.o
    0x080012ac   0x080012ac   0x00000054   Code   RO          512    i.HAL_MspInit       stm32f4xx_hal_msp.o
    0x08001300   0x08001300   0x00000028   Code   RO         1681    i.HAL_NVIC_EnableIRQ  stm32f4xx_hal_cortex.o
    0x08001328   0x08001328   0x0000007c   Code   RO         1687    i.HAL_NVIC_SetPriority  stm32f4xx_hal_cortex.o
    0x080013a4   0x080013a4   0x00000028   Code   RO         1688    i.HAL_NVIC_SetPriorityGrouping  stm32f4xx_hal_cortex.o
    0x080013cc   0x080013cc   0x0000008c   Code   RO         1607    i.HAL_PWREx_EnableOverDrive  stm32f4xx_hal_pwr_ex.o
    0x08001458   0x08001458   0x00000184   Code   RO          815    i.HAL_RCC_ClockConfig  stm32f4xx_hal_rcc.o
    0x080015dc   0x080015dc   0x0000000c   Code   RO          820    i.HAL_RCC_GetHCLKFreq  stm32f4xx_hal_rcc.o
    0x080015e8   0x080015e8   0x00000020   Code   RO          822    i.HAL_RCC_GetPCLK1Freq  stm32f4xx_hal_rcc.o
    0x08001608   0x08001608   0x00000020   Code   RO          823    i.HAL_RCC_GetPCLK2Freq  stm32f4xx_hal_rcc.o
    0x08001628   0x08001628   0x000000b0   Code   RO          824    i.HAL_RCC_GetSysClockFreq  stm32f4xx_hal_rcc.o
    0x080016d8   0x080016d8   0x0000049c   Code   RO          827    i.HAL_RCC_OscConfig  stm32f4xx_hal_rcc.o
    0x08001b74   0x08001b74   0x00000034   Code   RO         1692    i.HAL_SYSTICK_Config  stm32f4xx_hal_cortex.o
    0x08001ba8   0x08001ba8   0x00000076   Code   RO         2638    i.HAL_UART_Init     stm32f4xx_hal_uart.o
    0x08001c1e   0x08001c1e   0x00000002   PAD
    0x08001c20   0x08001c20   0x00000088   Code   RO          377    i.HAL_UART_MspInit  usart.o
    0x08001ca8   0x08001ca8   0x00000004   Code   RO          423    i.HardFault_Handler  stm32f4xx_it.o
    0x08001cac   0x08001cac   0x00000010   Code   RO          424    i.I2C2_ER_IRQHandler  stm32f4xx_it.o
    0x08001cbc   0x08001cbc   0x00000010   Code   RO          425    i.I2C2_EV_IRQHandler  stm32f4xx_it.o
    0x08001ccc   0x08001ccc   0x0000001c   Code   RO         2150    i.I2C_ConvertOtherXferOptions  stm32f4xx_hal_i2c.o
    0x08001ce8   0x08001ce8   0x000000f8   Code   RO         2151    i.I2C_DMAAbort      stm32f4xx_hal_i2c.o
    0x08001de0   0x08001de0   0x00000012   Code   RO         2154    i.I2C_Flush_DR      stm32f4xx_hal_i2c.o
    0x08001df2   0x08001df2   0x00000002   PAD
    0x08001df4   0x08001df4   0x000001ac   Code   RO         2155    i.I2C_ITError       stm32f4xx_hal_i2c.o
    0x08001fa0   0x08001fa0   0x0000003e   Code   RO         2156    i.I2C_IsAcknowledgeFailed  stm32f4xx_hal_i2c.o
    0x08001fde   0x08001fde   0x00000134   Code   RO         2157    i.I2C_MasterReceive_BTF  stm32f4xx_hal_i2c.o
    0x08002112   0x08002112   0x00000104   Code   RO         2158    i.I2C_MasterReceive_RXNE  stm32f4xx_hal_i2c.o
    0x08002216   0x08002216   0x00000002   PAD
    0x08002218   0x08002218   0x000000c0   Code   RO         2160    i.I2C_MasterRequestWrite  stm32f4xx_hal_i2c.o
    0x080022d8   0x080022d8   0x000000a0   Code   RO         2161    i.I2C_MasterTransmit_BTF  stm32f4xx_hal_i2c.o
    0x08002378   0x08002378   0x000000d8   Code   RO         2162    i.I2C_MasterTransmit_TXE  stm32f4xx_hal_i2c.o
    0x08002450   0x08002450   0x0000002a   Code   RO         2163    i.I2C_Master_ADD10  stm32f4xx_hal_i2c.o
    0x0800247a   0x0800247a   0x00000268   Code   RO         2164    i.I2C_Master_ADDR   stm32f4xx_hal_i2c.o
    0x080026e2   0x080026e2   0x0000009e   Code   RO         2165    i.I2C_Master_SB     stm32f4xx_hal_i2c.o
    0x08002780   0x08002780   0x000000c6   Code   RO         2166    i.I2C_MemoryTransmit_TXE_BTF  stm32f4xx_hal_i2c.o
    0x08002846   0x08002846   0x0000001a   Code   RO         2169    i.I2C_SlaveReceive_BTF  stm32f4xx_hal_i2c.o
    0x08002860   0x08002860   0x00000046   Code   RO         2170    i.I2C_SlaveReceive_RXNE  stm32f4xx_hal_i2c.o
    0x080028a6   0x080028a6   0x0000001a   Code   RO         2171    i.I2C_SlaveTransmit_BTF  stm32f4xx_hal_i2c.o
    0x080028c0   0x080028c0   0x00000046   Code   RO         2172    i.I2C_SlaveTransmit_TXE  stm32f4xx_hal_i2c.o
    0x08002906   0x08002906   0x00000070   Code   RO         2173    i.I2C_Slave_ADDR    stm32f4xx_hal_i2c.o
    0x08002976   0x08002976   0x00000002   PAD
    0x08002978   0x08002978   0x000000a8   Code   RO         2174    i.I2C_Slave_AF      stm32f4xx_hal_i2c.o
    0x08002a20   0x08002a20   0x0000018c   Code   RO         2175    i.I2C_Slave_STOPF   stm32f4xx_hal_i2c.o
    0x08002bac   0x08002bac   0x00000066   Code   RO         2176    i.I2C_WaitOnBTFFlagUntilTimeout  stm32f4xx_hal_i2c.o
    0x08002c12   0x08002c12   0x000000be   Code   RO         2177    i.I2C_WaitOnFlagUntilTimeout  stm32f4xx_hal_i2c.o
    0x08002cd0   0x08002cd0   0x000000fa   Code   RO         2178    i.I2C_WaitOnMasterAddressFlagUntilTimeout  stm32f4xx_hal_i2c.o
    0x08002dca   0x08002dca   0x00000002   PAD
    0x08002dcc   0x08002dcc   0x00000050   Code   RO         2181    i.I2C_WaitOnSTOPRequestThroughIT  stm32f4xx_hal_i2c.o
    0x08002e1c   0x08002e1c   0x00000066   Code   RO         2182    i.I2C_WaitOnTXEFlagUntilTimeout  stm32f4xx_hal_i2c.o
    0x08002e82   0x08002e82   0x00000002   PAD
    0x08002e84   0x08002e84   0x00000070   Code   RO          294    i.MX_ADC3_Init      adc.o
    0x08002ef4   0x08002ef4   0x0000007c   Code   RO          236    i.MX_FREERTOS_Init  freertos.o
    0x08002f70   0x08002f70   0x000001fc   Code   RO          212    i.MX_GPIO_Init      gpio.o
    0x0800316c   0x0800316c   0x0000005c   Code   RO          336    i.MX_I2C2_Init      i2c.o
    0x080031c8   0x080031c8   0x00000038   Code   RO          378    i.MX_USART6_UART_Init  usart.o
    0x08003200   0x08003200   0x00000004   Code   RO          426    i.MemManage_Handler  stm32f4xx_it.o
    0x08003204   0x08003204   0x00000004   Code   RO          427    i.NMI_Handler       stm32f4xx_it.o
    0x08003208   0x08003208   0x00000040   Code   RO         3094    i.OLED_Clear        oled.o
    0x08003248   0x08003248   0x00000076   Code   RO         3097    i.OLED_DrawBMP      oled.o
    0x080032be   0x080032be   0x000000e2   Code   RO         3098    i.OLED_Init         oled.o
    0x080033a0   0x080033a0   0x00000028   Code   RO         3100    i.OLED_Set_Pos      oled.o
    0x080033c8   0x080033c8   0x0000005c   Code   RO         3101    i.OLED_ShowCHinese  oled.o
    0x08003424   0x08003424   0x000000a4   Code   RO         3102    i.OLED_ShowChar     oled.o
    0x080034c8   0x080034c8   0x00000088   Code   RO         3103    i.OLED_ShowNum      oled.o
    0x08003550   0x08003550   0x0000003a   Code   RO         3104    i.OLED_ShowString   oled.o
    0x0800358a   0x0800358a   0x00000018   Code   RO         3105    i.OLED_WR_Byte      oled.o
    0x080035a2   0x080035a2   0x0000000a   Code   RO          237    i.StartDefaultTask  freertos.o
    0x080035ac   0x080035ac   0x0000000a   Code   RO          238    i.StartTask02       freertos.o
    0x080035b6   0x080035b6   0x00000014   Code   RO          428    i.SysTick_Handler   stm32f4xx_it.o
    0x080035ca   0x080035ca   0x00000002   PAD
    0x080035cc   0x080035cc   0x000000bc   Code   RO           14    i.SystemClock_Config  main.o
    0x08003688   0x08003688   0x00000014   Code   RO         2982    i.SystemInit        system_stm32f4xx.o
    0x0800369c   0x0800369c   0x0000022c   Code   RO         2665    i.UART_SetConfig    stm32f4xx_hal_uart.o
    0x080038c8   0x080038c8   0x00000004   Code   RO          429    i.UsageFault_Handler  stm32f4xx_it.o
    0x080038cc   0x080038cc   0x00000024   Code   RO         3106    i.Write_IIC_Command  oled.o
    0x080038f0   0x080038f0   0x0000002c   Code   RO         3107    i.Write_IIC_Data    oled.o
    0x0800391c   0x0800391c   0x00000010   Code   RO         1694    i.__NVIC_GetPriorityGrouping  stm32f4xx_hal_cortex.o
    0x0800392c   0x0800392c   0x00000028   Code   RO         1695    i.__NVIC_SetPriority  stm32f4xx_hal_cortex.o
    0x08003954   0x08003954   0x0000000e   Code   RO         4574    i.__scatterload_copy  mc_w.l(handlers.o)
    0x08003962   0x08003962   0x00000002   Code   RO         4575    i.__scatterload_null  mc_w.l(handlers.o)
    0x08003964   0x08003964   0x0000000e   Code   RO         4576    i.__scatterload_zeroinit  mc_w.l(handlers.o)
    0x08003972   0x08003972   0x00000024   Code   RO           15    i.main              main.o
    0x08003996   0x08003996   0x0000000e   Code   RO         4026    i.makeFreeRtosPriority  cmsis_os.o
    0x080039a4   0x080039a4   0x00000016   Code   RO         3109    i.oled_pow          oled.o
    0x080039ba   0x080039ba   0x00000002   PAD
    0x080039bc   0x080039bc   0x00000174   Code   RO         3049    i.oled_task         oledtask.o
    0x08003b30   0x08003b30   0x00000018   Code   RO         4028    i.osDelay           cmsis_os.o
    0x08003b48   0x08003b48   0x0000000a   Code   RO         4031    i.osKernelStart     cmsis_os.o
    0x08003b52   0x08003b52   0x0000001a   Code   RO         4046    i.osMutexCreate     cmsis_os.o
    0x08003b6c   0x08003b6c   0x0000005e   Code   RO         4065    i.osThreadCreate    cmsis_os.o
    0x08003bca   0x08003bca   0x00000002   PAD
    0x08003bcc   0x08003bcc   0x00000098   Code   RO         3697    i.prvAddCurrentTaskToDelayedList  tasks.o
    0x08003c64   0x08003c64   0x000000b4   Code   RO         3698    i.prvAddNewTaskToReadyList  tasks.o
    0x08003d18   0x08003d18   0x00000048   Code   RO         3699    i.prvCheckTasksWaitingTermination  tasks.o
    0x08003d60   0x08003d60   0x0000007e   Code   RO         3364    i.prvCopyDataToQueue  queue.o
    0x08003dde   0x08003dde   0x00000050   Code   RO         3700    i.prvDeleteTCB      tasks.o
    0x08003e2e   0x08003e2e   0x00000002   PAD
    0x08003e30   0x08003e30   0x0000007c   Code   RO         4393    i.prvHeapInit       heap_4.o
    0x08003eac   0x08003eac   0x00000028   Code   RO         3701    i.prvIdleTask       tasks.o
    0x08003ed4   0x08003ed4   0x0000001e   Code   RO         3366    i.prvInitialiseMutex  queue.o
    0x08003ef2   0x08003ef2   0x00000026   Code   RO         3367    i.prvInitialiseNewQueue  queue.o
    0x08003f18   0x08003f18   0x000000b4   Code   RO         3702    i.prvInitialiseNewTask  tasks.o
    0x08003fcc   0x08003fcc   0x00000068   Code   RO         3703    i.prvInitialiseTaskLists  tasks.o
    0x08004034   0x08004034   0x00000068   Code   RO         4394    i.prvInsertBlockIntoFreeList  heap_4.o
    0x0800409c   0x0800409c   0x0000001e   Code   RO         3369    i.prvIsQueueFull    queue.o
    0x080040ba   0x080040ba   0x00000002   PAD
    0x080040bc   0x080040bc   0x00000034   Code   RO         3704    i.prvResetNextTaskUnblockTime  tasks.o
    0x080040f0   0x080040f0   0x00000040   Code   RO         4461    i.prvTaskExitError  port.o
    0x08004130   0x08004130   0x0000007e   Code   RO         3370    i.prvUnlockQueue    queue.o
    0x080041ae   0x080041ae   0x00000002   PAD
    0x080041b0   0x080041b0   0x0000014c   Code   RO         4395    i.pvPortMalloc      heap_4.o
    0x080042fc   0x080042fc   0x0000002c   Code   RO         4462    i.pxPortInitialiseStack  port.o
    0x08004328   0x08004328   0x00000028   Code   RO         3323    i.uxListRemove      list.o
    0x08004350   0x08004350   0x00000018   Code   RO          239    i.vApplicationGetIdleTaskMemory  freertos.o
    0x08004368   0x08004368   0x0000001a   Code   RO         3324    i.vListInitialise   list.o
    0x08004382   0x08004382   0x00000006   Code   RO         3325    i.vListInitialiseItem  list.o
    0x08004388   0x08004388   0x00000034   Code   RO         3326    i.vListInsert       list.o
    0x080043bc   0x080043bc   0x00000018   Code   RO         3327    i.vListInsertEnd    list.o
    0x080043d4   0x080043d4   0x00000054   Code   RO         4464    i.vPortEnterCritical  port.o
    0x08004428   0x08004428   0x0000003c   Code   RO         4465    i.vPortExitCritical  port.o
    0x08004464   0x08004464   0x000000a4   Code   RO         4396    i.vPortFree         heap_4.o
    0x08004508   0x08004508   0x00000028   Code   RO         4466    i.vPortSetupTimerInterrupt  port.o
    0x08004530   0x08004530   0x0000005c   Code   RO         3713    i.vTaskDelay        tasks.o
    0x0800458c   0x0800458c   0x00000018   Code   RO         3716    i.vTaskInternalSetTimeOutState  tasks.o
    0x080045a4   0x080045a4   0x0000000c   Code   RO         3717    i.vTaskMissedYield  tasks.o
    0x080045b0   0x080045b0   0x00000038   Code   RO         3719    i.vTaskPlaceOnEventList  tasks.o
    0x080045e8   0x080045e8   0x000000b0   Code   RO         3726    i.vTaskStartScheduler  tasks.o
    0x08004698   0x08004698   0x00000010   Code   RO         3728    i.vTaskSuspendAll   tasks.o
    0x080046a8   0x080046a8   0x0000008c   Code   RO         3729    i.vTaskSwitchContext  tasks.o
    0x08004734   0x08004734   0x00000168   Code   RO         4468    i.xPortStartScheduler  port.o
    0x0800489c   0x0800489c   0x00000034   Code   RO         4469    i.xPortSysTickHandler  port.o
    0x080048d0   0x080048d0   0x00000022   Code   RO         3377    i.xQueueCreateMutex  queue.o
    0x080048f2   0x080048f2   0x0000002a   Code   RO         3378    i.xQueueCreateMutexStatic  queue.o
    0x0800491c   0x0800491c   0x0000005a   Code   RO         3379    i.xQueueGenericCreate  queue.o
    0x08004976   0x08004976   0x000000e0   Code   RO         3380    i.xQueueGenericCreateStatic  queue.o
    0x08004a56   0x08004a56   0x00000002   PAD
    0x08004a58   0x08004a58   0x00000098   Code   RO         3381    i.xQueueGenericReset  queue.o
    0x08004af0   0x08004af0   0x000001a8   Code   RO         3382    i.xQueueGenericSend  queue.o
    0x08004c98   0x08004c98   0x0000008c   Code   RO         3731    i.xTaskCheckForTimeOut  tasks.o
    0x08004d24   0x08004d24   0x00000064   Code   RO         3732    i.xTaskCreate       tasks.o
    0x08004d88   0x08004d88   0x000000ba   Code   RO         3733    i.xTaskCreateStatic  tasks.o
    0x08004e42   0x08004e42   0x00000002   PAD
    0x08004e44   0x08004e44   0x00000020   Code   RO         3737    i.xTaskGetSchedulerState  tasks.o
    0x08004e64   0x08004e64   0x00000148   Code   RO         3740    i.xTaskIncrementTick  tasks.o
    0x08004fac   0x08004fac   0x000000c8   Code   RO         3743    i.xTaskPriorityDisinherit  tasks.o
    0x08005074   0x08005074   0x00000098   Code   RO         3745    i.xTaskRemoveFromEventList  tasks.o
    0x0800510c   0x0800510c   0x00000104   Code   RO         3746    i.xTaskResumeAll    tasks.o
    0x08005210   0x08005210   0x0000005c   Data   RO          241    .constdata          freertos.o
    0x0800526c   0x0800526c   0x00000018   Data   RO         2983    .constdata          system_stm32f4xx.o
    0x08005284   0x08005284   0x00000818   Data   RO         3110    .constdata          oled.o
    0x08005a9c   0x08005a9c   0x00000024   Data   RO          242    .conststring        freertos.o
    0x08005ac0   0x08005ac0   0x00000020   Data   RO         4572    Region$$Table       anon$$obj.o


    Execution Region RW_IRAM2 (Exec base: 0x10000000, Load base: 0x08005ffc, Size: 0x00000000, Max: 0x00010000, ABSOLUTE)

    **** No section assigned to this execution region ****


    Execution Region RW_IRAM1 (Exec base: 0x20000000, Load base: 0x08005ae0, Size: 0x00005638, Max: 0x00030000, ABSOLUTE, COMPRESSED[0x0000051c])

    Exec Addr    Load Addr    Size         Type   Attr      Idx    E Section Name        Object

    0x20000000   COMPRESSED   0x00000010   Data   RW          243    .data               freertos.o
    0x20000010   COMPRESSED   0x00000009   Data   RW         1860    .data               stm32f4xx_hal.o
    0x20000019   COMPRESSED   0x00000003   PAD
    0x2000001c   COMPRESSED   0x00000004   Data   RW         2984    .data               system_stm32f4xx.o
    0x20000020   COMPRESSED   0x00001001   Data   RW         3050    .data               oledtask.o
    0x20001021   COMPRESSED   0x00000180   Data   RW         3111    .data               oled.o
    0x200011a1   COMPRESSED   0x00000003   PAD
    0x200011a4   COMPRESSED   0x0000003c   Data   RW         3749    .data               tasks.o
    0x200011e0   COMPRESSED   0x00000020   Data   RW         4402    .data               heap_4.o
    0x20001200   COMPRESSED   0x0000000c   Data   RW         4470    .data               port.o
    0x2000120c        -       0x00000254   Zero   RW          240    .bss                freertos.o
    0x20001460        -       0x00000048   Zero   RW          295    .bss                adc.o
    0x200014a8        -       0x00000054   Zero   RW          337    .bss                i2c.o
    0x200014fc        -       0x00000048   Zero   RW          379    .bss                usart.o
    0x20001544        -       0x000000f0   Zero   RW         3748    .bss                tasks.o
    0x20001634        -       0x00003c00   Zero   RW         4401    .bss                heap_4.o
    0x20005234   COMPRESSED   0x00000004   PAD
    0x20005238        -       0x00000400   Zero   RW            1    STACK               startup_stm32f427xx.o


==============================================================================

Image component sizes


      Code (inc. data)   RO Data    RW Data    ZI Data      Debug   Object Name

       240         26          0          0         72       1745   adc.o
       168          0          0          0          0      23775   cmsis_os.o
         0          0          0          0          0      18556   event_groups.o
       168         36        128         16        596       3323   freertos.o
       508         30          0          0          0       1239   gpio.o
       724         74          0         32      15360       7471   heap_4.o
       260         26          0          0         84       1733   i2c.o
       148          0          0          0          0       3618   list.o
       230          8          0          0          0     764788   main.o
      1024         30       2072        384          0       8839   oled.o
       372         50          0       4097          0       2752   oledtask.o
       894         78          0         12          0      11228   port.o
      1316         10          0          0          0      14457   queue.o
        36          8        428          0       1024        844   startup_stm32f427xx.o
       212         36          0          9          0       9597   stm32f4xx_hal.o
       876         32          0          0          0       2783   stm32f4xx_hal_adc.o
       312         22          0          0          0      34391   stm32f4xx_hal_cortex.o
        48          0          0          0          0       1746   stm32f4xx_hal_dma.o
       570         58          0          0          0       3372   stm32f4xx_hal_gpio.o
      6064         68          0          0          0      31883   stm32f4xx_hal_i2c.o
       156          0          0          0          0       1935   stm32f4xx_hal_i2c_ex.o
        84          6          0          0          0        874   stm32f4xx_hal_msp.o
       140         12          0          0          0       1292   stm32f4xx_hal_pwr_ex.o
      1820         84          0          0          0       5656   stm32f4xx_hal_rcc.o
       674         10          0          0          0       1888   stm32f4xx_hal_uart.o
       104         12          0          0          0       5862   stm32f4xx_it.o
         0          0          0          0          0        412   stream_buffer.o
        20          6         24          4          0       1151   system_stm32f4xx.o
      2774        340          0         60        240      26064   tasks.o
       192         22          0          0         72       1718   usart.o

    ----------------------------------------------------------------------
     20170       1084       2684       4620      17452     994992   Object Totals
         0          0         32          0          0          0   (incl. Generated)
        36          0          0          6          4          0   (incl. Padding)

    ----------------------------------------------------------------------

      Code (inc. data)   RO Data    RW Data    ZI Data      Debug   Library Member Name

        86          0          0          0          0          0   __dczerorl2.o
         0          0          0          0          0          0   entry.o
         0          0          0          0          0          0   entry10a.o
         0          0          0          0          0          0   entry11a.o
         4          0          0          0          0          0   entry12b.o
         8          4          0          0          0          0   entry2.o
         4          0          0          0          0          0   entry5.o
         0          0          0          0          0          0   entry7b.o
         0          0          0          0          0          0   entry8b.o
         8          4          0          0          0          0   entry9a.o
        30          0          0          0          0          0   handlers.o
        36          8          0          0          0         68   init.o
        30          0          0          0          0         68   llshl.o
        32          0          0          0          0         68   llushr.o
        36          0          0          0          0         68   memcpya.o
        36          0          0          0          0        108   memseta.o
        98          0          0          0          0         92   uldiv.o

    ----------------------------------------------------------------------
       410         16          0          0          0        472   Library Totals
         2          0          0          0          0          0   (incl. Padding)

    ----------------------------------------------------------------------

      Code (inc. data)   RO Data    RW Data    ZI Data      Debug   Library Name

       408         16          0          0          0        472   mc_w.l

    ----------------------------------------------------------------------
       410         16          0          0          0        472   Library Totals

    ----------------------------------------------------------------------

==============================================================================


      Code (inc. data)   RO Data    RW Data    ZI Data      Debug   

     20580       1100       2684       4620      17452     979392   Grand Totals
     20580       1100       2684       1308      17452     979392   ELF Image Totals (compressed)
     20580       1100       2684       1308          0          0   ROM Totals

==============================================================================

    Total RO  Size (Code + RO Data)                23264 (  22.72kB)
    Total RW  Size (RW Data + ZI Data)             22072 (  21.55kB)
    Total ROM Size (Code + RO Data + RW Data)      24572 (  24.00kB)

==============================================================================

